Archive member included because of file (symbol)

c:/infineon/tools/dave ide/4.5.0.202105191637/eclipse/arm-gcc-49/bin/../lib/gcc/arm-none-eabi/4.9.3/../../../../arm-none-eabi/lib/armv7e-m/softfp\libm.a(lib_a-s_atan.o)
                              ./DSP_LIB/src/dsp_lib.o (atan)
c:/infineon/tools/dave ide/4.5.0.202105191637/eclipse/arm-gcc-49/bin/../lib/gcc/arm-none-eabi/4.9.3/../../../../arm-none-eabi/lib/armv7e-m/softfp\libm.a(lib_a-s_fabs.o)
                              c:/infineon/tools/dave ide/4.5.0.202105191637/eclipse/arm-gcc-49/bin/../lib/gcc/arm-none-eabi/4.9.3/../../../../arm-none-eabi/lib/armv7e-m/softfp\libm.a(lib_a-s_atan.o) (fabs)
c:/infineon/tools/dave ide/4.5.0.202105191637/eclipse/arm-gcc-49/bin/../lib/gcc/arm-none-eabi/4.9.3/../../../../arm-none-eabi/lib/armv7e-m/softfp\libm.a(lib_a-w_asin.o)
                              ./DSP_LIB/src/dsp_lib.o (asin)
c:/infineon/tools/dave ide/4.5.0.202105191637/eclipse/arm-gcc-49/bin/../lib/gcc/arm-none-eabi/4.9.3/../../../../arm-none-eabi/lib/armv7e-m/softfp\libm.a(lib_a-wf_fmod.o)
                              ./DSP_LIB/src/dsp_lib.o (fmodf)
c:/infineon/tools/dave ide/4.5.0.202105191637/eclipse/arm-gcc-49/bin/../lib/gcc/arm-none-eabi/4.9.3/../../../../arm-none-eabi/lib/armv7e-m/softfp\libm.a(lib_a-wf_log.o)
                              ./BSP/Position2Go/src/position2go_bsp.o (logf)
c:/infineon/tools/dave ide/4.5.0.202105191637/eclipse/arm-gcc-49/bin/../lib/gcc/arm-none-eabi/4.9.3/../../../../arm-none-eabi/lib/armv7e-m/softfp\libm.a(lib_a-wf_sqrt.o)
                              ./Dave/Generated/CMSIS_DSP/StatisticsFunctions/arm_rms_f32.o (sqrtf)
c:/infineon/tools/dave ide/4.5.0.202105191637/eclipse/arm-gcc-49/bin/../lib/gcc/arm-none-eabi/4.9.3/../../../../arm-none-eabi/lib/armv7e-m/softfp\libm.a(lib_a-e_asin.o)
                              c:/infineon/tools/dave ide/4.5.0.202105191637/eclipse/arm-gcc-49/bin/../lib/gcc/arm-none-eabi/4.9.3/../../../../arm-none-eabi/lib/armv7e-m/softfp\libm.a(lib_a-w_asin.o) (__ieee754_asin)
c:/infineon/tools/dave ide/4.5.0.202105191637/eclipse/arm-gcc-49/bin/../lib/gcc/arm-none-eabi/4.9.3/../../../../arm-none-eabi/lib/armv7e-m/softfp\libm.a(lib_a-e_sqrt.o)
                              c:/infineon/tools/dave ide/4.5.0.202105191637/eclipse/arm-gcc-49/bin/../lib/gcc/arm-none-eabi/4.9.3/../../../../arm-none-eabi/lib/armv7e-m/softfp\libm.a(lib_a-e_asin.o) (__ieee754_sqrt)
c:/infineon/tools/dave ide/4.5.0.202105191637/eclipse/arm-gcc-49/bin/../lib/gcc/arm-none-eabi/4.9.3/../../../../arm-none-eabi/lib/armv7e-m/softfp\libm.a(lib_a-ef_fmod.o)
                              c:/infineon/tools/dave ide/4.5.0.202105191637/eclipse/arm-gcc-49/bin/../lib/gcc/arm-none-eabi/4.9.3/../../../../arm-none-eabi/lib/armv7e-m/softfp\libm.a(lib_a-wf_fmod.o) (__ieee754_fmodf)
c:/infineon/tools/dave ide/4.5.0.202105191637/eclipse/arm-gcc-49/bin/../lib/gcc/arm-none-eabi/4.9.3/../../../../arm-none-eabi/lib/armv7e-m/softfp\libm.a(lib_a-ef_log.o)
                              c:/infineon/tools/dave ide/4.5.0.202105191637/eclipse/arm-gcc-49/bin/../lib/gcc/arm-none-eabi/4.9.3/../../../../arm-none-eabi/lib/armv7e-m/softfp\libm.a(lib_a-wf_log.o) (__ieee754_logf)
c:/infineon/tools/dave ide/4.5.0.202105191637/eclipse/arm-gcc-49/bin/../lib/gcc/arm-none-eabi/4.9.3/../../../../arm-none-eabi/lib/armv7e-m/softfp\libm.a(lib_a-ef_sqrt.o)
                              c:/infineon/tools/dave ide/4.5.0.202105191637/eclipse/arm-gcc-49/bin/../lib/gcc/arm-none-eabi/4.9.3/../../../../arm-none-eabi/lib/armv7e-m/softfp\libm.a(lib_a-wf_sqrt.o) (__ieee754_sqrtf)
c:/infineon/tools/dave ide/4.5.0.202105191637/eclipse/arm-gcc-49/bin/../lib/gcc/arm-none-eabi/4.9.3/../../../../arm-none-eabi/lib/armv7e-m/softfp\libm.a(lib_a-s_fpclassify.o)
                              c:/infineon/tools/dave ide/4.5.0.202105191637/eclipse/arm-gcc-49/bin/../lib/gcc/arm-none-eabi/4.9.3/../../../../arm-none-eabi/lib/armv7e-m/softfp\libm.a(lib_a-w_asin.o) (__fpclassifyd)
c:/infineon/tools/dave ide/4.5.0.202105191637/eclipse/arm-gcc-49/bin/../lib/gcc/arm-none-eabi/4.9.3/../../../../arm-none-eabi/lib/armv7e-m/softfp\libm.a(lib_a-s_lib_ver.o)
                              c:/infineon/tools/dave ide/4.5.0.202105191637/eclipse/arm-gcc-49/bin/../lib/gcc/arm-none-eabi/4.9.3/../../../../arm-none-eabi/lib/armv7e-m/softfp\libm.a(lib_a-w_asin.o) (__fdlib_version)
c:/infineon/tools/dave ide/4.5.0.202105191637/eclipse/arm-gcc-49/bin/../lib/gcc/arm-none-eabi/4.9.3/../../../../arm-none-eabi/lib/armv7e-m/softfp\libm.a(lib_a-s_matherr.o)
                              c:/infineon/tools/dave ide/4.5.0.202105191637/eclipse/arm-gcc-49/bin/../lib/gcc/arm-none-eabi/4.9.3/../../../../arm-none-eabi/lib/armv7e-m/softfp\libm.a(lib_a-w_asin.o) (matherr)
c:/infineon/tools/dave ide/4.5.0.202105191637/eclipse/arm-gcc-49/bin/../lib/gcc/arm-none-eabi/4.9.3/../../../../arm-none-eabi/lib/armv7e-m/softfp\libm.a(lib_a-s_nan.o)
[...]
Memory Configuration

Name             Origin             Length             Attributes
FLASH_0_cached   0x08000000         0x00010000         xr
FLASH_0_uncached 0x0c000000         0x00010000         xr
FLASH_1_cached   0x08020000         0x001e0000         xr
FLASH_1_uncached 0x0c020000         0x001e0000         xr
PSRAM_1          0x1ffe8000         0x00018000         !xr
DSRAM_1_system   0x20000000         0x00020000         !xr
DSRAM_2_comm     0x20020000         0x00020000         !xr
SRAM_combined    0x1ffe8000         0x00058000         !xr
*default*        0x00000000         0xffffffff

Linker script and memory map

LOAD ./Store/src/datastore.o
LOAD ./Store/src/ds_radar_interface.o
LOAD ./Startup/startup_XMC4700.o
LOAD ./Startup/system_XMC4700.o
LOAD ./Radar_Control/src/acq_buffer.o
LOAD ./Radar_Control/src/radar_adc_xmc.o
LOAD ./Radar_Control/src/radar_base.o
LOAD ./Radar_Control/src/radar_calibration.o
LOAD ./Radar_Control/src/radar_control.o
LOAD ./Radar_Control/src/radar_doppler.o
LOAD ./Radar_Control/src/radar_fmcw.o
LOAD ./Radar_Control/src/radar_industrial.o
LOAD ./Radar_Control/src/radar_p2g.o
LOAD ./Radar_Control/src/radar_target_detection.o
LOAD ./Libraries/XMCLib/src/xmc4_eru.o
LOAD ./Libraries/XMCLib/src/xmc4_flash.o
LOAD ./Libraries/XMCLib/src/xmc4_gpio.o
LOAD ./Libraries/XMCLib/src/xmc4_rtc.o
LOAD ./Libraries/XMCLib/src/xmc4_scu.o
LOAD ./Libraries/XMCLib/src/xmc_can.o
LOAD ./Libraries/XMCLib/src/xmc_ccu4.o
LOAD ./Libraries/XMCLib/src/xmc_ccu8.o
LOAD ./Libraries/XMCLib/src/xmc_common.o
LOAD ./Libraries/XMCLib/src/xmc_dac.o
LOAD ./Libraries/XMCLib/src/xmc_dma.o
LOAD ./Libraries/XMCLib/src/xmc_dsd.o
LOAD ./Libraries/XMCLib/src/xmc_ebu.o
LOAD ./Libraries/XMCLib/src/xmc_ecat.o
LOAD ./Libraries/XMCLib/src/xmc_eru.o
LOAD ./Libraries/XMCLib/src/xmc_eth_mac.o
LOAD ./Libraries/XMCLib/src/xmc_eth_phy_dp83848.o
LOAD ./Libraries/XMCLib/src/xmc_eth_phy_ksz8031rnl.o
LOAD ./Libraries/XMCLib/src/xmc_eth_phy_ksz8081rnb.o
LOAD ./Libraries/XMCLib/src/xmc_fce.o
LOAD ./Libraries/XMCLib/src/xmc_gpio.o
LOAD ./Libraries/XMCLib/src/xmc_hrpwm.o
LOAD ./Libraries/XMCLib/src/xmc_i2c.o
LOAD ./Libraries/XMCLib/src/xmc_i2s.o
LOAD ./Libraries/XMCLib/src/xmc_ledts.o
LOAD ./Libraries/XMCLib/src/xmc_posif.o
LOAD ./Libraries/XMCLib/src/xmc_rtc.o
LOAD ./Libraries/XMCLib/src/xmc_sdmmc.o
LOAD ./Libraries/XMCLib/src/xmc_spi.o
LOAD ./Libraries/XMCLib/src/xmc_uart.o
LOAD ./Libraries/XMCLib/src/xmc_usbd.o
LOAD ./Libraries/XMCLib/src/xmc_usbh.o
LOAD ./Libraries/XMCLib/src/xmc_usic.o
LOAD ./Libraries/XMCLib/src/xmc_vadc.o
LOAD ./Libraries/XMCLib/src/xmc_wdt.o
LOAD ./Libraries/Newlib/syscalls.o
LOAD ./HostCommunication/src/EndpointCalibration.o
LOAD ./HostCommunication/src/EndpointRadarADCXMC.o
LOAD ./HostCommunication/src/EndpointRadarBase.o
LOAD ./HostCommunication/src/EndpointRadarDoppler.o
LOAD ./HostCommunication/src/EndpointRadarFMCW.o
LOAD ./HostCommunication/src/EndpointRadarIndustrial.o
LOAD ./HostCommunication/src/EndpointRadarP2G.o
LOAD ./HostCommunication/src/EndpointTargetDetection.o
LOAD ./HostCommunication/src/Protocol.o
LOAD ./Dave/Generated/USBD_VCOM/virtual_com/descriptors.o
LOAD ./Dave/Generated/USBD_VCOM/class_driver/device/cdc_class_device.o
LOAD ./Dave/Generated/USBD_VCOM/usbd_vcom.o
LOAD ./Dave/Generated/USBD_VCOM/usbd_vcom_conf.o
LOAD ./Dave/Generated/USBD/usb/core/xmc4000/usbd_endpoint_stream_xmc4000.o
LOAD ./Dave/Generated/USBD/usb/core/xmc4000/usbd_endpoint_xmc4000.o
LOAD ./Dave/Generated/USBD/usb/core/usb_task.o
LOAD ./Dave/Generated/USBD/usbd.o
LOAD ./Dave/Generated/USBD/usbd_conf.o
LOAD ./Dave/Generated/TIMER/timer.o
LOAD ./Dave/Generated/TIMER/timer_conf.o
LOAD ./Dave/Generated/SYSTIMER/systimer.o
LOAD ./Dave/Generated/SYSTIMER/systimer_conf.o
LOAD ./Dave/Generated/INTERRUPT/interrupt.o
LOAD ./Dave/Generated/INTERRUPT/interrupt_conf.o
LOAD ./Dave/Generated/GLOBAL_DMA/global_dma.o
LOAD ./Dave/Generated/GLOBAL_DMA/global_dma_conf.o
LOAD ./Dave/Generated/GLOBAL_CCU8/global_ccu8.o
LOAD ./Dave/Generated/GLOBAL_CCU8/global_ccu8_conf.o
LOAD ./Dave/Generated/GLOBAL_CCU4/global_ccu4.o
LOAD ./Dave/Generated/GLOBAL_CCU4/global_ccu4_conf.o
LOAD ./Dave/Generated/GLOBAL_ADC/global_adc.o
LOAD ./Dave/Generated/GLOBAL_ADC/global_adc_conf.o
LOAD ./Dave/Generated/E_EEPROM_XMC4/e_eeprom_xmc4.o
LOAD ./Dave/Generated/E_EEPROM_XMC4/e_eeprom_xmc4_conf.o
LOAD ./Dave/Generated/EVENT_GENERATOR/event_generator.o
LOAD ./Dave/Generated/EVENT_GENERATOR/event_generator_conf.o
LOAD ./Dave/Generated/EVENT_DETECTOR/event_detector.o
LOAD ./Dave/Generated/EVENT_DETECTOR/event_detector_conf.o
LOAD ./Dave/Generated/DMA_CH/dma_ch.o
LOAD ./Dave/Generated/DMA_CH/dma_ch_conf.o
LOAD ./Dave/Generated/DIGITAL_IO/digital_io.o
LOAD ./Dave/Generated/DIGITAL_IO/digital_io_conf.o
LOAD ./Dave/Generated/CPU_CTRL_XMC4/cpu_ctrl_xmc4.o
LOAD ./Dave/Generated/CPU_CTRL_XMC4/cpu_ctrl_xmc4_conf.o
LOAD ./Dave/Generated/CMSIS_DSP/TransformFunctions/arm_bitreversal.o
LOAD ./Dave/Generated/CMSIS_DSP/TransformFunctions/arm_bitreversal2.o
LOAD ./Dave/Generated/CMSIS_DSP/TransformFunctions/arm_cfft_f32.o
LOAD ./Dave/Generated/CMSIS_DSP/TransformFunctions/arm_cfft_q15.o
LOAD ./Dave/Generated/CMSIS_DSP/TransformFunctions/arm_cfft_q31.o
LOAD ./Dave/Generated/CMSIS_DSP/TransformFunctions/arm_cfft_radix2_f32.o
LOAD ./Dave/Generated/CMSIS_DSP/TransformFunctions/arm_cfft_radix2_init_f32.o
LOAD ./Dave/Generated/CMSIS_DSP/TransformFunctions/arm_cfft_radix2_init_q15.o
LOAD ./Dave/Generated/CMSIS_DSP/TransformFunctions/arm_cfft_radix2_init_q31.o
LOAD ./Dave/Generated/CMSIS_DSP/TransformFunctions/arm_cfft_radix2_q15.o
LOAD ./Dave/Generated/CMSIS_DSP/TransformFunctions/arm_cfft_radix2_q31.o
LOAD ./Dave/Generated/CMSIS_DSP/TransformFunctions/arm_cfft_radix4_f32.o
LOAD ./Dave/Generated/CMSIS_DSP/TransformFunctions/arm_cfft_radix4_init_f32.o
LOAD ./Dave/Generated/CMSIS_DSP/TransformFunctions/arm_cfft_radix4_init_q15.o
LOAD ./Dave/Generated/CMSIS_DSP/TransformFunctions/arm_cfft_radix4_init_q31.o
LOAD ./Dave/Generated/CMSIS_DSP/TransformFunctions/arm_cfft_radix4_q15.o
LOAD ./Dave/Generated/CMSIS_DSP/TransformFunctions/arm_cfft_radix4_q31.o
LOAD ./Dave/Generated/CMSIS_DSP/TransformFunctions/arm_cfft_radix8_f32.o
LOAD ./Dave/Generated/CMSIS_DSP/TransformFunctions/arm_dct4_f32.o
LOAD ./Dave/Generated/CMSIS_DSP/TransformFunctions/arm_dct4_init_f32.o
LOAD ./Dave/Generated/CMSIS_DSP/TransformFunctions/arm_dct4_init_q15.o
LOAD ./Dave/Generated/CMSIS_DSP/TransformFunctions/arm_dct4_init_q31.o
LOAD ./Dave/Generated/CMSIS_DSP/TransformFunctions/arm_dct4_q15.o
LOAD ./Dave/Generated/CMSIS_DSP/TransformFunctions/arm_dct4_q31.o
LOAD ./Dave/Generated/CMSIS_DSP/TransformFunctions/arm_rfft_f32.o
LOAD ./Dave/Generated/CMSIS_DSP/TransformFunctions/arm_rfft_fast_f32.o
LOAD ./Dave/Generated/CMSIS_DSP/TransformFunctions/arm_rfft_fast_init_f32.o
LOAD ./Dave/Generated/CMSIS_DSP/TransformFunctions/arm_rfft_init_f32.o
LOAD ./Dave/Generated/CMSIS_DSP/TransformFunctions/arm_rfft_init_q15.o
LOAD ./Dave/Generated/CMSIS_DSP/TransformFunctions/arm_rfft_init_q31.o
LOAD ./Dave/Generated/CMSIS_DSP/TransformFunctions/arm_rfft_q15.o
LOAD ./Dave/Generated/CMSIS_DSP/TransformFunctions/arm_rfft_q31.o
LOAD ./Dave/Generated/CMSIS_DSP/SupportFunctions/arm_copy_f32.o
LOAD ./Dave/Generated/CMSIS_DSP/SupportFunctions/arm_copy_q15.o
LOAD ./Dave/Generated/CMSIS_DSP/SupportFunctions/arm_copy_q31.o
LOAD ./Dave/Generated/CMSIS_DSP/SupportFunctions/arm_copy_q7.o
LOAD ./Dave/Generated/CMSIS_DSP/SupportFunctions/arm_fill_f32.o
LOAD ./Dave/Generated/CMSIS_DSP/SupportFunctions/arm_fill_q15.o
LOAD ./Dave/Generated/CMSIS_DSP/SupportFunctions/arm_fill_q31.o
LOAD ./Dave/Generated/CMSIS_DSP/SupportFunctions/arm_fill_q7.o
LOAD ./Dave/Generated/CMSIS_DSP/SupportFunctions/arm_float_to_q15.o
LOAD ./Dave/Generated/CMSIS_DSP/SupportFunctions/arm_float_to_q31.o
LOAD ./Dave/Generated/CMSIS_DSP/SupportFunctions/arm_float_to_q7.o
LOAD ./Dave/Generated/CMSIS_DSP/SupportFunctions/arm_q15_to_float.o
LOAD ./Dave/Generated/CMSIS_DSP/SupportFunctions/arm_q15_to_q31.o
LOAD ./Dave/Generated/CMSIS_DSP/SupportFunctions/arm_q15_to_q7.o
LOAD ./Dave/Generated/CMSIS_DSP/SupportFunctions/arm_q31_to_float.o
LOAD ./Dave/Generated/CMSIS_DSP/SupportFunctions/arm_q31_to_q15.o
LOAD ./Dave/Generated/CMSIS_DSP/SupportFunctions/arm_q31_to_q7.o
LOAD ./Dave/Generated/CMSIS_DSP/SupportFunctions/arm_q7_to_float.o
LOAD ./Dave/Generated/CMSIS_DSP/SupportFunctions/arm_q7_to_q15.o
LOAD ./Dave/Generated/CMSIS_DSP/SupportFunctions/arm_q7_to_q31.o
LOAD ./Dave/Generated/CMSIS_DSP/StatisticsFunctions/arm_max_f32.o
LOAD ./Dave/Generated/CMSIS_DSP/StatisticsFunctions/arm_max_q15.o
LOAD ./Dave/Generated/CMSIS_DSP/StatisticsFunctions/arm_max_q31.o
LOAD ./Dave/Generated/CMSIS_DSP/StatisticsFunctions/arm_max_q7.o
LOAD ./Dave/Generated/CMSIS_DSP/StatisticsFunctions/arm_mean_f32.o
LOAD ./Dave/Generated/CMSIS_DSP/StatisticsFunctions/arm_mean_q15.o
LOAD ./Dave/Generated/CMSIS_DSP/StatisticsFunctions/arm_mean_q31.o
LOAD ./Dave/Generated/CMSIS_DSP/StatisticsFunctions/arm_mean_q7.o
LOAD ./Dave/Generated/CMSIS_DSP/StatisticsFunctions/arm_min_f32.o
LOAD ./Dave/Generated/CMSIS_DSP/StatisticsFunctions/arm_min_q15.o
LOAD ./Dave/Generated/CMSIS_DSP/StatisticsFunctions/arm_min_q31.o
LOAD ./Dave/Generated/CMSIS_DSP/StatisticsFunctions/arm_min_q7.o
LOAD ./Dave/Generated/CMSIS_DSP/StatisticsFunctions/arm_power_f32.o
LOAD ./Dave/Generated/CMSIS_DSP/StatisticsFunctions/arm_power_q15.o
LOAD ./Dave/Generated/CMSIS_DSP/StatisticsFunctions/arm_power_q31.o
LOAD ./Dave/Generated/CMSIS_DSP/StatisticsFunctions/arm_power_q7.o
LOAD ./Dave/Generated/CMSIS_DSP/StatisticsFunctions/arm_rms_f32.o
LOAD ./Dave/Generated/CMSIS_DSP/StatisticsFunctions/arm_rms_q15.o
LOAD ./Dave/Generated/CMSIS_DSP/StatisticsFunctions/arm_rms_q31.o
LOAD ./Dave/Generated/CMSIS_DSP/StatisticsFunctions/arm_std_f32.o
LOAD ./Dave/Generated/CMSIS_DSP/StatisticsFunctions/arm_std_q15.o
LOAD ./Dave/Generated/CMSIS_DSP/StatisticsFunctions/arm_std_q31.o
LOAD ./Dave/Generated/CMSIS_DSP/StatisticsFunctions/arm_var_f32.o
LOAD ./Dave/Generated/CMSIS_DSP/StatisticsFunctions/arm_var_q15.o
LOAD ./Dave/Generated/CMSIS_DSP/StatisticsFunctions/arm_var_q31.o
LOAD ./Dave/Generated/CMSIS_DSP/MatrixFunctions/arm_mat_add_f32.o
LOAD ./Dave/Generated/CMSIS_DSP/MatrixFunctions/arm_mat_add_q15.o
LOAD ./Dave/Generated/CMSIS_DSP/MatrixFunctions/arm_mat_add_q31.o
LOAD ./Dave/Generated/CMSIS_DSP/MatrixFunctions/arm_mat_cmplx_mult_f32.o
LOAD ./Dave/Generated/CMSIS_DSP/MatrixFunctions/arm_mat_cmplx_mult_q15.o
LOAD ./Dave/Generated/CMSIS_DSP/MatrixFunctions/arm_mat_cmplx_mult_q31.o
LOAD ./Dave/Generated/CMSIS_DSP/MatrixFunctions/arm_mat_init_f32.o
LOAD ./Dave/Generated/CMSIS_DSP/MatrixFunctions/arm_mat_init_q15.o
LOAD ./Dave/Generated/CMSIS_DSP/MatrixFunctions/arm_mat_init_q31.o
LOAD ./Dave/Generated/CMSIS_DSP/MatrixFunctions/arm_mat_inverse_f32.o
LOAD ./Dave/Generated/CMSIS_DSP/MatrixFunctions/arm_mat_inverse_f64.o
LOAD ./Dave/Generated/CMSIS_DSP/MatrixFunctions/arm_mat_mult_f32.o
LOAD ./Dave/Generated/CMSIS_DSP/MatrixFunctions/arm_mat_mult_fast_q15.o
LOAD ./Dave/Generated/CMSIS_DSP/MatrixFunctions/arm_mat_mult_fast_q31.o
LOAD ./Dave/Generated/CMSIS_DSP/MatrixFunctions/arm_mat_mult_q15.o
LOAD ./Dave/Generated/CMSIS_DSP/MatrixFunctions/arm_mat_mult_q31.o
LOAD ./Dave/Generated/CMSIS_DSP/MatrixFunctions/arm_mat_scale_f32.o
LOAD ./Dave/Generated/CMSIS_DSP/MatrixFunctions/arm_mat_scale_q15.o
LOAD ./Dave/Generated/CMSIS_DSP/MatrixFunctions/arm_mat_scale_q31.o
LOAD ./Dave/Generated/CMSIS_DSP/MatrixFunctions/arm_mat_sub_f32.o
LOAD ./Dave/Generated/CMSIS_DSP/MatrixFunctions/arm_mat_sub_q15.o
LOAD ./Dave/Generated/CMSIS_DSP/MatrixFunctions/arm_mat_sub_q31.o
LOAD ./Dave/Generated/CMSIS_DSP/MatrixFunctions/arm_mat_trans_f32.o
LOAD ./Dave/Generated/CMSIS_DSP/MatrixFunctions/arm_mat_trans_q15.o
LOAD ./Dave/Generated/CMSIS_DSP/MatrixFunctions/arm_mat_trans_q31.o
LOAD ./Dave/Generated/CMSIS_DSP/FilteringFunctions/arm_biquad_cascade_df1_32x64_init_q31.o
LOAD ./Dave/Generated/CMSIS_DSP/FilteringFunctions/arm_biquad_cascade_df1_32x64_q31.o
LOAD ./Dave/Generated/CMSIS_DSP/FilteringFunctions/arm_biquad_cascade_df1_f32.o
LOAD ./Dave/Generated/CMSIS_DSP/FilteringFunctions/arm_biquad_cascade_df1_fast_q15.o
LOAD ./Dave/Generated/CMSIS_DSP/FilteringFunctions/arm_biquad_cascade_df1_fast_q31.o
LOAD ./Dave/Generated/CMSIS_DSP/FilteringFunctions/arm_biquad_cascade_df1_init_f32.o
LOAD ./Dave/Generated/CMSIS_DSP/FilteringFunctions/arm_biquad_cascade_df1_init_q15.o
LOAD ./Dave/Generated/CMSIS_DSP/FilteringFunctions/arm_biquad_cascade_df1_init_q31.o
LOAD ./Dave/Generated/CMSIS_DSP/FilteringFunctions/arm_biquad_cascade_df1_q15.o
LOAD ./Dave/Generated/CMSIS_DSP/FilteringFunctions/arm_biquad_cascade_df1_q31.o
LOAD ./Dave/Generated/CMSIS_DSP/FilteringFunctions/arm_biquad_cascade_df2T_f32.o
LOAD ./Dave/Generated/CMSIS_DSP/FilteringFunctions/arm_biquad_cascade_df2T_f64.o
LOAD ./Dave/Generated/CMSIS_DSP/FilteringFunctions/arm_biquad_cascade_df2T_init_f32.o
LOAD ./Dave/Generated/CMSIS_DSP/FilteringFunctions/arm_biquad_cascade_df2T_init_f64.o
LOAD ./Dave/Generated/CMSIS_DSP/FilteringFunctions/arm_biquad_cascade_stereo_df2T_f32.o
LOAD ./Dave/Generated/CMSIS_DSP/FilteringFunctions/arm_biquad_cascade_stereo_df2T_init_f32.o
LOAD ./Dave/Generated/CMSIS_DSP/FilteringFunctions/arm_conv_f32.o
LOAD ./Dave/Generated/CMSIS_DSP/FilteringFunctions/arm_conv_fast_opt_q15.o
LOAD ./Dave/Generated/CMSIS_DSP/FilteringFunctions/arm_conv_fast_q15.o
LOAD ./Dave/Generated/CMSIS_DSP/FilteringFunctions/arm_conv_fast_q31.o
LOAD ./Dave/Generated/CMSIS_DSP/FilteringFunctions/arm_conv_opt_q15.o
LOAD ./Dave/Generated/CMSIS_DSP/FilteringFunctions/arm_conv_opt_q7.o
LOAD ./Dave/Generated/CMSIS_DSP/FilteringFunctions/arm_conv_partial_f32.o
LOAD ./Dave/Generated/CMSIS_DSP/FilteringFunctions/arm_conv_partial_fast_opt_q15.o
LOAD ./Dave/Generated/CMSIS_DSP/FilteringFunctions/arm_conv_partial_fast_q15.o
LOAD ./Dave/Generated/CMSIS_DSP/FilteringFunctions/arm_conv_partial_fast_q31.o
LOAD ./Dave/Generated/CMSIS_DSP/FilteringFunctions/arm_conv_partial_opt_q15.o
LOAD ./Dave/Generated/CMSIS_DSP/FilteringFunctions/arm_conv_partial_opt_q7.o
LOAD ./Dave/Generated/CMSIS_DSP/FilteringFunctions/arm_conv_partial_q15.o
LOAD ./Dave/Generated/CMSIS_DSP/FilteringFunctions/arm_conv_partial_q31.o
LOAD ./Dave/Generated/CMSIS_DSP/FilteringFunctions/arm_conv_partial_q7.o
LOAD ./Dave/Generated/CMSIS_DSP/FilteringFunctions/arm_conv_q15.o
LOAD ./Dave/Generated/CMSIS_DSP/FilteringFunctions/arm_conv_q31.o
LOAD ./Dave/Generated/CMSIS_DSP/FilteringFunctions/arm_conv_q7.o
LOAD ./Dave/Generated/CMSIS_DSP/FilteringFunctions/arm_correlate_f32.o
LOAD ./Dave/Generated/CMSIS_DSP/FilteringFunctions/arm_correlate_fast_opt_q15.o
LOAD ./Dave/Generated/CMSIS_DSP/FilteringFunctions/arm_correlate_fast_q15.o
LOAD ./Dave/Generated/CMSIS_DSP/FilteringFunctions/arm_correlate_fast_q31.o
LOAD ./Dave/Generated/CMSIS_DSP/FilteringFunctions/arm_correlate_opt_q15.o
LOAD ./Dave/Generated/CMSIS_DSP/FilteringFunctions/arm_correlate_opt_q7.o
LOAD ./Dave/Generated/CMSIS_DSP/FilteringFunctions/arm_correlate_q15.o
LOAD ./Dave/Generated/CMSIS_DSP/FilteringFunctions/arm_correlate_q31.o
LOAD ./Dave/Generated/CMSIS_DSP/FilteringFunctions/arm_correlate_q7.o
LOAD ./Dave/Generated/CMSIS_DSP/FilteringFunctions/arm_fir_decimate_f32.o
LOAD ./Dave/Generated/CMSIS_DSP/FilteringFunctions/arm_fir_decimate_fast_q15.o
LOAD ./Dave/Generated/CMSIS_DSP/FilteringFunctions/arm_fir_decimate_fast_q31.o
LOAD ./Dave/Generated/CMSIS_DSP/FilteringFunctions/arm_fir_decimate_init_f32.o
LOAD ./Dave/Generated/CMSIS_DSP/FilteringFunctions/arm_fir_decimate_init_q15.o
LOAD ./Dave/Generated/CMSIS_DSP/FilteringFunctions/arm_fir_decimate_init_q31.o
LOAD ./Dave/Generated/CMSIS_DSP/FilteringFunctions/arm_fir_decimate_q15.o
LOAD ./Dave/Generated/CMSIS_DSP/FilteringFunctions/arm_fir_decimate_q31.o
LOAD ./Dave/Generated/CMSIS_DSP/FilteringFunctions/arm_fir_f32.o
LOAD ./Dave/Generated/CMSIS_DSP/FilteringFunctions/arm_fir_fast_q15.o
LOAD ./Dave/Generated/CMSIS_DSP/FilteringFunctions/arm_fir_fast_q31.o
LOAD ./Dave/Generated/CMSIS_DSP/FilteringFunctions/arm_fir_init_f32.o
LOAD ./Dave/Generated/CMSIS_DSP/FilteringFunctions/arm_fir_init_q15.o
LOAD ./Dave/Generated/CMSIS_DSP/FilteringFunctions/arm_fir_init_q31.o
LOAD ./Dave/Generated/CMSIS_DSP/FilteringFunctions/arm_fir_init_q7.o
LOAD ./Dave/Generated/CMSIS_DSP/FilteringFunctions/arm_fir_interpolate_f32.o
LOAD ./Dave/Generated/CMSIS_DSP/FilteringFunctions/arm_fir_interpolate_init_f32.o
LOAD ./Dave/Generated/CMSIS_DSP/FilteringFunctions/arm_fir_interpolate_init_q15.o
LOAD ./Dave/Generated/CMSIS_DSP/FilteringFunctions/arm_fir_interpolate_init_q31.o
LOAD ./Dave/Generated/CMSIS_DSP/FilteringFunctions/arm_fir_interpolate_q15.o
LOAD ./Dave/Generated/CMSIS_DSP/FilteringFunctions/arm_fir_interpolate_q31.o
LOAD ./Dave/Generated/CMSIS_DSP/FilteringFunctions/arm_fir_lattice_f32.o
LOAD ./Dave/Generated/CMSIS_DSP/FilteringFunctions/arm_fir_lattice_init_f32.o
LOAD ./Dave/Generated/CMSIS_DSP/FilteringFunctions/arm_fir_lattice_init_q15.o
LOAD ./Dave/Generated/CMSIS_DSP/FilteringFunctions/arm_fir_lattice_init_q31.o
LOAD ./Dave/Generated/CMSIS_DSP/FilteringFunctions/arm_fir_lattice_q15.o
LOAD ./Dave/Generated/CMSIS_DSP/FilteringFunctions/arm_fir_lattice_q31.o
LOAD ./Dave/Generated/CMSIS_DSP/FilteringFunctions/arm_fir_q15.o
LOAD ./Dave/Generated/CMSIS_DSP/FilteringFunctions/arm_fir_q31.o
LOAD ./Dave/Generated/CMSIS_DSP/FilteringFunctions/arm_fir_q7.o
LOAD ./Dave/Generated/CMSIS_DSP/FilteringFunctions/arm_fir_sparse_f32.o
LOAD ./Dave/Generated/CMSIS_DSP/FilteringFunctions/arm_fir_sparse_init_f32.o
LOAD ./Dave/Generated/CMSIS_DSP/FilteringFunctions/arm_fir_sparse_init_q15.o
LOAD ./Dave/Generated/CMSIS_DSP/FilteringFunctions/arm_fir_sparse_init_q31.o
LOAD ./Dave/Generated/CMSIS_DSP/FilteringFunctions/arm_fir_sparse_init_q7.o
LOAD ./Dave/Generated/CMSIS_DSP/FilteringFunctions/arm_fir_sparse_q15.o
LOAD ./Dave/Generated/CMSIS_DSP/FilteringFunctions/arm_fir_sparse_q31.o
LOAD ./Dave/Generated/CMSIS_DSP/FilteringFunctions/arm_fir_sparse_q7.o
LOAD ./Dave/Generated/CMSIS_DSP/FilteringFunctions/arm_iir_lattice_f32.o
LOAD ./Dave/Generated/CMSIS_DSP/FilteringFunctions/arm_iir_lattice_init_f32.o
LOAD ./Dave/Generated/CMSIS_DSP/FilteringFunctions/arm_iir_lattice_init_q15.o
LOAD ./Dave/Generated/CMSIS_DSP/FilteringFunctions/arm_iir_lattice_init_q31.o
LOAD ./Dave/Generated/CMSIS_DSP/FilteringFunctions/arm_iir_lattice_q15.o
LOAD ./Dave/Generated/CMSIS_DSP/FilteringFunctions/arm_iir_lattice_q31.o
LOAD ./Dave/Generated/CMSIS_DSP/FilteringFunctions/arm_lms_f32.o
LOAD ./Dave/Generated/CMSIS_DSP/FilteringFunctions/arm_lms_init_f32.o
LOAD ./Dave/Generated/CMSIS_DSP/FilteringFunctions/arm_lms_init_q15.o
LOAD ./Dave/Generated/CMSIS_DSP/FilteringFunctions/arm_lms_init_q31.o
LOAD ./Dave/Generated/CMSIS_DSP/FilteringFunctions/arm_lms_norm_f32.o
LOAD ./Dave/Generated/CMSIS_DSP/FilteringFunctions/arm_lms_norm_init_f32.o
LOAD ./Dave/Generated/CMSIS_DSP/FilteringFunctions/arm_lms_norm_init_q15.o
LOAD ./Dave/Generated/CMSIS_DSP/FilteringFunctions/arm_lms_norm_init_q31.o
LOAD ./Dave/Generated/CMSIS_DSP/FilteringFunctions/arm_lms_norm_q15.o
LOAD ./Dave/Generated/CMSIS_DSP/FilteringFunctions/arm_lms_norm_q31.o
LOAD ./Dave/Generated/CMSIS_DSP/FilteringFunctions/arm_lms_q15.o
LOAD ./Dave/Generated/CMSIS_DSP/FilteringFunctions/arm_lms_q31.o
LOAD ./Dave/Generated/CMSIS_DSP/FastMathFunctions/arm_cos_f32.o
LOAD ./Dave/Generated/CMSIS_DSP/FastMathFunctions/arm_cos_q15.o
LOAD ./Dave/Generated/CMSIS_DSP/FastMathFunctions/arm_cos_q31.o
LOAD ./Dave/Generated/CMSIS_DSP/FastMathFunctions/arm_sin_f32.o
LOAD ./Dave/Generated/CMSIS_DSP/FastMathFunctions/arm_sin_q15.o
LOAD ./Dave/Generated/CMSIS_DSP/FastMathFunctions/arm_sin_q31.o
LOAD ./Dave/Generated/CMSIS_DSP/FastMathFunctions/arm_sqrt_q15.o
LOAD ./Dave/Generated/CMSIS_DSP/FastMathFunctions/arm_sqrt_q31.o
LOAD ./Dave/Generated/CMSIS_DSP/ControllerFunctions/arm_pid_init_f32.o
LOAD ./Dave/Generated/CMSIS_DSP/ControllerFunctions/arm_pid_init_q15.o
LOAD ./Dave/Generated/CMSIS_DSP/ControllerFunctions/arm_pid_init_q31.o
LOAD ./Dave/Generated/CMSIS_DSP/ControllerFunctions/arm_pid_reset_f32.o
LOAD ./Dave/Generated/CMSIS_DSP/ControllerFunctions/arm_pid_reset_q15.o
LOAD ./Dave/Generated/CMSIS_DSP/ControllerFunctions/arm_pid_reset_q31.o
LOAD ./Dave/Generated/CMSIS_DSP/ControllerFunctions/arm_sin_cos_f32.o
LOAD ./Dave/Generated/CMSIS_DSP/ControllerFunctions/arm_sin_cos_q31.o
LOAD ./Dave/Generated/CMSIS_DSP/ComplexMathFunctions/arm_cmplx_conj_f32.o
LOAD ./Dave/Generated/CMSIS_DSP/ComplexMathFunctions/arm_cmplx_conj_q15.o
LOAD ./Dave/Generated/CMSIS_DSP/ComplexMathFunctions/arm_cmplx_conj_q31.o
LOAD ./Dave/Generated/CMSIS_DSP/ComplexMathFunctions/arm_cmplx_dot_prod_f32.o
LOAD ./Dave/Generated/CMSIS_DSP/ComplexMathFunctions/arm_cmplx_dot_prod_q15.o
LOAD ./Dave/Generated/CMSIS_DSP/ComplexMathFunctions/arm_cmplx_dot_prod_q31.o
LOAD ./Dave/Generated/CMSIS_DSP/ComplexMathFunctions/arm_cmplx_mag_f32.o
LOAD ./Dave/Generated/CMSIS_DSP/ComplexMathFunctions/arm_cmplx_mag_q15.o
LOAD ./Dave/Generated/CMSIS_DSP/ComplexMathFunctions/arm_cmplx_mag_q31.o
LOAD ./Dave/Generated/CMSIS_DSP/ComplexMathFunctions/arm_cmplx_mag_squared_f32.o
LOAD ./Dave/Generated/CMSIS_DSP/ComplexMathFunctions/arm_cmplx_mag_squared_q15.o
LOAD ./Dave/Generated/CMSIS_DSP/ComplexMathFunctions/arm_cmplx_mag_squared_q31.o
LOAD ./Dave/Generated/CMSIS_DSP/ComplexMathFunctions/arm_cmplx_mult_cmplx_f32.o
LOAD ./Dave/Generated/CMSIS_DSP/ComplexMathFunctions/arm_cmplx_mult_cmplx_q15.o
LOAD ./Dave/Generated/CMSIS_DSP/ComplexMathFunctions/arm_cmplx_mult_cmplx_q31.o
LOAD ./Dave/Generated/CMSIS_DSP/ComplexMathFunctions/arm_cmplx_mult_real_f32.o
LOAD ./Dave/Generated/CMSIS_DSP/ComplexMathFunctions/arm_cmplx_mult_real_q15.o
LOAD ./Dave/Generated/CMSIS_DSP/ComplexMathFunctions/arm_cmplx_mult_real_q31.o
LOAD ./Dave/Generated/CMSIS_DSP/CommonTables/arm_common_tables.o
LOAD ./Dave/Generated/CMSIS_DSP/CommonTables/arm_const_structs.o
LOAD ./Dave/Generated/CMSIS_DSP/BasicMathFunctions/arm_abs_f32.o
LOAD ./Dave/Generated/CMSIS_DSP/BasicMathFunctions/arm_abs_q15.o
LOAD ./Dave/Generated/CMSIS_DSP/BasicMathFunctions/arm_abs_q31.o
LOAD ./Dave/Generated/CMSIS_DSP/BasicMathFunctions/arm_abs_q7.o
LOAD ./Dave/Generated/CMSIS_DSP/BasicMathFunctions/arm_add_f32.o
LOAD ./Dave/Generated/CMSIS_DSP/BasicMathFunctions/arm_add_q15.o
LOAD ./Dave/Generated/CMSIS_DSP/BasicMathFunctions/arm_add_q31.o
LOAD ./Dave/Generated/CMSIS_DSP/BasicMathFunctions/arm_add_q7.o
LOAD ./Dave/Generated/CMSIS_DSP/BasicMathFunctions/arm_dot_prod_f32.o
LOAD ./Dave/Generated/CMSIS_DSP/BasicMathFunctions/arm_dot_prod_q15.o
LOAD ./Dave/Generated/CMSIS_DSP/BasicMathFunctions/arm_dot_prod_q31.o
LOAD ./Dave/Generated/CMSIS_DSP/BasicMathFunctions/arm_dot_prod_q7.o
LOAD ./Dave/Generated/CMSIS_DSP/BasicMathFunctions/arm_mult_f32.o
LOAD ./Dave/Generated/CMSIS_DSP/BasicMathFunctions/arm_mult_q15.o
LOAD ./Dave/Generated/CMSIS_DSP/BasicMathFunctions/arm_mult_q31.o
LOAD ./Dave/Generated/CMSIS_DSP/BasicMathFunctions/arm_mult_q7.o
LOAD ./Dave/Generated/CMSIS_DSP/BasicMathFunctions/arm_negate_f32.o
LOAD ./Dave/Generated/CMSIS_DSP/BasicMathFunctions/arm_negate_q15.o
LOAD ./Dave/Generated/CMSIS_DSP/BasicMathFunctions/arm_negate_q31.o
LOAD ./Dave/Generated/CMSIS_DSP/BasicMathFunctions/arm_negate_q7.o
LOAD ./Dave/Generated/CMSIS_DSP/BasicMathFunctions/arm_offset_f32.o
LOAD ./Dave/Generated/CMSIS_DSP/BasicMathFunctions/arm_offset_q15.o
LOAD ./Dave/Generated/CMSIS_DSP/BasicMathFunctions/arm_offset_q31.o
LOAD ./Dave/Generated/CMSIS_DSP/BasicMathFunctions/arm_offset_q7.o
LOAD ./Dave/Generated/CMSIS_DSP/BasicMathFunctions/arm_scale_f32.o
LOAD ./Dave/Generated/CMSIS_DSP/BasicMathFunctions/arm_scale_q15.o
LOAD ./Dave/Generated/CMSIS_DSP/BasicMathFunctions/arm_scale_q31.o
LOAD ./Dave/Generated/CMSIS_DSP/BasicMathFunctions/arm_scale_q7.o
LOAD ./Dave/Generated/CMSIS_DSP/BasicMathFunctions/arm_shift_q15.o
LOAD ./Dave/Generated/CMSIS_DSP/BasicMathFunctions/arm_shift_q31.o
LOAD ./Dave/Generated/CMSIS_DSP/BasicMathFunctions/arm_shift_q7.o
LOAD ./Dave/Generated/CMSIS_DSP/BasicMathFunctions/arm_sub_f32.o
LOAD ./Dave/Generated/CMSIS_DSP/BasicMathFunctions/arm_sub_q15.o
LOAD ./Dave/Generated/CMSIS_DSP/BasicMathFunctions/arm_sub_q31.o
LOAD ./Dave/Generated/CMSIS_DSP/BasicMathFunctions/arm_sub_q7.o
LOAD ./Dave/Generated/CMSIS_DSP/cmsis_dsp.o
LOAD ./Dave/Generated/CLOCK_XMC4/clock_xmc4.o
LOAD ./Dave/Generated/CLOCK_XMC4/clock_xmc4_conf.o
LOAD ./Dave/Generated/CCU4_SLICE_CONFIG/ccu4_slice_config.o
LOAD ./Dave/Generated/CCU4_SLICE_CONFIG/ccu4_slice_config_conf.o
LOAD ./Dave/Generated/ADC_MEASUREMENT_ADV/adc_measurement_adv.o
LOAD ./Dave/Generated/ADC_MEASUREMENT_ADV/adc_measurement_adv_conf.o
LOAD ./Dave/Generated/DAVE.o
LOAD ./DSP_LIB/src/dsp_lib.o
LOAD ./BSP/Position2Go/src/position2go_bgt.o
LOAD ./BSP/Position2Go/src/position2go_bsp.o
LOAD ./BSP/Position2Go/src/position2go_pga.o
LOAD ./BSP/Position2Go/src/position2go_pll.o
LOAD ./BSP/Position2Go/src/position2go_spi.o
LOAD ./BSP/Position2Go/src/stream_interface_usb.o
LOAD ./BSP/Components/pga112/src/pga112.o
LOAD ./BSP/Components/lmx249x/src/lmx249x.o
LOAD ./BSP/Components/bgt24mtr1x/src/bgt24mtr1x.o
LOAD ./Application/src/application.o
LOAD ./main.o
LOAD c:/infineon/tools/dave ide/4.5.0.202105191637/eclipse/arm-gcc-49/bin/../lib/gcc/arm-none-eabi/4.9.3/../../../../arm-none-eabi/lib/armv7e-m/softfp\libm.a
START GROUP
LOAD c:/infineon/tools/dave ide/4.5.0.202105191637/eclipse/arm-gcc-49/bin/../lib/gcc/arm-none-eabi/4.9.3/armv7e-m/softfp\libgcc.a
LOAD c:/infineon/tools/dave ide/4.5.0.202105191637/eclipse/arm-gcc-49/bin/../lib/gcc/arm-none-eabi/4.9.3/../../../../arm-none-eabi/lib/armv7e-m/softfp\libg_nano.a
LOAD c:/infineon/tools/dave ide/4.5.0.202105191637/eclipse/arm-gcc-49/bin/../lib/gcc/arm-none-eabi/4.9.3/../../../../arm-none-eabi/lib/armv7e-m/softfp\libc_nano.a
END GROUP
START GROUP
LOAD c:/infineon/tools/dave ide/4.5.0.202105191637/eclipse/arm-gcc-49/bin/../lib/gcc/arm-none-eabi/4.9.3/armv7e-m/softfp\libgcc.a
LOAD c:/infineon/tools/dave ide/4.5.0.202105191637/eclipse/arm-gcc-49/bin/../lib/gcc/arm-none-eabi/4.9.3/../../../../arm-none-eabi/lib/armv7e-m/softfp\libc_nano.a
LOAD c:/infineon/tools/dave ide/4.5.0.202105191637/eclipse/arm-gcc-49/bin/../lib/gcc/arm-none-eabi/4.9.3/../../../../arm-none-eabi/lib/armv7e-m/softfp\libnosys.a
END GROUP
START GROUP
LOAD c:/infineon/tools/dave ide/4.5.0.202105191637/eclipse/arm-gcc-49/bin/../lib/gcc/arm-none-eabi/4.9.3/armv7e-m/softfp\libgcc.a
LOAD c:/infineon/tools/dave ide/4.5.0.202105191637/eclipse/arm-gcc-49/bin/../lib/gcc/arm-none-eabi/4.9.3/../../../../arm-none-eabi/lib/armv7e-m/softfp\libc_nano.a
LOAD c:/infineon/tools/dave ide/4.5.0.202105191637/eclipse/arm-gcc-49/bin/../lib/gcc/arm-none-eabi/4.9.3/../../../../arm-none-eabi/lib/armv7e-m/softfp\libnosys.a
END GROUP
                0x00000800                stack_size = DEFINED (stack_size)?stack_size:0x800
                0x00000040                no_init_size = 0x40

.reset          0x08000000      0x29c load address 0x0c000000
 *(.reset)
 .reset         0x08000000      0x29c ./Startup/startup_XMC4700.o
                0x08000000                __Vectors
                0x08000200                Reset_Handler
                0x08000298                DSD0_7_IRQHandler
                0x08000298                DebugMon_Handler
                0x08000298                VADC0_C0_0_IRQHandler
                0x08000298                CAN0_4_IRQHandler
                0x08000298                VADC0_G2_0_IRQHandler
                0x08000298                USIC0_5_IRQHandler
                0x08000298                POSIF0_0_IRQHandler
                0x08000298                POSIF1_0_IRQHandler
                0x08000298                HardFault_Handler
                0x08000298                VADC0_G1_1_IRQHandler
                0x08000298                PendSV_Handler
                0x08000298                NMI_Handler
                0x08000298                USIC1_3_IRQHandler
                0x08000298                CCU40_2_IRQHandler
                0x08000298                SCU_0_IRQHandler
                0x08000298                ERU0_0_IRQHandler
                0x08000298                CCU41_0_IRQHandler
                0x08000298                USIC1_5_IRQHandler
                0x08000298                DSD0_4_IRQHandler
                0x08000298                CCU80_1_IRQHandler
                0x08000298                CCU81_0_IRQHandler
                0x08000298                UsageFault_Handler
                0x08000298                USIC0_0_IRQHandler
                0x08000298                POSIF1_1_IRQHandler
                0x08000298                ERU0_2_IRQHandler
                0x08000298                CCU81_1_IRQHandler
                0x08000298                ERU1_1_IRQHandler
                0x08000298                VADC0_G2_3_IRQHandler
                0x08000298                VADC0_G2_2_IRQHandler
                0x08000298                CCU42_3_IRQHandler
                0x08000298                ERU0_3_IRQHandler
                0x08000298                DSD0_5_IRQHandler
                0x08000298                VADC0_C0_3_IRQHandler
                0x08000298                CAN0_6_IRQHandler
                0x08000298                VADC0_G0_1_IRQHandler
                0x08000298                CCU81_2_IRQHandler
                0x08000298                USIC2_4_IRQHandler
                0x08000298                CCU81_3_IRQHandler
                0x08000298                CCU42_1_IRQHandler
                0x08000298                USIC1_1_IRQHandler
                0x08000298                USIC2_5_IRQHandler
                0x08000298                CCU40_0_IRQHandler
                0x08000298                CAN0_0_IRQHandler
                0x08000298                ERU1_0_IRQHandler
                0x08000298                CCU42_2_IRQHandler
                0x08000298                Default_Handler
                0x08000298                USIC1_4_IRQHandler
                0x08000298                ERU1_3_IRQHandler
                0x08000298                USIC1_0_IRQHandler
                0x08000298                POSIF0_1_IRQHandler
                0x08000298                VADC0_G0_0_IRQHandler
                0x08000298                DSD0_2_IRQHandler
                0x08000298                CCU80_3_IRQHandler
                0x08000298                CCU41_3_IRQHandler
                0x08000298                CCU80_2_IRQHandler
                0x08000298                VADC0_G1_3_IRQHandler
                0x08000298                VADC0_G0_3_IRQHandler
                0x08000298                PMU0_0_IRQHandler
                0x08000298                CAN0_7_IRQHandler
                0x08000298                DSD0_1_IRQHandler
                0x08000298                CCU41_2_IRQHandler
                0x08000298                VADC0_C0_1_IRQHandler
                0x08000298                CCU43_2_IRQHandler
                0x08000298                USIC2_2_IRQHandler
                0x08000298                MemManage_Handler
                0x08000298                VADC0_G3_1_IRQHandler
                0x08000298                DAC0_0_IRQHandler
                0x08000298                SVC_Handler
                0x08000298                VADC0_G3_3_IRQHandler
                0x08000298                ERU1_2_IRQHandler
                0x08000298                CCU41_1_IRQHandler
                0x08000298                DSD0_6_IRQHandler
                0x08000298                VADC0_G1_2_IRQHandler
                0x08000298                USIC2_3_IRQHandler
                0x08000298                CAN0_2_IRQHandler
                0x08000298                USIC2_0_IRQHandler
                0x08000298                VADC0_G0_2_IRQHandler
                0x08000298                VADC0_G2_1_IRQHandler
                0x08000298                CAN0_3_IRQHandler
                0x08000298                ETH0_0_IRQHandler
                0x08000298                USIC0_3_IRQHandler
                0x08000298                DSD0_0_IRQHandler
                0x08000298                VADC0_C0_2_IRQHandler
                0x08000298                CCU42_0_IRQHandler
                0x08000298                FCE0_0_IRQHandler
                0x08000298                VADC0_G1_0_IRQHandler
                0x08000298                CAN0_5_IRQHandler
                0x08000298                CCU80_0_IRQHandler
                0x08000298                CCU40_1_IRQHandler
                0x08000298                USIC2_1_IRQHandler
                0x08000298                USIC0_1_IRQHandler
                0x08000298                VADC0_G3_2_IRQHandler
                0x08000298                CCU40_3_IRQHandler
                0x08000298                BusFault_Handler
                0x08000298                LEDTS0_0_IRQHandler
                0x08000298                USIC0_4_IRQHandler
                0x08000298                CCU43_3_IRQHandler
                0x08000298                ERU0_1_IRQHandler
                0x08000298                VADC0_G3_0_IRQHandler
                0x08000298                USIC1_2_IRQHandler
                0x08000298                DSD0_3_IRQHandler
                0x08000298                SDMMC0_0_IRQHandler
                0x08000298                CAN0_1_IRQHandler
                0x08000298                USIC0_2_IRQHandler
                0x08000298                DAC0_1_IRQHandler

.text           0x08020000     0xb278 load address 0x0c020000
                0x08020000                sText = .
 *(.text .text.* .gnu.linkonce.t.*)
 .text.ds_algo_get_settings
                0x08020000        0x8 ./Store/src/datastore.o
                0x08020000                ds_algo_get_settings
 .text.ds_device_get_settings
                0x08020008        0x8 ./Store/src/datastore.o
                0x08020008                ds_device_get_settings
 .text.ds_device_get_shadow_settings
                0x08020010        0x8 ./Store/src/datastore.o
                0x08020010                ds_device_get_shadow_settings
 .text.ds_is_device_settings_updated
                0x08020018       0x1c ./Store/src/datastore.o
                0x08020018                ds_is_device_settings_updated
 .text.ds_device_settings_copy_to_shadow
                0x08020034       0x18 ./Store/src/datastore.o
                0x08020034                ds_device_settings_copy_to_shadow
 .text.ds_init  0x0802004c       0x90 ./Store/src/datastore.o
                0x0802004c                ds_init
 .text.ds_get_active_acq_buf
                0x080200dc        0x8 ./Store/src/datastore.o
                0x080200dc                ds_get_active_acq_buf
 .text.ds_set_active_acq_buf
                0x080200e4       0x38 ./Store/src/datastore.o
                0x080200e4                ds_set_active_acq_buf
 .text.ds_ep_fetch_adc_config
                0x0802011c       0x1c ./Store/src/ds_radar_interface.o
                0x0802011c                ds_ep_fetch_adc_config
 .text.ds_ep_store_adc_config
                0x08020138       0x24 ./Store/src/ds_radar_interface.o
                0x08020138                ds_ep_store_adc_config
 .text.ds_ep_fetch_fmcw_config
                0x0802015c       0x44 ./Store/src/ds_radar_interface.o
                0x0802015c                ds_ep_fetch_fmcw_config
 .text.ds_ep_store_fmcw_config
                0x080201a0       0x40 ./Store/src/ds_radar_interface.o
                0x080201a0                ds_ep_store_fmcw_config
 .text.ds_ep_get_device_info
                0x080201e0        0x8 ./Store/src/ds_radar_interface.o
                0x080201e0                ds_ep_get_device_info
 .text.ds_ep_fetch_frame_format
                0x080201e8       0x1c ./Store/src/ds_radar_interface.o
                0x080201e8                ds_ep_fetch_frame_format
 .text.ds_ep_store_frame_format
                0x08020204       0x2c ./Store/src/ds_radar_interface.o
                0x08020204                ds_ep_store_frame_format
 .text.ds_ep_fetch_fft_config
                0x08020230       0x1c ./Store/src/ds_radar_interface.o
                0x08020230                ds_ep_fetch_fft_config
 .text.SystemCoreClockUpdate
                0x0802024c       0x84 ./Startup/system_XMC4700.o
                0x0802024c                SystemCoreClockUpdate
 .text.SystemInit
                0x080202d0       0x1c ./Startup/system_XMC4700.o
                0x080202d0                SystemInit
 .text.get_buffer_address_by_chirp
                0x080202ec       0x20 ./Radar_Control/src/acq_buffer.o
                0x080202ec                get_buffer_address_by_chirp
 .text.create_acq_data_buffer_obj
                0x0802030c       0xf8 ./Radar_Control/src/acq_buffer.o
                0x0802030c                create_acq_data_buffer_obj
 .text.delete_acq_buffer_obj
                0x08020404        0xc ./Radar_Control/src/acq_buffer.o
                0x08020404                delete_acq_buffer_obj
 .text.radar_set_adc_configuration
                0x08020410       0x9c ./Radar_Control/src/radar_adc_xmc.o
                0x08020410                radar_set_adc_configuration
 .text.radar_get_adc_configuration
                0x080204ac       0x14 ./Radar_Control/src/radar_adc_xmc.o
                0x080204ac                radar_get_adc_configuration
 .text.radar_get_driver_version
                0x080204c0        0x8 ./Radar_Control/src/radar_base.o
                0x080204c0                radar_get_driver_version
 .text.radar_open_device
                0x080204c8       0xf0 ./Radar_Control/src/radar_base.o
                0x080204c8                radar_open_device
 .text.radar_get_device_info
                0x080205b8       0x18 ./Radar_Control/src/radar_base.o
                0x080205b8                radar_get_device_info
 .text.radar_get_temperature
                0x080205d0       0x2c ./Radar_Control/src/radar_base.o
                0x080205d0                radar_get_temperature
 .text.radar_get_tx_power
                0x080205fc       0x2c ./Radar_Control/src/radar_base.o
                0x080205fc                radar_get_tx_power
 .text.radar_get_chirp_duration
                0x08020628       0x18 ./Radar_Control/src/radar_base.o
                0x08020628                radar_get_chirp_duration
 .text.radar_get_min_frame_interval
                0x08020640       0x68 ./Radar_Control/src/radar_base.o
                0x08020640                radar_get_min_frame_interval
 .text.radar_set_frame_format
                0x080206a8       0xcc ./Radar_Control/src/radar_base.o
                0x080206a8                radar_set_frame_format
 .text.radar_get_frame_format
                0x08020774        0xc ./Radar_Control/src/radar_base.o
                0x08020774                radar_get_frame_format
 .text.radar_get_frame
                0x08020780       0x98 ./Radar_Control/src/radar_base.o
                0x08020780                radar_get_frame
 .text.radar_set_automatic_frame_trigger
                0x08020818       0xb0 ./Radar_Control/src/radar_base.o
                0x08020818                radar_set_automatic_frame_trigger
 .text.radar_test_antennas
                0x080208c8        0x8 ./Radar_Control/src/radar_base.o
                0x080208c8                radar_test_antennas
 .text.radar_get_fft_configuration
                0x080208d0        0x8 ./Radar_Control/src/radar_base.o
                0x080208d0                radar_get_fft_configuration
 .text.radar_init_calibration
                0x080208d8       0x10 ./Radar_Control/src/radar_calibration.o
                0x080208d8                radar_init_calibration
 .text.radar_save_calibration
                0x080208e8      0x190 ./Radar_Control/src/radar_calibration.o
                0x080208e8                radar_save_calibration
 .text.radar_read_calibration
                0x08020a78       0x90 ./Radar_Control/src/radar_calibration.o
                0x08020a78                radar_read_calibration
 .text.radar_clear_calibration
                0x08020b08       0xa8 ./Radar_Control/src/radar_calibration.o
                0x08020b08                radar_clear_calibration
 .text.radar_apply_new_hw_setting.isra.1
                0x08020bb0      0x208 ./Radar_Control/src/radar_control.o
 .text.radar_init
                0x08020db8      0x16c ./Radar_Control/src/radar_control.o
                0x08020db8                radar_init
 .text.radar_start_acquisition
                0x08020f24       0x20 ./Radar_Control/src/radar_control.o
                0x08020f24                radar_start_acquisition
 .text.radar_set_chirp_time
                0x08020f44       0xb4 ./Radar_Control/src/radar_control.o
                0x08020f44                radar_set_chirp_time
 .text.radar_set_sampling_freq
                0x08020ff8       0x94 ./Radar_Control/src/radar_control.o
                0x08020ff8                radar_set_sampling_freq
 .text.radar_register_callback
                0x0802108c       0x1c ./Radar_Control/src/radar_control.o
                0x0802108c                radar_register_callback
 .text.radar_apply_hw_settings
                0x080210a8       0x54 ./Radar_Control/src/radar_control.o
                0x080210a8                radar_apply_hw_settings
 .text.radar_get_data_acq_mode
                0x080210fc        0xc ./Radar_Control/src/radar_control.o
                0x080210fc                radar_get_data_acq_mode
 .text.radar_set_data_acq_mode
                0x08021108        0xc ./Radar_Control/src/radar_control.o
                0x08021108                radar_set_data_acq_mode
 .text.radar_set_fmcw_configuration
                0x08021114       0x88 ./Radar_Control/src/radar_fmcw.o
                0x08021114                radar_set_fmcw_configuration
 .text.radar_get_fmcw_configuration
                0x0802119c        0xc ./Radar_Control/src/radar_fmcw.o
                0x0802119c                radar_get_fmcw_configuration
 .text.radar_get_bandwidth_per_second
                0x080211a8       0x74 ./Radar_Control/src/radar_fmcw.o
                0x080211a8                radar_get_bandwidth_per_second
 .text.radar_set_duty_cycle
                0x0802121c       0x24 ./Radar_Control/src/radar_industrial.o
                0x0802121c                radar_set_duty_cycle
 .text.radar_get_duty_cycle
                0x08021240       0x10 ./Radar_Control/src/radar_industrial.o
                0x08021240                radar_get_duty_cycle
 .text.radar_disable_lna_gain
                0x08021250       0x10 ./Radar_Control/src/radar_industrial.o
                0x08021250                radar_disable_lna_gain
 .text.radar_enable_lna_gain
                0x08021260       0x10 ./Radar_Control/src/radar_industrial.o
                0x08021260                radar_enable_lna_gain
 .text.radar_get_lna_gain_enable_status
                0x08021270        0xc ./Radar_Control/src/radar_industrial.o
                0x08021270                radar_get_lna_gain_enable_status
 .text.radar_set_gain_level
                0x0802127c       0x28 ./Radar_Control/src/radar_p2g.o
                0x0802127c                radar_set_gain_level
 .text.radar_get_gain_level
                0x080212a4       0x10 ./Radar_Control/src/radar_p2g.o
                0x080212a4                radar_get_gain_level
 .text.XMC_ERU_Enable
                0x080212b4       0x24 ./Libraries/XMCLib/src/xmc4_eru.o
                0x080212b4                XMC_ERU_Enable
 .text.XMC_FLASH_ClearStatus
                0x080212d8        0xc ./Libraries/XMCLib/src/xmc4_flash.o
                0x080212d8                XMC_FLASH_ClearStatus
 .text.XMC_FLASH_GetStatus
                0x080212e4       0x10 ./Libraries/XMCLib/src/xmc4_flash.o
                0x080212e4                XMC_FLASH_GetStatus
 .text.XMC_FLASH_ProgramPage
                0x080212f4       0x54 ./Libraries/XMCLib/src/xmc4_flash.o
                0x080212f4                XMC_FLASH_ProgramPage
 .text.XMC_FLASH_EraseSector
                0x08021348       0x38 ./Libraries/XMCLib/src/xmc4_flash.o
                0x08021348                XMC_FLASH_EraseSector
 .text.XMC_GPIO_Init
                0x08021380       0x88 ./Libraries/XMCLib/src/xmc4_gpio.o
                0x08021380                XMC_GPIO_Init
 .text.XMC_SCU_INTERRUPT_EnableNmiRequest
                0x08021408       0x10 ./Libraries/XMCLib/src/xmc4_scu.o
                0x08021408                XMC_SCU_INTERRUPT_EnableNmiRequest
 .text.XMC_SCU_RESET_AssertPeripheralReset
                0x08021418       0x18 ./Libraries/XMCLib/src/xmc4_scu.o
                0x08021418                XMC_SCU_RESET_AssertPeripheralReset
 .text.XMC_SCU_RESET_DeassertPeripheralReset
                0x08021430       0x18 ./Libraries/XMCLib/src/xmc4_scu.o
                0x08021430                XMC_SCU_RESET_DeassertPeripheralReset
 .text.XMC_SCU_RESET_IsPeripheralResetAsserted
                0x08021448       0x20 ./Libraries/XMCLib/src/xmc4_scu.o
                0x08021448                XMC_SCU_RESET_IsPeripheralResetAsserted
 .text.XMC_SCU_CLOCK_SetUsbClockSource
                0x08021468       0x14 ./Libraries/XMCLib/src/xmc4_scu.o
                0x08021468                XMC_SCU_CLOCK_SetUsbClockSource
 .text.XMC_SCU_CLOCK_SetWdtClockSource
                0x0802147c       0x14 ./Libraries/XMCLib/src/xmc4_scu.o
                0x0802147c                XMC_SCU_CLOCK_SetWdtClockSource
 .text.XMC_SCU_HIB_SetRtcClockSource
                0x08021490       0x20 ./Libraries/XMCLib/src/xmc4_scu.o
                0x08021490                XMC_SCU_HIB_SetRtcClockSource
 .text.XMC_SCU_CLOCK_SetUsbClockDivider
                0x080214b0       0x14 ./Libraries/XMCLib/src/xmc4_scu.o
                0x080214b0                XMC_SCU_CLOCK_SetUsbClockDivider
 .text.XMC_SCU_CLOCK_SetEbuClockDivider
                0x080214c4       0x14 ./Libraries/XMCLib/src/xmc4_scu.o
                0x080214c4                XMC_SCU_CLOCK_SetEbuClockDivider
 .text.XMC_SCU_CLOCK_SetWdtClockDivider
                0x080214d8       0x14 ./Libraries/XMCLib/src/xmc4_scu.o
                0x080214d8                XMC_SCU_CLOCK_SetWdtClockDivider
 .text.XMC_SCU_CLOCK_EnableClock
                0x080214ec        0xc ./Libraries/XMCLib/src/xmc4_scu.o
                0x080214ec                XMC_SCU_CLOCK_EnableClock
 .text.XMC_SCU_CLOCK_GatePeripheralClock
                0x080214f8       0x18 ./Libraries/XMCLib/src/xmc4_scu.o
                0x080214f8                XMC_SCU_CLOCK_GatePeripheralClock
 .text.XMC_SCU_CLOCK_UngatePeripheralClock
                0x08021510       0x18 ./Libraries/XMCLib/src/xmc4_scu.o
                0x08021510                XMC_SCU_CLOCK_UngatePeripheralClock
 .text.XMC_SCU_CLOCK_IsPeripheralClockGated
                0x08021528       0x20 ./Libraries/XMCLib/src/xmc4_scu.o
                0x08021528                XMC_SCU_CLOCK_IsPeripheralClockGated
 .text.XMC_SCU_CLOCK_StartUsbPll
                0x08021548       0x44 ./Libraries/XMCLib/src/xmc4_scu.o
                0x08021548                XMC_SCU_CLOCK_StartUsbPll
 .text.XMC_SCU_POWER_EnableUsb
                0x0802158c       0x10 ./Libraries/XMCLib/src/xmc4_scu.o
                0x0802158c                XMC_SCU_POWER_EnableUsb
 .text.XMC_SCU_POWER_DisableUsb
                0x0802159c       0x10 ./Libraries/XMCLib/src/xmc4_scu.o
                0x0802159c                XMC_SCU_POWER_DisableUsb
 .text.XMC_SCU_CLOCK_StartSystemPll
                0x080215ac      0x1b4 ./Libraries/XMCLib/src/xmc4_scu.o
                0x080215ac                XMC_SCU_CLOCK_StartSystemPll
 .text.XMC_SCU_CLOCK_Init
                0x08021760      0x208 ./Libraries/XMCLib/src/xmc4_scu.o
                0x08021760                XMC_SCU_CLOCK_Init
 .text.XMC_CCU4_Init
                0x08021968       0x88 ./Libraries/XMCLib/src/xmc_ccu4.o
                0x08021968                XMC_CCU4_Init
 .text.XMC_CCU4_SetMultiChannelShadowTransferMode
                0x080219f0       0x10 ./Libraries/XMCLib/src/xmc_ccu4.o
                0x080219f0                XMC_CCU4_SetMultiChannelShadowTransferMode
 .text.XMC_CCU4_SLICE_CompareInit
                0x08021a00       0x34 ./Libraries/XMCLib/src/xmc_ccu4.o
                0x08021a00                XMC_CCU4_SLICE_CompareInit
 .text.XMC_CCU4_SLICE_StartConfig
                0x08021a34       0x1c ./Libraries/XMCLib/src/xmc_ccu4.o
                0x08021a34                XMC_CCU4_SLICE_StartConfig
 .text.XMC_CCU4_SLICE_StopConfig
                0x08021a50       0x1c ./Libraries/XMCLib/src/xmc_ccu4.o
                0x08021a50                XMC_CCU4_SLICE_StopConfig
 .text.XMC_CCU4_SLICE_ConfigureEvent
                0x08021a6c       0x78 ./Libraries/XMCLib/src/xmc_ccu4.o
                0x08021a6c                XMC_CCU4_SLICE_ConfigureEvent
 .text.XMC_CCU4_SLICE_SetPrescaler
                0x08021ae4       0x10 ./Libraries/XMCLib/src/xmc_ccu4.o
                0x08021ae4                XMC_CCU4_SLICE_SetPrescaler
 .text.XMC_CCU4_SLICE_SetInterruptNode
                0x08021af4       0x38 ./Libraries/XMCLib/src/xmc_ccu4.o
                0x08021af4                XMC_CCU4_SLICE_SetInterruptNode
 .text.XMC_CCU8_Init
                0x08021b2c       0x58 ./Libraries/XMCLib/src/xmc_ccu8.o
                0x08021b2c                XMC_CCU8_Init
 .text.XMC_CCU8_SLICE_CompareInit
                0x08021b84       0x3c ./Libraries/XMCLib/src/xmc_ccu8.o
                0x08021b84                XMC_CCU8_SLICE_CompareInit
 .text.XMC_CCU8_SLICE_SetTimerPeriodMatch
                0x08021bc0        0x4 ./Libraries/XMCLib/src/xmc_ccu8.o
                0x08021bc0                XMC_CCU8_SLICE_SetTimerPeriodMatch
 .text.XMC_CCU8_SLICE_SetPrescaler
                0x08021bc4       0x10 ./Libraries/XMCLib/src/xmc_ccu8.o
                0x08021bc4                XMC_CCU8_SLICE_SetPrescaler
 .text.XMC_CCU8_SLICE_SetTimerCompareMatch
                0x08021bd4        0xc ./Libraries/XMCLib/src/xmc_ccu8.o
                0x08021bd4                XMC_CCU8_SLICE_SetTimerCompareMatch
 .text.XMC_CCU8_SLICE_SetInterruptNode
                0x08021be0       0x38 ./Libraries/XMCLib/src/xmc_ccu8.o
                0x08021be0                XMC_CCU8_SLICE_SetInterruptNode
 .text.XMC_DMA_Init
                0x08021c18       0x40 ./Libraries/XMCLib/src/xmc_dma.o
                0x08021c18                XMC_DMA_Init
 .text.XMC_DMA_CH_Disable
                0x08021c58       0x18 ./Libraries/XMCLib/src/xmc_dma.o
                0x08021c58                XMC_DMA_CH_Disable
 .text.XMC_DMA_CH_Init
                0x08021c70      0x298 ./Libraries/XMCLib/src/xmc_dma.o
                0x08021c70                XMC_DMA_CH_Init
 .text.XMC_DMA_CH_EnableEvent
                0x08021f08       0x30 ./Libraries/XMCLib/src/xmc_dma.o
                0x08021f08                XMC_DMA_CH_EnableEvent
 .text.XMC_DMA_CH_SetEventHandler
                0x08021f38       0x1c ./Libraries/XMCLib/src/xmc_dma.o
                0x08021f38                XMC_DMA_CH_SetEventHandler
 .text.XMC_DMA_CH_ClearSourcePeripheralRequest
                0x08021f54       0x38 ./Libraries/XMCLib/src/xmc_dma.o
                0x08021f54                XMC_DMA_CH_ClearSourcePeripheralRequest
 .text.XMC_DMA_IRQHandler
                0x08021f8c      0x178 ./Libraries/XMCLib/src/xmc_dma.o
                0x08021f8c                XMC_DMA_IRQHandler
 .text.XMC_ERU_ETL_Init
                0x08022104       0x2c ./Libraries/XMCLib/src/xmc_eru.o
                0x08022104                XMC_ERU_ETL_Init
 .text.XMC_ERU_OGU_Init
                0x08022130       0x18 ./Libraries/XMCLib/src/xmc_eru.o
                0x08022130                XMC_ERU_OGU_Init
 .text.XMC_FCE_Init
                0x08022148       0x10 ./Libraries/XMCLib/src/xmc_fce.o
                0x08022148                XMC_FCE_Init
 .text.XMC_FCE_Enable
                0x08022158       0x24 ./Libraries/XMCLib/src/xmc_fce.o
                0x08022158                XMC_FCE_Enable
 .text.XMC_FCE_CalculateCRC32
                0x0802217c       0x28 ./Libraries/XMCLib/src/xmc_fce.o
                0x0802217c                XMC_FCE_CalculateCRC32
 .text.XMC_GPIO_SetHardwareControl
                0x080221a4       0x20 ./Libraries/XMCLib/src/xmc_gpio.o
                0x080221a4                XMC_GPIO_SetHardwareControl
 .text.XMC_USBD_GetCapabilities
                0x080221c4       0x1c ./Libraries/XMCLib/src/xmc_usbd.o
                0x080221c4                XMC_USBD_GetCapabilities
 .text.XMC_USBD_DeviceConnect
                0x080221e0       0x18 ./Libraries/XMCLib/src/xmc_usbd.o
                0x080221e0                XMC_USBD_DeviceConnect
 .text.XMC_USBD_DeviceDisconnect
                0x080221f8       0x18 ./Libraries/XMCLib/src/xmc_usbd.o
                0x080221f8                XMC_USBD_DeviceDisconnect
 .text.XMC_USBD_DeviceGetState
                0x08022210      0x118 ./Libraries/XMCLib/src/xmc_usbd.o
                0x08022210                XMC_USBD_DeviceGetState
 .text.XMC_USBD_DeviceSetAddress
                0x08022328       0x18 ./Libraries/XMCLib/src/xmc_usbd.o
                0x08022328                XMC_USBD_DeviceSetAddress
 .text.XMC_USBD_EndpointStall
                0x08022340       0x8c ./Libraries/XMCLib/src/xmc_usbd.o
                0x08022340                XMC_USBD_EndpointStall
 .text.XMC_USBD_EndpointAbort
                0x080223cc       0x44 ./Libraries/XMCLib/src/xmc_usbd.o
                0x080223cc                XMC_USBD_EndpointAbort
 .text.XMC_USBD_EndpointUnconfigure
                0x08022410      0x100 ./Libraries/XMCLib/src/xmc_usbd.o
                0x08022410                XMC_USBD_EndpointUnconfigure
 .text.XMC_USBD_GetFrameNumber
                0x08022510       0x14 ./Libraries/XMCLib/src/xmc_usbd.o
                0x08022510                XMC_USBD_GetFrameNumber
 .text.XMC_USBD_IsEnumDone
                0x08022524       0x1c ./Libraries/XMCLib/src/xmc_usbd.o
                0x08022524                XMC_USBD_IsEnumDone
 .text.XMC_USBD_Uninitialize
                0x08022540       0x24 ./Libraries/XMCLib/src/xmc_usbd.o
                0x08022540                XMC_USBD_Uninitialize
 .text.XMC_USBD_EndpointConfigure
                0x08022564      0x280 ./Libraries/XMCLib/src/xmc_usbd.o
                0x08022564                XMC_USBD_EndpointConfigure
 .text.XMC_USBD_EndpointRead
                0x080227e4       0x40 ./Libraries/XMCLib/src/xmc_usbd.o
                0x080227e4                XMC_USBD_EndpointRead
 .text.XMC_USBD_Init
                0x08022824      0x1cc ./Libraries/XMCLib/src/xmc_usbd.o
                0x08022824                XMC_USBD_Init
 .text.XMC_USBD_EndpointReadStart
                0x080229f0       0xe0 ./Libraries/XMCLib/src/xmc_usbd.o
                0x080229f0                XMC_USBD_EndpointReadStart
 .text.XMC_USBD_EndpointWrite
                0x08022ad0       0xf8 ./Libraries/XMCLib/src/xmc_usbd.o
                0x08022ad0                XMC_USBD_EndpointWrite
 .text.XMC_USBD_IRQHandler
                0x08022bc8      0x8d8 ./Libraries/XMCLib/src/xmc_usbd.o
                0x08022bc8                XMC_USBD_IRQHandler
 .text.XMC_USBD_Disable
                0x080234a0       0x1c ./Libraries/XMCLib/src/xmc_usbd.o
                0x080234a0                XMC_USBD_Disable
 .text.XMC_VADC_GLOBAL_Init
                0x080234bc       0x3c ./Libraries/XMCLib/src/xmc_vadc.o
                0x080234bc                XMC_VADC_GLOBAL_Init
 .text.XMC_VADC_GLOBAL_InputClassInit
                0x080234f8       0x20 ./Libraries/XMCLib/src/xmc_vadc.o
                0x080234f8                XMC_VADC_GLOBAL_InputClassInit
 .text.XMC_VADC_GLOBAL_StartupCalibration
                0x08023518       0x3c ./Libraries/XMCLib/src/xmc_vadc.o
                0x08023518                XMC_VADC_GLOBAL_StartupCalibration
 .text.XMC_VADC_GROUP_Init
                0x08023554       0xf0 ./Libraries/XMCLib/src/xmc_vadc.o
                0x08023554                XMC_VADC_GROUP_Init
 .text.XMC_VADC_GROUP_InputClassInit
                0x08023644       0x4c ./Libraries/XMCLib/src/xmc_vadc.o
                0x08023644                XMC_VADC_GROUP_InputClassInit
 .text.XMC_VADC_GROUP_SetPowerMode
                0x08023690       0x10 ./Libraries/XMCLib/src/xmc_vadc.o
                0x08023690                XMC_VADC_GROUP_SetPowerMode
 .text.XMC_VADC_GROUP_SetSyncSlave
                0x080236a0       0x18 ./Libraries/XMCLib/src/xmc_vadc.o
                0x080236a0                XMC_VADC_GROUP_SetSyncSlave
 .text.XMC_VADC_GROUP_SetSyncMaster
                0x080236b8       0x10 ./Libraries/XMCLib/src/xmc_vadc.o
                0x080236b8                XMC_VADC_GROUP_SetSyncMaster
 .text.XMC_VADC_GROUP_CheckSlaveReadiness
                0x080236c8       0x40 ./Libraries/XMCLib/src/xmc_vadc.o
                0x080236c8                XMC_VADC_GROUP_CheckSlaveReadiness
 .text.XMC_VADC_GROUP_SetSyncSlaveReadySignal
                0x08023708       0x18 ./Libraries/XMCLib/src/xmc_vadc.o
                0x08023708                XMC_VADC_GROUP_SetSyncSlaveReadySignal
 .text.XMC_VADC_GROUP_ScanInit
                0x08023720       0x88 ./Libraries/XMCLib/src/xmc_vadc.o
                0x08023720                XMC_VADC_GROUP_ScanInit
 .text.XMC_VADC_GROUP_ScanSetReqSrcEventInterruptNode
                0x080237a8       0x14 ./Libraries/XMCLib/src/xmc_vadc.o
                0x080237a8                XMC_VADC_GROUP_ScanSetReqSrcEventInterruptNode
 .text.XMC_VADC_GROUP_QueueInit
                0x080237bc       0x88 ./Libraries/XMCLib/src/xmc_vadc.o
                0x080237bc                XMC_VADC_GROUP_QueueInit
 .text.XMC_VADC_GROUP_QueueSetReqSrcEventInterruptNode
                0x08023844       0x10 ./Libraries/XMCLib/src/xmc_vadc.o
                0x08023844                XMC_VADC_GROUP_QueueSetReqSrcEventInterruptNode
 .text.XMC_VADC_GROUP_ChannelInit
                0x08023854       0x7c ./Libraries/XMCLib/src/xmc_vadc.o
                0x08023854                XMC_VADC_GROUP_ChannelInit
 .text.XMC_VADC_GROUP_SetResultInterruptNode
                0x080238d0       0x44 ./Libraries/XMCLib/src/xmc_vadc.o
                0x080238d0                XMC_VADC_GROUP_SetResultInterruptNode
 .text._init    0x08023914        0x4 ./Libraries/Newlib/syscalls.o
                0x08023914                _init
 .text.ep_calibration_handle_message
                0x08023918      0x1ec ./HostCommunication/src/EndpointCalibration.o
                0x08023918                ep_calibration_handle_message
 .text.ep_calibration_handle_change
                0x08023b04        0x4 ./HostCommunication/src/EndpointCalibration.o
                0x08023b04                ep_calibration_handle_change
 .text.send_adc_configuration
                0x08023b08       0x64 ./HostCommunication/src/EndpointRadarADCXMC.o
                0x08023b08                send_adc_configuration
 .text.ep_radar_adcxmc_handle_message
                0x08023b6c       0xb8 ./HostCommunication/src/EndpointRadarADCXMC.o
                0x08023b6c                ep_radar_adcxmc_handle_message
 .text.ep_radar_adcxmc_handle_change
                0x08023c24       0x64 ./HostCommunication/src/EndpointRadarADCXMC.o
                0x08023c24                ep_radar_adcxmc_handle_change
 .text.ep_radar_base_handle_message
                0x08023c88      0x748 ./HostCommunication/src/EndpointRadarBase.o
                0x08023c88                ep_radar_base_handle_message
 .text.ep_radar_base_handle_change
                0x080243d0      0x208 ./HostCommunication/src/EndpointRadarBase.o
                0x080243d0                ep_radar_base_handle_change
 .text.send_fmcw_configuration
                0x080245d8       0xe4 ./HostCommunication/src/EndpointRadarFMCW.o
 .text.ep_radar_fmcw_handle_message
                0x080246bc       0xf4 ./HostCommunication/src/EndpointRadarFMCW.o
                0x080246bc                ep_radar_fmcw_handle_message
 .text.ep_radar_fmcw_handle_change
                0x080247b0       0x90 ./HostCommunication/src/EndpointRadarFMCW.o
                0x080247b0                ep_radar_fmcw_handle_change
 .text.ep_radar_industrial_handle_message
                0x08024840       0xb8 ./HostCommunication/src/EndpointRadarIndustrial.o
                0x08024840                ep_radar_industrial_handle_message
 .text.ep_radar_industrial_handle_change
                0x080248f8        0x4 ./HostCommunication/src/EndpointRadarIndustrial.o
                0x080248f8                ep_radar_industrial_handle_change
 .text.ep_radar_p2g_handle_message
                0x080248fc       0x70 ./HostCommunication/src/EndpointRadarP2G.o
                0x080248fc                ep_radar_p2g_handle_message
 .text.ep_radar_p2g_handle_change
                0x0802496c        0x4 ./HostCommunication/src/EndpointRadarP2G.o
                0x0802496c                ep_radar_p2g_handle_change
 .text.receive_data
                0x08024970       0x6c ./HostCommunication/src/Protocol.o
 .text.protocol_init
                0x080249dc       0x4c ./HostCommunication/src/Protocol.o
                0x080249dc                protocol_init
 .text.protocol_send_header
                0x08024a28       0x28 ./HostCommunication/src/Protocol.o
                0x08024a28                protocol_send_header
 .text.protocol_send_payload
                0x08024a50        0x4 ./HostCommunication/src/Protocol.o
                0x08024a50                protocol_send_payload
 .text.protocol_send_tail
                0x08024a54       0x24 ./HostCommunication/src/Protocol.o
                0x08024a54                protocol_send_tail
 .text.protocol_run
                0x08024a78      0x35c ./HostCommunication/src/Protocol.o
                0x08024a78                protocol_run
 .text.protocol_broadcast_change
                0x08024dd4       0x64 ./HostCommunication/src/Protocol.o
                0x08024dd4                protocol_broadcast_change
 .text.USBD_VCOM_Event_GetDescriptor
                0x08024e38       0x4c ./Dave/Generated/USBD_VCOM/virtual_com/descriptors.o
                0x08024e38                USBD_VCOM_Event_GetDescriptor
 .text.CDC_Device_ProcessControlRequest
                0x08024e84      0x128 ./Dave/Generated/USBD_VCOM/class_driver/device/cdc_class_device.o
                0x08024e84                CDC_Device_ProcessControlRequest
 .text.CDC_Device_ConfigureEndpoints
                0x08024fac       0x54 ./Dave/Generated/USBD_VCOM/class_driver/device/cdc_class_device.o
                0x08024fac                CDC_Device_ConfigureEndpoints
 .text.CDC_Device_USBTask
                0x08025000       0x7c ./Dave/Generated/USBD_VCOM/class_driver/device/cdc_class_device.o
                0x08025000                CDC_Device_USBTask
 .text.CDC_Device_SendData
                0x0802507c       0x3c ./Dave/Generated/USBD_VCOM/class_driver/device/cdc_class_device.o
                0x0802507c                CDC_Device_SendData
 .text.CDC_Device_Flush
                0x080250b8       0x4c ./Dave/Generated/USBD_VCOM/class_driver/device/cdc_class_device.o
                0x080250b8                CDC_Device_Flush
 .text.CDC_Device_BytesReceived
                0x08025104       0x58 ./Dave/Generated/USBD_VCOM/class_driver/device/cdc_class_device.o
                0x08025104                CDC_Device_BytesReceived
 .text.USBD_VCOM_CDCClass_Event_LineEncodingChanged
                0x0802515c        0xc ./Dave/Generated/USBD_VCOM/usbd_vcom.o
                0x0802515c                USBD_VCOM_CDCClass_Event_LineEncodingChanged
 .text.USBD_VCOM_CDCClass_Event_ControlLineStateChanged
                0x08025168        0xc ./Dave/Generated/USBD_VCOM/usbd_vcom.o
                0x08025168                USBD_VCOM_CDCClass_Event_ControlLineStateChanged
 .text.USBD_VCOM_CDCClass_Event_BreakSent
                0x08025174        0xc ./Dave/Generated/USBD_VCOM/usbd_vcom.o
                0x08025174                USBD_VCOM_CDCClass_Event_BreakSent
 .text.USBD_VCOM_Event_ConfigurationChanged
                0x08025180       0x58 ./Dave/Generated/USBD_VCOM/usbd_vcom.o
                0x08025180                USBD_VCOM_Event_ConfigurationChanged
 .text.USBD_VCOM_Event_ControlRequest
                0x080251d8        0xc ./Dave/Generated/USBD_VCOM/usbd_vcom.o
                0x080251d8                USBD_VCOM_Event_ControlRequest
 .text.USBD_VCOM_Event_Reset
                0x080251e4       0xc8 ./Dave/Generated/USBD_VCOM/usbd_vcom.o
                0x080251e4                USBD_VCOM_Event_Reset
 .text.USBD_VCOM_Init
                0x080252ac       0xa8 ./Dave/Generated/USBD_VCOM/usbd_vcom.o
                0x080252ac                USBD_VCOM_Init
 .text.USBD_VCOM_IsEnumDone
                0x08025354       0x1c ./Dave/Generated/USBD_VCOM/usbd_vcom.o
                0x08025354                USBD_VCOM_IsEnumDone
 .text.USBD_VCOM_SendData
                0x08025370       0x34 ./Dave/Generated/USBD_VCOM/usbd_vcom.o
                0x08025370                USBD_VCOM_SendData
 .text.USBD_VCOM_ReceiveData
                0x080253a4       0x48 ./Dave/Generated/USBD_VCOM/usbd_vcom.o
                0x080253a4                USBD_VCOM_ReceiveData
 .text.USBD_VCOM_BytesReceived
                0x080253ec       0x28 ./Dave/Generated/USBD_VCOM/usbd_vcom.o
                0x080253ec                USBD_VCOM_BytesReceived
 .text.USBD_VCOM_Connect
                0x08025414        0x4 ./Dave/Generated/USBD_VCOM/usbd_vcom.o
                0x08025414                USBD_VCOM_Connect
 .text.Endpoint_Write_Stream_LE
                0x08025418       0xa0 ./Dave/Generated/USBD/usb/core/xmc4000/usbd_endpoint_stream_xmc4000.o
                0x08025418                Endpoint_Write_Stream_LE
 .text.Endpoint_Read_Stream_LE
                0x080254b8       0xa0 ./Dave/Generated/USBD/usb/core/xmc4000/usbd_endpoint_stream_xmc4000.o
                0x080254b8                Endpoint_Read_Stream_LE
 .text.Endpoint_WaitUntilReady
                0x08025558       0x98 ./Dave/Generated/USBD/usb/core/xmc4000/usbd_endpoint_xmc4000.o
                0x08025558                Endpoint_WaitUntilReady
 .text.Endpoint_ClearOUT
                0x080255f0       0x58 ./Dave/Generated/USBD/usb/core/xmc4000/usbd_endpoint_xmc4000.o
                0x080255f0                Endpoint_ClearOUT
 .text.Endpoint_ClearIN
                0x08025648       0x70 ./Dave/Generated/USBD/usb/core/xmc4000/usbd_endpoint_xmc4000.o
                0x08025648                Endpoint_ClearIN
 .text.Endpoint_IsReadWriteAllowed
                0x080256b8       0x30 ./Dave/Generated/USBD/usb/core/xmc4000/usbd_endpoint_xmc4000.o
                0x080256b8                Endpoint_IsReadWriteAllowed
 .text.Endpoint_Write_8
                0x080256e8       0x2c ./Dave/Generated/USBD/usb/core/xmc4000/usbd_endpoint_xmc4000.o
                0x080256e8                Endpoint_Write_8
 .text.Endpoint_Read_8
                0x08025714       0x2c ./Dave/Generated/USBD/usb/core/xmc4000/usbd_endpoint_xmc4000.o
                0x08025714                Endpoint_Read_8
 .text.Endpoint_Write_32_LE
                0x08025740       0x2c ./Dave/Generated/USBD/usb/core/xmc4000/usbd_endpoint_xmc4000.o
                0x08025740                Endpoint_Write_32_LE
 .text.Endpoint_Read_32_LE
                0x0802576c       0x2c ./Dave/Generated/USBD/usb/core/xmc4000/usbd_endpoint_xmc4000.o
                0x0802576c                Endpoint_Read_32_LE
 .text.Endpoint_ConfigureEndpointTable
                0x08025798       0x94 ./Dave/Generated/USBD/usb/core/xmc4000/usbd_endpoint_xmc4000.o
                0x08025798                Endpoint_ConfigureEndpointTable
 .text.USBD_SignalDeviceEventHandler
                0x0802582c      0x304 ./Dave/Generated/USBD/usbd.o
 .text.USBD_HandleEP0_Stall
                0x08025b30       0x28 ./Dave/Generated/USBD/usbd.o
 .text.USBD_Handle_DeviceRequest
                0x08025b58      0x31c ./Dave/Generated/USBD/usbd.o
 .text.USBD_SignalEndpointEvent_Handler
                0x08025e74      0x1d8 ./Dave/Generated/USBD/usbd.o
 .text.USBD_Init
                0x0802604c      0x114 ./Dave/Generated/USBD/usbd.o
                0x0802604c                USBD_Init
 .text.USBD_Connect
                0x08026160        0xc ./Dave/Generated/USBD/usbd.o
                0x08026160                USBD_Connect
 .text.USBD_IsEnumDone
                0x0802616c        0xc ./Dave/Generated/USBD/usbd.o
                0x0802616c                USBD_IsEnumDone
 .text.USBD_SetEndpointBuffer
                0x08026178       0x34 ./Dave/Generated/USBD/usbd.o
                0x08026178                USBD_SetEndpointBuffer
 .text.USB0_0_IRQHandler
                0x080261ac        0xc ./Dave/Generated/USBD/usbd.o
                0x080261ac                USB0_0_IRQHandler
 .text.TIMER_Init
                0x080261b8      0x104 ./Dave/Generated/TIMER/timer.o
                0x080261b8                TIMER_Init
 .text.TIMER_Start
                0x080262bc       0x2c ./Dave/Generated/TIMER/timer.o
                0x080262bc                TIMER_Start
 .text.TIMER_Stop
                0x080262e8       0x44 ./Dave/Generated/TIMER/timer.o
                0x080262e8                TIMER_Stop
 .text.TIMER_GetTimerStatus
                0x0802632c       0x20 ./Dave/Generated/TIMER/timer.o
                0x0802632c                TIMER_GetTimerStatus
 *fill*         0x0802634c        0x4 
 .text.TIMER_SetTimeInterval
                0x08026350      0x160 ./Dave/Generated/TIMER/timer.o
                0x08026350                TIMER_SetTimeInterval
 .text.TIMER_GetInterruptStatus
                0x080264b0       0x24 ./Dave/Generated/TIMER/timer.o
                0x080264b0                TIMER_GetInterruptStatus
 .text.TIMER_ClearEvent
                0x080264d4       0x2c ./Dave/Generated/TIMER/timer.o
                0x080264d4                TIMER_ClearEvent
 .text.TIMER_Clear
                0x08026500       0x2c ./Dave/Generated/TIMER/timer.o
                0x08026500                TIMER_Clear
 .text.SysTick_Handler
                0x0802652c      0x278 ./Dave/Generated/SYSTIMER/systimer.o
                0x0802652c                SysTick_Handler
 .text.SYSTIMER_Init
                0x080267a4       0x70 ./Dave/Generated/SYSTIMER/systimer.o
                0x080267a4                SYSTIMER_Init
 .text.SYSTIMER_GetTime
                0x08026814       0x14 ./Dave/Generated/SYSTIMER/systimer.o
                0x08026814                SYSTIMER_GetTime
 .text.INTERRUPT_Init
                0x08026828       0x90 ./Dave/Generated/INTERRUPT/interrupt.o
                0x08026828                INTERRUPT_Init
 .text.GLOBAL_DMA_Init
                0x080268b8       0xa0 ./Dave/Generated/GLOBAL_DMA/global_dma.o
                0x080268b8                GLOBAL_DMA_Init
 .text.GPDMA0_0_IRQHandler
                0x08026958        0xc ./Dave/Generated/GLOBAL_DMA/global_dma_conf.o
                0x08026958                GPDMA0_0_IRQHandler
 .text.GPDMA1_0_IRQHandler
                0x08026964        0xc ./Dave/Generated/GLOBAL_DMA/global_dma_conf.o
                0x08026964                GPDMA1_0_IRQHandler
 .text.GLOBAL_CCU8_Init
                0x08026970       0x28 ./Dave/Generated/GLOBAL_CCU8/global_ccu8.o
                0x08026970                GLOBAL_CCU8_Init
 .text.GLOBAL_CCU4_Init
                0x08026998       0x28 ./Dave/Generated/GLOBAL_CCU4/global_ccu4.o
                0x08026998                GLOBAL_CCU4_Init
 .text.GLOBAL_ADC_Init
                0x080269c0       0x6c ./Dave/Generated/GLOBAL_ADC/global_adc.o
                0x080269c0                GLOBAL_ADC_Init
 .text.E_EEPROM_XMC4_Init
                0x08026a2c      0x228 ./Dave/Generated/E_EEPROM_XMC4/e_eeprom_xmc4.o
                0x08026a2c                E_EEPROM_XMC4_Init
 .text.E_EEPROM_XMC4_WriteArray
                0x08026c54       0xb4 ./Dave/Generated/E_EEPROM_XMC4/e_eeprom_xmc4.o
                0x08026c54                E_EEPROM_XMC4_WriteArray
 .text.E_EEPROM_XMC4_ReadArray
                0x08026d08       0x98 ./Dave/Generated/E_EEPROM_XMC4/e_eeprom_xmc4.o
                0x08026d08                E_EEPROM_XMC4_ReadArray
 .text.E_EEPROM_XMC4_UpdateFlashContents
                0x08026da0      0x15c ./Dave/Generated/E_EEPROM_XMC4/e_eeprom_xmc4.o
                0x08026da0                E_EEPROM_XMC4_UpdateFlashContents
 .text.E_EEPROM_XMC4_IsFlashEmpty
                0x08026efc       0x10 ./Dave/Generated/E_EEPROM_XMC4/e_eeprom_xmc4.o
                0x08026efc                E_EEPROM_XMC4_IsFlashEmpty
 .text.EVENT_GENERATOR_Init
                0x08026f0c       0x24 ./Dave/Generated/EVENT_GENERATOR/event_generator.o
                0x08026f0c                EVENT_GENERATOR_Init
 .text.EVENT_DETECTOR_Init
                0x08026f30       0x20 ./Dave/Generated/EVENT_DETECTOR/event_detector.o
                0x08026f30                EVENT_DETECTOR_Init
 .text.DMA_CH_Init
                0x08026f50       0x48 ./Dave/Generated/DMA_CH/dma_ch.o
                0x08026f50                DMA_CH_Init
 .text.DMA_CH_I1_reload
                0x08026f98       0x38 ./Dave/Generated/DMA_CH/dma_ch_conf.o
                0x08026f98                DMA_CH_I1_reload
 .text.DMA_CH_Q1_reload
                0x08026fd0       0x38 ./Dave/Generated/DMA_CH/dma_ch_conf.o
                0x08026fd0                DMA_CH_Q1_reload
 .text.DMA_CH_I2_reload
                0x08027008       0x38 ./Dave/Generated/DMA_CH/dma_ch_conf.o
                0x08027008                DMA_CH_I2_reload
 .text.DMA_CH_Q2_reload
                0x08027040       0x38 ./Dave/Generated/DMA_CH/dma_ch_conf.o
                0x08027040                DMA_CH_Q2_reload
 .text.DIGITAL_IO_Init
                0x08027078       0x1c ./Dave/Generated/DIGITAL_IO/digital_io.o
                0x08027078                DIGITAL_IO_Init
 .text.SystemCoreSetup
                0x08027094       0x74 ./Dave/Generated/CPU_CTRL_XMC4/cpu_ctrl_xmc4_conf.o
                0x08027094                SystemCoreSetup
 .text.CLOCK_XMC4_Init
                0x08027108        0x8 ./Dave/Generated/CLOCK_XMC4/clock_xmc4.o
                0x08027108                CLOCK_XMC4_Init
 .text.OSCHP_GetFrequency
                0x08027110        0x8 ./Dave/Generated/CLOCK_XMC4/clock_xmc4.o
                0x08027110                OSCHP_GetFrequency
 .text.SystemCoreClockSetup
                0x08027118       0x4c ./Dave/Generated/CLOCK_XMC4/clock_xmc4_conf.o
                0x08027118                SystemCoreClockSetup
 .text.CCU4_SLICE_CONFIG_Init
                0x08027164        0x4 ./Dave/Generated/CCU4_SLICE_CONFIG/ccu4_slice_config.o
                0x08027164                CCU4_SLICE_CONFIG_Init
 .text.CCU4_SLICE_CONFIG_ADC_TRIG_lInit
                0x08027168       0xa4 ./Dave/Generated/CCU4_SLICE_CONFIG/ccu4_slice_config_conf.o
 .text.ADC_MEASUREMENT_ADV_SoftwareTrigger
                0x0802720c       0x30 ./Dave/Generated/ADC_MEASUREMENT_ADV/adc_measurement_adv.o
                0x0802720c                ADC_MEASUREMENT_ADV_SoftwareTrigger
 .text.ADC_MEASUREMENT_ADV_Init
                0x0802723c      0x4b8 ./Dave/Generated/ADC_MEASUREMENT_ADV/adc_measurement_adv.o
                0x0802723c                ADC_MEASUREMENT_ADV_Init
 .text.ADC_MEASUREMENT_ADV_G1_event_config
                0x080276f4       0x10 ./Dave/Generated/ADC_MEASUREMENT_ADV/adc_measurement_adv_conf.o
 .text.ADC_MEASUREMENT_ADV_G2_event_config
                0x08027704       0x10 ./Dave/Generated/ADC_MEASUREMENT_ADV/adc_measurement_adv_conf.o
 .text.ADC_MEASUREMENT_ADV_G3_event_config
                0x08027714       0x10 ./Dave/Generated/ADC_MEASUREMENT_ADV/adc_measurement_adv_conf.o
 .text.ADC_MEASUREMENT_ADV_G4_event_config
                0x08027724       0x10 ./Dave/Generated/ADC_MEASUREMENT_ADV/adc_measurement_adv_conf.o
 .text.DAVE_Init
                0x08027734      0x20c ./Dave/Generated/DAVE.o
                0x08027734                DAVE_Init
 .text.bgt_init
                0x08027940       0x34 ./BSP/Position2Go/src/position2go_bgt.o
                0x08027940                bgt_init
 .text.bgt_start_tx
                0x08027974        0x4 ./BSP/Position2Go/src/position2go_bgt.o
                0x08027974                bgt_start_tx
 .text.bgt_stop_tx
                0x08027978        0x4 ./BSP/Position2Go/src/position2go_bgt.o
                0x08027978                bgt_stop_tx
 .text.bgt_power_up
                0x0802797c       0x28 ./BSP/Position2Go/src/position2go_bgt.o
                0x0802797c                bgt_power_up
 .text.bgt_power_down
                0x080279a4       0x38 ./BSP/Position2Go/src/position2go_bgt.o
                0x080279a4                bgt_power_down
 .text.bgt_set_tx_power
                0x080279dc        0x4 ./BSP/Position2Go/src/position2go_bgt.o
                0x080279dc                bgt_set_tx_power
 .text.bgt_lna_gain_enable
                0x080279e0        0x4 ./BSP/Position2Go/src/position2go_bgt.o
                0x080279e0                bgt_lna_gain_enable
 .text.bgt_lna_gain_disable
                0x080279e4        0x4 ./BSP/Position2Go/src/position2go_bgt.o
                0x080279e4                bgt_lna_gain_disable
 .text.bgt_ana_temp
                0x080279e8        0x4 ./BSP/Position2Go/src/position2go_bgt.o
                0x080279e8                bgt_ana_temp
 .text.bgt_ana_vout_tx
                0x080279ec        0x4 ./BSP/Position2Go/src/position2go_bgt.o
                0x080279ec                bgt_ana_vout_tx
 .text.bgt_ana_vref_tx
                0x080279f0        0x4 ./BSP/Position2Go/src/position2go_bgt.o
                0x080279f0                bgt_ana_vref_tx
 .text.bgt_get_ana_config
                0x080279f4        0x4 ./BSP/Position2Go/src/position2go_bgt.o
                0x080279f4                bgt_get_ana_config
 .text.bgt_lowest_power_with_q2_disable
                0x080279f8        0x8 ./BSP/Position2Go/src/position2go_bgt.o
                0x080279f8                bgt_lowest_power_with_q2_disable
 .text.bgt_ldo_enable
                0x08027a00       0x14 ./BSP/Position2Go/src/position2go_bgt.o
                0x08027a00                bgt_ldo_enable
 .text.bsp_init
                0x08027a14      0x2dc ./BSP/Position2Go/src/position2go_bsp.o
                0x08027a14                bsp_init
 .text.bsp_components_power_up
                0x08027cf0      0x15c ./BSP/Position2Go/src/position2go_bsp.o
                0x08027cf0                bsp_components_power_up
 .text.bsp_components_power_down
                0x08027e4c       0x50 ./BSP/Position2Go/src/position2go_bsp.o
                0x08027e4c                bsp_components_power_down
 .text.bsp_flash_write_data
                0x08027e9c        0x4 ./BSP/Position2Go/src/position2go_bsp.o
                0x08027e9c                bsp_flash_write_data
 .text.bsp_flash_read_data
                0x08027ea0        0x4 ./BSP/Position2Go/src/position2go_bsp.o
                0x08027ea0                bsp_flash_read_data
 .text.bsp_flash_flush_data
                0x08027ea4        0x4 ./BSP/Position2Go/src/position2go_bsp.o
                0x08027ea4                bsp_flash_flush_data
 .text.bsp_flash_is_empty
                0x08027ea8        0x4 ./BSP/Position2Go/src/position2go_bsp.o
                0x08027ea8                bsp_flash_is_empty
 .text.bsp_timer_stop_clear
                0x08027eac       0x18 ./BSP/Position2Go/src/position2go_bsp.o
                0x08027eac                bsp_timer_stop_clear
 .text.bsp_timer_start
                0x08027ec4        0x4 ./BSP/Position2Go/src/position2go_bsp.o
                0x08027ec4                bsp_timer_start
 .text.bsp_dma_set_destination_addr_from_acq_buf_obj
                0x08027ec8       0xb8 ./BSP/Position2Go/src/position2go_bsp.o
                0x08027ec8                bsp_dma_set_destination_addr_from_acq_buf_obj
 .text.bsp_trigger_new_frame
                0x08027f80      0x1d0 ./BSP/Position2Go/src/position2go_bsp.o
                0x08027f80                bsp_trigger_new_frame
 .text.CCU43_0_IRQHandler
                0x08028150        0x4 ./BSP/Position2Go/src/position2go_bsp.o
                0x08028150                CCU43_0_IRQHandler
 .text.DMA_Event_Handler
                0x08028154      0x254 ./BSP/Position2Go/src/position2go_bsp.o
                0x08028154                DMA_Event_Handler
 .text.bsp_usb_init
                0x080283a8       0x28 ./BSP/Position2Go/src/position2go_bsp.o
                0x080283a8                bsp_usb_init
 .text.bsp_bgt_get_temp_value
                0x080283d0        0xc ./BSP/Position2Go/src/position2go_bsp.o
                0x080283d0                bsp_bgt_get_temp_value
 .text.bsp_bgt_get_txpower_value
                0x080283dc        0xc ./BSP/Position2Go/src/position2go_bsp.o
                0x080283dc                bsp_bgt_get_txpower_value
 .text.bsp_set_num_samples_per_dma_transfer
                0x080283e8        0xc ./BSP/Position2Go/src/position2go_bsp.o
                0x080283e8                bsp_set_num_samples_per_dma_transfer
 .text.bsp_set_num_chirps_per_frame
                0x080283f4        0x4 ./BSP/Position2Go/src/position2go_bsp.o
                0x080283f4                bsp_set_num_chirps_per_frame
 .text.bsp_get_frame_counter
                0x080283f8        0xc ./BSP/Position2Go/src/position2go_bsp.o
                0x080283f8                bsp_get_frame_counter
 .text.bsp_reset_frame_counter
                0x08028404        0xc ./BSP/Position2Go/src/position2go_bsp.o
                0x08028404                bsp_reset_frame_counter
 .text.bsp_set_duty_cycle_enable_flag
                0x08028410        0xc ./BSP/Position2Go/src/position2go_bsp.o
                0x08028410                bsp_set_duty_cycle_enable_flag
 .text.bsp_register_callback
                0x0802841c       0x24 ./BSP/Position2Go/src/position2go_bsp.o
                0x0802841c                bsp_register_callback
 .text.bsp_led_on
                0x08028440       0x14 ./BSP/Position2Go/src/position2go_bsp.o
                0x08028440                bsp_led_on
 .text.bsp_led_off
                0x08028454       0x14 ./BSP/Position2Go/src/position2go_bsp.o
                0x08028454                bsp_led_off
 .text.CCU43_1_IRQHandler
                0x08028468       0x34 ./BSP/Position2Go/src/position2go_bsp.o
                0x08028468                CCU43_1_IRQHandler
 .text.pga_init
                0x0802849c        0x4 ./BSP/Position2Go/src/position2go_pga.o
                0x0802849c                pga_init
 .text.pga_set_gain
                0x080284a0        0x4 ./BSP/Position2Go/src/position2go_pga.o
                0x080284a0                pga_set_gain
 .text.pga_ldo_enable
                0x080284a4       0x28 ./BSP/Position2Go/src/position2go_pga.o
                0x080284a4                pga_ldo_enable
 *fill*         0x080284cc        0x4 
 .text.pll_init
                0x080284d0       0xe8 ./BSP/Position2Go/src/position2go_pll.o
                0x080284d0                pll_init
 .text.pll_configure_ramps
                0x080285b8      0x1b0 ./BSP/Position2Go/src/position2go_pll.o
                0x080285b8                pll_configure_ramps
 .text.pll_enable_ramps
                0x08028768        0x8 ./BSP/Position2Go/src/position2go_pll.o
                0x08028768                pll_enable_ramps
 .text.pll_disable_ramps
                0x08028770        0x8 ./BSP/Position2Go/src/position2go_pll.o
                0x08028770                pll_disable_ramps
 .text.pll_trigger_ramp
                0x08028778        0x4 ./BSP/Position2Go/src/position2go_pll.o
                0x08028778                pll_trigger_ramp
 .text.pll_release_ramp_trigger
                0x0802877c        0x4 ./BSP/Position2Go/src/position2go_pll.o
                0x0802877c                pll_release_ramp_trigger
 .text.pll_power_up
                0x08028780        0x4 ./BSP/Position2Go/src/position2go_pll.o
                0x08028780                pll_power_up
 .text.pll_power_down
                0x08028784        0x4 ./BSP/Position2Go/src/position2go_pll.o
                0x08028784                pll_power_down
 .text.pll_update_configuration
                0x08028788       0x48 ./BSP/Position2Go/src/position2go_pll.o
                0x08028788                pll_update_configuration
 .text.pll_set_update_config_flag
                0x080287d0       0x14 ./BSP/Position2Go/src/position2go_pll.o
                0x080287d0                pll_set_update_config_flag
 .text.pll_get_update_config_flag
                0x080287e4        0xc ./BSP/Position2Go/src/position2go_pll.o
                0x080287e4                pll_get_update_config_flag
 .text.pll_set_frequency
                0x080287f0       0x60 ./BSP/Position2Go/src/position2go_pll.o
                0x080287f0                pll_set_frequency
 .text.pll_set_upper_lower_frequency
                0x08028850       0x70 ./BSP/Position2Go/src/position2go_pll.o
                0x08028850                pll_set_upper_lower_frequency
 .text.pll_set_num_chirps_per_frame
                0x080288c0        0xc ./BSP/Position2Go/src/position2go_pll.o
                0x080288c0                pll_set_num_chirps_per_frame
 .text.pll_set_bandwidth
                0x080288cc        0xc ./BSP/Position2Go/src/position2go_pll.o
                0x080288cc                pll_set_bandwidth
 .text.pll_set_chirp_time
                0x080288d8        0xc ./BSP/Position2Go/src/position2go_pll.o
                0x080288d8                pll_set_chirp_time
 .text.spi_transmit_data
                0x080288e4       0xac ./BSP/Position2Go/src/position2go_spi.o
                0x080288e4                spi_transmit_data
 .text.com_init
                0x08028990        0x4 ./BSP/Position2Go/src/stream_interface_usb.o
                0x08028990                com_init
 .text.com_send_data
                0x08028994        0x4 ./BSP/Position2Go/src/stream_interface_usb.o
                0x08028994                com_send_data
 .text.com_get_data
                0x08028998       0x20 ./BSP/Position2Go/src/stream_interface_usb.o
                0x08028998                com_get_data
 .text.com_flush
                0x080289b8        0xc ./BSP/Position2Go/src/stream_interface_usb.o
                0x080289b8                com_flush
 .text.pga112_init
                0x080289c4       0x74 ./BSP/Components/pga112/src/pga112.o
                0x080289c4                pga112_init
 .text.pga112_set_gain
                0x08028a38       0x5c ./BSP/Components/pga112/src/pga112.o
                0x08028a38                pga112_set_gain
 .text.lmx249x_init
                0x08028a94      0x19c ./BSP/Components/lmx249x/src/lmx249x.o
                0x08028a94                lmx249x_init
 .text.lmx249x_set_power_state
                0x08028c30       0x24 ./BSP/Components/lmx249x/src/lmx249x.o
                0x08028c30                lmx249x_set_power_state
 .text.lmx249x_set_frequency
                0x08028c54       0xd0 ./BSP/Components/lmx249x/src/lmx249x.o
                0x08028c54                lmx249x_set_frequency
 .text.lmx249x_configure_ramps
                0x08028d24      0x438 ./BSP/Components/lmx249x/src/lmx249x.o
                0x08028d24                lmx249x_configure_ramps
 .text.lmx249x_enable_ramps
                0x0802915c       0x30 ./BSP/Components/lmx249x/src/lmx249x.o
                0x0802915c                lmx249x_enable_ramps
 .text.lmx249x_get_real_frequency_shift
                0x0802918c       0x8c ./BSP/Components/lmx249x/src/lmx249x.o
                0x0802918c                lmx249x_get_real_frequency_shift
 .text.lmx249x_trigger_ramp
                0x08029218       0x28 ./BSP/Components/lmx249x/src/lmx249x.o
                0x08029218                lmx249x_trigger_ramp
 .text.lmx249x_release_ramp_trigger
                0x08029240       0x14 ./BSP/Components/lmx249x/src/lmx249x.o
                0x08029240                lmx249x_release_ramp_trigger
 .text.lmx249x_power_up
                0x08029254       0x14 ./BSP/Components/lmx249x/src/lmx249x.o
                0x08029254                lmx249x_power_up
 .text.lmx249x_power_down
                0x08029268       0x14 ./BSP/Components/lmx249x/src/lmx249x.o
                0x08029268                lmx249x_power_down
 .text.bgt24mtr1x_init
                0x0802927c       0xf4 ./BSP/Components/bgt24mtr1x/src/bgt24mtr1x.o
                0x0802927c                bgt24mtr1x_init
 .text.bgt24mtr1x_start_tx
                0x08029370       0x38 ./BSP/Components/bgt24mtr1x/src/bgt24mtr1x.o
                0x08029370                bgt24mtr1x_start_tx
 .text.bgt24mtr1x_stop_tx
                0x080293a8       0x38 ./BSP/Components/bgt24mtr1x/src/bgt24mtr1x.o
                0x080293a8                bgt24mtr1x_stop_tx
 .text.bgt24mtr1x_set_tx_power
                0x080293e0       0x94 ./BSP/Components/bgt24mtr1x/src/bgt24mtr1x.o
                0x080293e0                bgt24mtr1x_set_tx_power
 .text.bgt24mtr1x_lna_gain_enable
                0x08029474       0x10 ./BSP/Components/bgt24mtr1x/src/bgt24mtr1x.o
                0x08029474                bgt24mtr1x_lna_gain_enable
 .text.bgt24mtr1x_lna_gain_disable
                0x08029484       0x18 ./BSP/Components/bgt24mtr1x/src/bgt24mtr1x.o
                0x08029484                bgt24mtr1x_lna_gain_disable
 .text.bgt24mtr1x_set_config
                0x0802949c       0x24 ./BSP/Components/bgt24mtr1x/src/bgt24mtr1x.o
                0x0802949c                bgt24mtr1x_set_config
 .text.bgt24mtr1x_ana_temp
                0x080294c0       0x28 ./BSP/Components/bgt24mtr1x/src/bgt24mtr1x.o
                0x080294c0                bgt24mtr1x_ana_temp
 .text.bgt24mtr1x_ana_vout_tx
                0x080294e8       0x20 ./BSP/Components/bgt24mtr1x/src/bgt24mtr1x.o
                0x080294e8                bgt24mtr1x_ana_vout_tx
 .text.bgt24mtr1x_ana_vref_tx
                0x08029508       0x28 ./BSP/Components/bgt24mtr1x/src/bgt24mtr1x.o
                0x08029508                bgt24mtr1x_ana_vref_tx
 .text.bgt24mtr1x_get_ana_config
                0x08029530        0xc ./BSP/Components/bgt24mtr1x/src/bgt24mtr1x.o
                0x08029530                bgt24mtr1x_get_ana_config
 .text.system_reset
                0x0802953c        0x4 ./Application/src/application.o
                0x0802953c                system_reset
 .text.app_data_acq_started_cb
                0x08029540        0x4 ./Application/src/application.o
                0x08029540                app_data_acq_started_cb
 .text.app_data_acq_done_cb
                0x08029544       0x24 ./Application/src/application.o
                0x08029544                app_data_acq_done_cb
 .text.app_init
                0x08029568      0x158 ./Application/src/application.o
                0x08029568                app_init
 .text.app_register_algo_process
                0x080296c0        0xc ./Application/src/application.o
                0x080296c0                app_register_algo_process
 .text.app_process
                0x080296cc       0x78 ./Application/src/application.o
                0x080296cc                app_process
 .text.startup.main
                0x08029744       0x18 ./main.o
                0x08029744                main
 .text.acq_completed_cb
                0x0802975c        0x4 ./main.o
                0x0802975c                acq_completed_cb
 .text.logf     0x08029760       0xf8 c:/infineon/tools/dave ide/4.5.0.202105191637/eclipse/arm-gcc-49/bin/../lib/gcc/arm-none-eabi/4.9.3/../../../../arm-none-eabi/lib/armv7e-m/softfp\libm.a(lib_a-wf_log.o)
                0x08029760                logf
 .text.__ieee754_logf
                0x08029858      0x228 c:/infineon/tools/dave ide/4.5.0.202105191637/eclipse/arm-gcc-49/bin/../lib/gcc/arm-none-eabi/4.9.3/../../../../arm-none-eabi/lib/armv7e-m/softfp\libm.a(lib_a-ef_log.o)
                0x08029858                __ieee754_logf
 .text.matherr  0x08029a80        0x4 c:/infineon/tools/dave ide/4.5.0.202105191637/eclipse/arm-gcc-49/bin/../lib/gcc/arm-none-eabi/4.9.3/../../../../arm-none-eabi/lib/armv7e-m/softfp\libm.a(lib_a-s_matherr.o)
                0x08029a80                matherr
 .text.nan      0x08029a84        0xc c:/infineon/tools/dave ide/4.5.0.202105191637/eclipse/arm-gcc-49/bin/../lib/gcc/arm-none-eabi/4.9.3/../../../../arm-none-eabi/lib/armv7e-m/softfp\libm.a(lib_a-s_nan.o)
                0x08029a84                nan
 .text.__fpclassifyf
                0x08029a90       0x34 c:/infineon/tools/dave ide/4.5.0.202105191637/eclipse/arm-gcc-49/bin/../lib/gcc/arm-none-eabi/4.9.3/../../../../arm-none-eabi/lib/armv7e-m/softfp\libm.a(lib_a-sf_fpclassify.o)
                0x08029a90                __fpclassifyf
 .text          0x08029ac4      0x370 c:/infineon/tools/dave ide/4.5.0.202105191637/eclipse/arm-gcc-49/bin/../lib/gcc/arm-none-eabi/4.9.3/armv7e-m/softfp\libgcc.a(_arm_addsubdf3.o)
                0x08029ac4                __aeabi_drsub
                0x08029acc                __aeabi_dsub
                0x08029acc                __subdf3
                0x08029ad0                __aeabi_dadd
                0x08029ad0                __adddf3
                0x08029d48                __floatunsidf
                0x08029d48                __aeabi_ui2d
                0x08029d68                __floatsidf
                0x08029d68                __aeabi_i2d
                0x08029d8c                __aeabi_f2d
                0x08029d8c                __extendsfdf2
                0x08029dc8                __floatundidf
                0x08029dc8                __aeabi_ul2d
                0x08029dd8                __floatdidf
                0x08029dd8                __aeabi_l2d
 .text          0x08029e34      0x424 c:/infineon/tools/dave ide/4.5.0.202105191637/eclipse/arm-gcc-49/bin/../lib/gcc/arm-none-eabi/4.9.3/armv7e-m/softfp\libgcc.a(_arm_muldivdf3.o)
                0x08029e34                __aeabi_dmul
                0x08029e34                __muldf3
                0x0802a088                __divdf3
                0x0802a088                __aeabi_ddiv
 .text          0x0802a258      0x110 c:/infineon/tools/dave ide/4.5.0.202105191637/eclipse/arm-gcc-49/bin/../lib/gcc/arm-none-eabi/4.9.3/armv7e-m/softfp\libgcc.a(_arm_cmpdf2.o)
                0x0802a258                __gtdf2
                0x0802a258                __gedf2
                0x0802a260                __ltdf2