Archive member included because of file (symbol)

c:/infineon/tools/dave ide/4.5.0.202105191637/eclipse/arm-gcc-49/bin/../lib/gcc/arm-none-eabi/4.9.3/../../../../arm-none-eabi/lib/armv7e-m/softfp\libm.a(lib_a-s_atan.o)
                              ./DSP_LIB/src/dsp_lib.o (atan)
c:/infineon/tools/dave ide/4.5.0.202105191637/eclipse/arm-gcc-49/bin/../lib/gcc/arm-none-eabi/4.9.3/../../../../arm-none-eabi/lib/armv7e-m/softfp\libm.a(lib_a-s_fabs.o)
                              c:/infineon/tools/dave ide/4.5.0.202105191637/eclipse/arm-gcc-49/bin/../lib/gcc/arm-none-eabi/4.9.3/../../../../arm-none-eabi/lib/armv7e-m/softfp\libm.a(lib_a-s_atan.o) (fabs)
c:/infineon/tools/dave ide/4.5.0.202105191637/eclipse/arm-gcc-49/bin/../lib/gcc/arm-none-eabi/4.9.3/../../../../arm-none-eabi/lib/armv7e-m/softfp\libm.a(lib_a-w_asin.o)
                              ./DSP_LIB/src/dsp_lib.o (asin)
c:/infineon/tools/dave ide/4.5.0.202105191637/eclipse/arm-gcc-49/bin/../lib/gcc/arm-none-eabi/4.9.3/../../../../arm-none-eabi/lib/armv7e-m/softfp\libm.a(lib_a-wf_fmod.o)
                              ./DSP_LIB/src/dsp_lib.o (fmodf)
c:/infineon/tools/dave ide/4.5.0.202105191637/eclipse/arm-gcc-49/bin/../lib/gcc/arm-none-eabi/4.9.3/../../../../arm-none-eabi/lib/armv7e-m/softfp\libm.a(lib_a-wf_log.o)
                              ./BSP/Position2Go/src/position2go_bsp.o (logf)
c:/infineon/tools/dave ide/4.5.0.202105191637/eclipse/arm-gcc-49/bin/../lib/gcc/arm-none-eabi/4.9.3/../../../../arm-none-eabi/lib/armv7e-m/softfp\libm.a(lib_a-wf_sqrt.o)
                              ./Dave/Generated/CMSIS_DSP/StatisticsFunctions/arm_rms_f32.o (sqrtf)
c:/infineon/tools/dave ide/4.5.0.202105191637/eclipse/arm-gcc-49/bin/../lib/gcc/arm-none-eabi/4.9.3/../../../../arm-none-eabi/lib/armv7e-m/softfp\libm.a(lib_a-e_asin.o)
                              c:/infineon/tools/dave ide/4.5.0.202105191637/eclipse/arm-gcc-49/bin/../lib/gcc/arm-none-eabi/4.9.3/../../../../arm-none-eabi/lib/armv7e-m/softfp\libm.a(lib_a-w_asin.o) (__ieee754_asin)
c:/infineon/tools/dave ide/4.5.0.202105191637/eclipse/arm-gcc-49/bin/../lib/gcc/arm-none-eabi/4.9.3/../../../../arm-none-eabi/lib/armv7e-m/softfp\libm.a(lib_a-e_sqrt.o)
                              c:/infineon/tools/dave ide/4.5.0.202105191637/eclipse/arm-gcc-49/bin/../lib/gcc/arm-none-eabi/4.9.3/../../../../arm-none-eabi/lib/armv7e-m/softfp\libm.a(lib_a-e_asin.o) (__ieee754_sqrt)
c:/infineon/tools/dave ide/4.5.0.202105191637/eclipse/arm-gcc-49/bin/../lib/gcc/arm-none-eabi/4.9.3/../../../../arm-none-eabi/lib/armv7e-m/softfp\libm.a(lib_a-ef_fmod.o)
                              c:/infineon/tools/dave ide/4.5.0.202105191637/eclipse/arm-gcc-49/bin/../lib/gcc/arm-none-eabi/4.9.3/../../../../arm-none-eabi/lib/armv7e-m/softfp\libm.a(lib_a-wf_fmod.o) (__ieee754_fmodf)
c:/infineon/tools/dave ide/4.5.0.202105191637/eclipse/arm-gcc-49/bin/../lib/gcc/arm-none-eabi/4.9.3/../../../../arm-none-eabi/lib/armv7e-m/softfp\libm.a(lib_a-ef_log.o)
                              c:/infineon/tools/dave ide/4.5.0.202105191637/eclipse/arm-gcc-49/bin/../lib/gcc/arm-none-eabi/4.9.3/../../../../arm-none-eabi/lib/armv7e-m/softfp\libm.a(lib_a-wf_log.o) (__ieee754_logf)
c:/infineon/tools/dave ide/4.5.0.202105191637/eclipse/arm-gcc-49/bin/../lib/gcc/arm-none-eabi/4.9.3/../../../../arm-none-eabi/lib/armv7e-m/softfp\libm.a(lib_a-ef_sqrt.o)
                              c:/infineon/tools/dave ide/4.5.0.202105191637/eclipse/arm-gcc-49/bin/../lib/gcc/arm-none-eabi/4.9.3/../../../../arm-none-eabi/lib/armv7e-m/softfp\libm.a(lib_a-wf_sqrt.o) (__ieee754_sqrtf)
c:/infineon/tools/dave ide/4.5.0.202105191637/eclipse/arm-gcc-49/bin/../lib/gcc/arm-none-eabi/4.9.3/../../../../arm-none-eabi/lib/armv7e-m/softfp\libm.a(lib_a-s_fpclassify.o)
                              c:/infineon/tools/dave ide/4.5.0.202105191637/eclipse/arm-gcc-49/bin/../lib/gcc/arm-none-eabi/4.9.3/../../../../arm-none-eabi/lib/armv7e-m/softfp\libm.a(lib_a-w_asin.o) (__fpclassifyd)
c:/infineon/tools/dave ide/4.5.0.202105191637/eclipse/arm-gcc-49/bin/../lib/gcc/arm-none-eabi/4.9.3/../../../../arm-none-eabi/lib/armv7e-m/softfp\libm.a(lib_a-s_lib_ver.o)
                              c:/infineon/tools/dave ide/4.5.0.202105191637/eclipse/arm-gcc-49/bin/../lib/gcc/arm-none-eabi/4.9.3/../../../../arm-none-eabi/lib/armv7e-m/softfp\libm.a(lib_a-w_asin.o) (__fdlib_version)
c:/infineon/tools/dave ide/4.5.0.202105191637/eclipse/arm-gcc-49/bin/../lib/gcc/arm-none-eabi/4.9.3/../../../../arm-none-eabi/lib/armv7e-m/softfp\libm.a(lib_a-s_matherr.o)
                              c:/infineon/tools/dave ide/4.5.0.202105191637/eclipse/arm-gcc-49/bin/../lib/gcc/arm-none-eabi/4.9.3/../../../../arm-none-eabi/lib/armv7e-m/softfp\libm.a(lib_a-w_asin.o) (matherr)
c:/infineon/tools/dave ide/4.5.0.202105191637/eclipse/arm-gcc-49/bin/../lib/gcc/arm-none-eabi/4.9.3/../../../../arm-none-eabi/lib/armv7e-m/softfp\libm.a(lib_a-s_nan.o)
[...]
Memory Configuration

Name             Origin             Length             Attributes
FLASH_0_cached   0x08000000         0x00010000         xr
FLASH_0_uncached 0x0c000000         0x00010000         xr
FLASH_1_cached   0x08020000         0x001e0000         xr
FLASH_1_uncached 0x0c020000         0x001e0000         xr
PSRAM_1          0x1ffe8000         0x00018000         !xr
DSRAM_1_system   0x20000000         0x00020000         !xr
DSRAM_2_comm     0x20020000         0x00020000         !xr
SRAM_combined    0x1ffe8000         0x00058000         !xr
*default*        0x00000000         0xffffffff

Linker script and memory map

LOAD ./Store/src/datastore.o
LOAD ./Store/src/ds_radar_interface.o
LOAD ./Startup/startup_XMC4700.o
LOAD ./Startup/system_XMC4700.o
LOAD ./Radar_Control/src/acq_buffer.o
LOAD ./Radar_Control/src/radar_adc_xmc.o
LOAD ./Radar_Control/src/radar_base.o
LOAD ./Radar_Control/src/radar_calibration.o
LOAD ./Radar_Control/src/radar_control.o
LOAD ./Radar_Control/src/radar_doppler.o
LOAD ./Radar_Control/src/radar_fmcw.o
LOAD ./Radar_Control/src/radar_industrial.o
LOAD ./Radar_Control/src/radar_p2g.o
LOAD ./Radar_Control/src/radar_target_detection.o
LOAD ./Libraries/XMCLib/src/xmc4_eru.o
LOAD ./Libraries/XMCLib/src/xmc4_flash.o
LOAD ./Libraries/XMCLib/src/xmc4_gpio.o
LOAD ./Libraries/XMCLib/src/xmc4_rtc.o
LOAD ./Libraries/XMCLib/src/xmc4_scu.o
LOAD ./Libraries/XMCLib/src/xmc_can.o
LOAD ./Libraries/XMCLib/src/xmc_ccu4.o
LOAD ./Libraries/XMCLib/src/xmc_ccu8.o
LOAD ./Libraries/XMCLib/src/xmc_common.o
LOAD ./Libraries/XMCLib/src/xmc_dac.o
LOAD ./Libraries/XMCLib/src/xmc_dma.o
LOAD ./Libraries/XMCLib/src/xmc_dsd.o
LOAD ./Libraries/XMCLib/src/xmc_ebu.o
LOAD ./Libraries/XMCLib/src/xmc_ecat.o
LOAD ./Libraries/XMCLib/src/xmc_eru.o
LOAD ./Libraries/XMCLib/src/xmc_eth_mac.o
LOAD ./Libraries/XMCLib/src/xmc_eth_phy_dp83848.o
LOAD ./Libraries/XMCLib/src/xmc_eth_phy_ksz8031rnl.o
LOAD ./Libraries/XMCLib/src/xmc_eth_phy_ksz8081rnb.o
LOAD ./Libraries/XMCLib/src/xmc_fce.o
LOAD ./Libraries/XMCLib/src/xmc_gpio.o
LOAD ./Libraries/XMCLib/src/xmc_hrpwm.o
LOAD ./Libraries/XMCLib/src/xmc_i2c.o
LOAD ./Libraries/XMCLib/src/xmc_i2s.o
LOAD ./Libraries/XMCLib/src/xmc_ledts.o
LOAD ./Libraries/XMCLib/src/xmc_posif.o
LOAD ./Libraries/XMCLib/src/xmc_rtc.o
LOAD ./Libraries/XMCLib/src/xmc_sdmmc.o
LOAD ./Libraries/XMCLib/src/xmc_spi.o
LOAD ./Libraries/XMCLib/src/xmc_uart.o
LOAD ./Libraries/XMCLib/src/xmc_usbd.o
LOAD ./Libraries/XMCLib/src/xmc_usbh.o
LOAD ./Libraries/XMCLib/src/xmc_usic.o
LOAD ./Libraries/XMCLib/src/xmc_vadc.o
LOAD ./Libraries/XMCLib/src/xmc_wdt.o
LOAD ./Libraries/Newlib/syscalls.o
LOAD ./HostCommunication/src/EndpointCalibration.o
LOAD ./HostCommunication/src/EndpointRadarADCXMC.o
LOAD ./HostCommunication/src/EndpointRadarBase.o
LOAD ./HostCommunication/src/EndpointRadarDoppler.o
LOAD ./HostCommunication/src/EndpointRadarFMCW.o
LOAD ./HostCommunication/src/EndpointRadarIndustrial.o
LOAD ./HostCommunication/src/EndpointRadarP2G.o
LOAD ./HostCommunication/src/EndpointTargetDetection.o
LOAD ./HostCommunication/src/Protocol.o
LOAD ./Dave/Generated/USBD_VCOM/virtual_com/descriptors.o
LOAD ./Dave/Generated/USBD_VCOM/class_driver/device/cdc_class_device.o
LOAD ./Dave/Generated/USBD_VCOM/usbd_vcom.o
LOAD ./Dave/Generated/USBD_VCOM/usbd_vcom_conf.o
LOAD ./Dave/Generated/USBD/usb/core/xmc4000/usbd_endpoint_stream_xmc4000.o
LOAD ./Dave/Generated/USBD/usb/core/xmc4000/usbd_endpoint_xmc4000.o
LOAD ./Dave/Generated/USBD/usb/core/usb_task.o
LOAD ./Dave/Generated/USBD/usbd.o
LOAD ./Dave/Generated/USBD/usbd_conf.o
LOAD ./Dave/Generated/TIMER/timer.o
LOAD ./Dave/Generated/TIMER/timer_conf.o
LOAD ./Dave/Generated/SYSTIMER/systimer.o
LOAD ./Dave/Generated/SYSTIMER/systimer_conf.o
LOAD ./Dave/Generated/INTERRUPT/interrupt.o
LOAD ./Dave/Generated/INTERRUPT/interrupt_conf.o
LOAD ./Dave/Generated/GLOBAL_DMA/global_dma.o
LOAD ./Dave/Generated/GLOBAL_DMA/global_dma_conf.o
LOAD ./Dave/Generated/GLOBAL_CCU8/global_ccu8.o
LOAD ./Dave/Generated/GLOBAL_CCU8/global_ccu8_conf.o
LOAD ./Dave/Generated/GLOBAL_CCU4/global_ccu4.o
LOAD ./Dave/Generated/GLOBAL_CCU4/global_ccu4_conf.o
LOAD ./Dave/Generated/GLOBAL_ADC/global_adc.o
LOAD ./Dave/Generated/GLOBAL_ADC/global_adc_conf.o
LOAD ./Dave/Generated/E_EEPROM_XMC4/e_eeprom_xmc4.o
LOAD ./Dave/Generated/E_EEPROM_XMC4/e_eeprom_xmc4_conf.o
LOAD ./Dave/Generated/EVENT_GENERATOR/event_generator.o
LOAD ./Dave/Generated/EVENT_GENERATOR/event_generator_conf.o
LOAD ./Dave/Generated/EVENT_DETECTOR/event_detector.o
LOAD ./Dave/Generated/EVENT_DETECTOR/event_detector_conf.o
LOAD ./Dave/Generated/DMA_CH/dma_ch.o
LOAD ./Dave/Generated/DMA_CH/dma_ch_conf.o
LOAD ./Dave/Generated/DIGITAL_IO/digital_io.o
LOAD ./Dave/Generated/DIGITAL_IO/digital_io_conf.o
LOAD ./Dave/Generated/CPU_CTRL_XMC4/cpu_ctrl_xmc4.o
LOAD ./Dave/Generated/CPU_CTRL_XMC4/cpu_ctrl_xmc4_conf.o
LOAD ./Dave/Generated/CMSIS_DSP/TransformFunctions/arm_bitreversal.o
LOAD ./Dave/Generated/CMSIS_DSP/TransformFunctions/arm_bitreversal2.o
LOAD ./Dave/Generated/CMSIS_DSP/TransformFunctions/arm_cfft_f32.o
LOAD ./Dave/Generated/CMSIS_DSP/TransformFunctions/arm_cfft_q15.o
LOAD ./Dave/Generated/CMSIS_DSP/TransformFunctions/arm_cfft_q31.o
LOAD ./Dave/Generated/CMSIS_DSP/TransformFunctions/arm_cfft_radix2_f32.o
LOAD ./Dave/Generated/CMSIS_DSP/TransformFunctions/arm_cfft_radix2_init_f32.o
LOAD ./Dave/Generated/CMSIS_DSP/TransformFunctions/arm_cfft_radix2_init_q15.o
LOAD ./Dave/Generated/CMSIS_DSP/TransformFunctions/arm_cfft_radix2_init_q31.o
LOAD ./Dave/Generated/CMSIS_DSP/TransformFunctions/arm_cfft_radix2_q15.o
LOAD ./Dave/Generated/CMSIS_DSP/TransformFunctions/arm_cfft_radix2_q31.o
LOAD ./Dave/Generated/CMSIS_DSP/TransformFunctions/arm_cfft_radix4_f32.o
LOAD ./Dave/Generated/CMSIS_DSP/TransformFunctions/arm_cfft_radix4_init_f32.o
LOAD ./Dave/Generated/CMSIS_DSP/TransformFunctions/arm_cfft_radix4_init_q15.o
LOAD ./Dave/Generated/CMSIS_DSP/TransformFunctions/arm_cfft_radix4_init_q31.o
LOAD ./Dave/Generated/CMSIS_DSP/TransformFunctions/arm_cfft_radix4_q15.o
LOAD ./Dave/Generated/CMSIS_DSP/TransformFunctions/arm_cfft_radix4_q31.o
LOAD ./Dave/Generated/CMSIS_DSP/TransformFunctions/arm_cfft_radix8_f32.o
LOAD ./Dave/Generated/CMSIS_DSP/TransformFunctions/arm_dct4_f32.o
LOAD ./Dave/Generated/CMSIS_DSP/TransformFunctions/arm_dct4_init_f32.o
LOAD ./Dave/Generated/CMSIS_DSP/TransformFunctions/arm_dct4_init_q15.o
LOAD ./Dave/Generated/CMSIS_DSP/TransformFunctions/arm_dct4_init_q31.o
LOAD ./Dave/Generated/CMSIS_DSP/TransformFunctions/arm_dct4_q15.o
LOAD ./Dave/Generated/CMSIS_DSP/TransformFunctions/arm_dct4_q31.o
LOAD ./Dave/Generated/CMSIS_DSP/TransformFunctions/arm_rfft_f32.o
LOAD ./Dave/Generated/CMSIS_DSP/TransformFunctions/arm_rfft_fast_f32.o
LOAD ./Dave/Generated/CMSIS_DSP/TransformFunctions/arm_rfft_fast_init_f32.o
LOAD ./Dave/Generated/CMSIS_DSP/TransformFunctions/arm_rfft_init_f32.o
LOAD ./Dave/Generated/CMSIS_DSP/TransformFunctions/arm_rfft_init_q15.o
LOAD ./Dave/Generated/CMSIS_DSP/TransformFunctions/arm_rfft_init_q31.o
LOAD ./Dave/Generated/CMSIS_DSP/TransformFunctions/arm_rfft_q15.o
LOAD ./Dave/Generated/CMSIS_DSP/TransformFunctions/arm_rfft_q31.o
LOAD ./Dave/Generated/CMSIS_DSP/SupportFunctions/arm_copy_f32.o
LOAD ./Dave/Generated/CMSIS_DSP/SupportFunctions/arm_copy_q15.o
LOAD ./Dave/Generated/CMSIS_DSP/SupportFunctions/arm_copy_q31.o
LOAD ./Dave/Generated/CMSIS_DSP/SupportFunctions/arm_copy_q7.o
LOAD ./Dave/Generated/CMSIS_DSP/SupportFunctions/arm_fill_f32.o
LOAD ./Dave/Generated/CMSIS_DSP/SupportFunctions/arm_fill_q15.o
LOAD ./Dave/Generated/CMSIS_DSP/SupportFunctions/arm_fill_q31.o
LOAD ./Dave/Generated/CMSIS_DSP/SupportFunctions/arm_fill_q7.o
LOAD ./Dave/Generated/CMSIS_DSP/SupportFunctions/arm_float_to_q15.o
LOAD ./Dave/Generated/CMSIS_DSP/SupportFunctions/arm_float_to_q31.o
LOAD ./Dave/Generated/CMSIS_DSP/SupportFunctions/arm_float_to_q7.o
LOAD ./Dave/Generated/CMSIS_DSP/SupportFunctions/arm_q15_to_float.o
LOAD ./Dave/Generated/CMSIS_DSP/SupportFunctions/arm_q15_to_q31.o
LOAD ./Dave/Generated/CMSIS_DSP/SupportFunctions/arm_q15_to_q7.o
LOAD ./Dave/Generated/CMSIS_DSP/SupportFunctions/arm_q31_to_float.o
LOAD ./Dave/Generated/CMSIS_DSP/SupportFunctions/arm_q31_to_q15.o
LOAD ./Dave/Generated/CMSIS_DSP/SupportFunctions/arm_q31_to_q7.o
LOAD ./Dave/Generated/CMSIS_DSP/SupportFunctions/arm_q7_to_float.o
LOAD ./Dave/Generated/CMSIS_DSP/SupportFunctions/arm_q7_to_q15.o
LOAD ./Dave/Generated/CMSIS_DSP/SupportFunctions/arm_q7_to_q31.o
LOAD ./Dave/Generated/CMSIS_DSP/StatisticsFunctions/arm_max_f32.o
LOAD ./Dave/Generated/CMSIS_DSP/StatisticsFunctions/arm_max_q15.o
LOAD ./Dave/Generated/CMSIS_DSP/StatisticsFunctions/arm_max_q31.o
LOAD ./Dave/Generated/CMSIS_DSP/StatisticsFunctions/arm_max_q7.o
LOAD ./Dave/Generated/CMSIS_DSP/StatisticsFunctions/arm_mean_f32.o
LOAD ./Dave/Generated/CMSIS_DSP/StatisticsFunctions/arm_mean_q15.o
LOAD ./Dave/Generated/CMSIS_DSP/StatisticsFunctions/arm_mean_q31.o
LOAD ./Dave/Generated/CMSIS_DSP/StatisticsFunctions/arm_mean_q7.o
LOAD ./Dave/Generated/CMSIS_DSP/StatisticsFunctions/arm_min_f32.o
LOAD ./Dave/Generated/CMSIS_DSP/StatisticsFunctions/arm_min_q15.o
LOAD ./Dave/Generated/CMSIS_DSP/StatisticsFunctions/arm_min_q31.o
LOAD ./Dave/Generated/CMSIS_DSP/StatisticsFunctions/arm_min_q7.o
LOAD ./Dave/Generated/CMSIS_DSP/StatisticsFunctions/arm_power_f32.o
LOAD ./Dave/Generated/CMSIS_DSP/StatisticsFunctions/arm_power_q15.o
LOAD ./Dave/Generated/CMSIS_DSP/StatisticsFunctions/arm_power_q31.o
LOAD ./Dave/Generated/CMSIS_DSP/StatisticsFunctions/arm_power_q7.o
LOAD ./Dave/Generated/CMSIS_DSP/StatisticsFunctions/arm_rms_f32.o
LOAD ./Dave/Generated/CMSIS_DSP/StatisticsFunctions/arm_rms_q15.o
LOAD ./Dave/Generated/CMSIS_DSP/StatisticsFunctions/arm_rms_q31.o
LOAD ./Dave/Generated/CMSIS_DSP/StatisticsFunctions/arm_std_f32.o
LOAD ./Dave/Generated/CMSIS_DSP/StatisticsFunctions/arm_std_q15.o
LOAD ./Dave/Generated/CMSIS_DSP/StatisticsFunctions/arm_std_q31.o
LOAD ./Dave/Generated/CMSIS_DSP/StatisticsFunctions/arm_var_f32.o
LOAD ./Dave/Generated/CMSIS_DSP/StatisticsFunctions/arm_var_q15.o
LOAD ./Dave/Generated/CMSIS_DSP/StatisticsFunctions/arm_var_q31.o
LOAD ./Dave/Generated/CMSIS_DSP/MatrixFunctions/arm_mat_add_f32.o
LOAD ./Dave/Generated/CMSIS_DSP/MatrixFunctions/arm_mat_add_q15.o
LOAD ./Dave/Generated/CMSIS_DSP/MatrixFunctions/arm_mat_add_q31.o
LOAD ./Dave/Generated/CMSIS_DSP/MatrixFunctions/arm_mat_cmplx_mult_f32.o
LOAD ./Dave/Generated/CMSIS_DSP/MatrixFunctions/arm_mat_cmplx_mult_q15.o
LOAD ./Dave/Generated/CMSIS_DSP/MatrixFunctions/arm_mat_cmplx_mult_q31.o
LOAD ./Dave/Generated/CMSIS_DSP/MatrixFunctions/arm_mat_init_f32.o
LOAD ./Dave/Generated/CMSIS_DSP/MatrixFunctions/arm_mat_init_q15.o
LOAD ./Dave/Generated/CMSIS_DSP/MatrixFunctions/arm_mat_init_q31.o
LOAD ./Dave/Generated/CMSIS_DSP/MatrixFunctions/arm_mat_inverse_f32.o
LOAD ./Dave/Generated/CMSIS_DSP/MatrixFunctions/arm_mat_inverse_f64.o
LOAD ./Dave/Generated/CMSIS_DSP/MatrixFunctions/arm_mat_mult_f32.o
LOAD ./Dave/Generated/CMSIS_DSP/MatrixFunctions/arm_mat_mult_fast_q15.o
LOAD ./Dave/Generated/CMSIS_DSP/MatrixFunctions/arm_mat_mult_fast_q31.o
LOAD ./Dave/Generated/CMSIS_DSP/MatrixFunctions/arm_mat_mult_q15.o
LOAD ./Dave/Generated/CMSIS_DSP/MatrixFunctions/arm_mat_mult_q31.o
LOAD ./Dave/Generated/CMSIS_DSP/MatrixFunctions/arm_mat_scale_f32.o
LOAD ./Dave/Generated/CMSIS_DSP/MatrixFunctions/arm_mat_scale_q15.o
LOAD ./Dave/Generated/CMSIS_DSP/MatrixFunctions/arm_mat_scale_q31.o
LOAD ./Dave/Generated/CMSIS_DSP/MatrixFunctions/arm_mat_sub_f32.o
LOAD ./Dave/Generated/CMSIS_DSP/MatrixFunctions/arm_mat_sub_q15.o
LOAD ./Dave/Generated/CMSIS_DSP/MatrixFunctions/arm_mat_sub_q31.o
LOAD ./Dave/Generated/CMSIS_DSP/MatrixFunctions/arm_mat_trans_f32.o
LOAD ./Dave/Generated/CMSIS_DSP/MatrixFunctions/arm_mat_trans_q15.o
LOAD ./Dave/Generated/CMSIS_DSP/MatrixFunctions/arm_mat_trans_q31.o
LOAD ./Dave/Generated/CMSIS_DSP/FilteringFunctions/arm_biquad_cascade_df1_32x64_init_q31.o
LOAD ./Dave/Generated/CMSIS_DSP/FilteringFunctions/arm_biquad_cascade_df1_32x64_q31.o
LOAD ./Dave/Generated/CMSIS_DSP/FilteringFunctions/arm_biquad_cascade_df1_f32.o
LOAD ./Dave/Generated/CMSIS_DSP/FilteringFunctions/arm_biquad_cascade_df1_fast_q15.o
LOAD ./Dave/Generated/CMSIS_DSP/FilteringFunctions/arm_biquad_cascade_df1_fast_q31.o
LOAD ./Dave/Generated/CMSIS_DSP/FilteringFunctions/arm_biquad_cascade_df1_init_f32.o
LOAD ./Dave/Generated/CMSIS_DSP/FilteringFunctions/arm_biquad_cascade_df1_init_q15.o
LOAD ./Dave/Generated/CMSIS_DSP/FilteringFunctions/arm_biquad_cascade_df1_init_q31.o
LOAD ./Dave/Generated/CMSIS_DSP/FilteringFunctions/arm_biquad_cascade_df1_q15.o
LOAD ./Dave/Generated/CMSIS_DSP/FilteringFunctions/arm_biquad_cascade_df1_q31.o
LOAD ./Dave/Generated/CMSIS_DSP/FilteringFunctions/arm_biquad_cascade_df2T_f32.o
LOAD ./Dave/Generated/CMSIS_DSP/FilteringFunctions/arm_biquad_cascade_df2T_f64.o
LOAD ./Dave/Generated/CMSIS_DSP/FilteringFunctions/arm_biquad_cascade_df2T_init_f32.o
LOAD ./Dave/Generated/CMSIS_DSP/FilteringFunctions/arm_biquad_cascade_df2T_init_f64.o
LOAD ./Dave/Generated/CMSIS_DSP/FilteringFunctions/arm_biquad_cascade_stereo_df2T_f32.o
LOAD ./Dave/Generated/CMSIS_DSP/FilteringFunctions/arm_biquad_cascade_stereo_df2T_init_f32.o
LOAD ./Dave/Generated/CMSIS_DSP/FilteringFunctions/arm_conv_f32.o
LOAD ./Dave/Generated/CMSIS_DSP/FilteringFunctions/arm_conv_fast_opt_q15.o
LOAD ./Dave/Generated/CMSIS_DSP/FilteringFunctions/arm_conv_fast_q15.o
LOAD ./Dave/Generated/CMSIS_DSP/FilteringFunctions/arm_conv_fast_q31.o
LOAD ./Dave/Generated/CMSIS_DSP/FilteringFunctions/arm_conv_opt_q15.o
LOAD ./Dave/Generated/CMSIS_DSP/FilteringFunctions/arm_conv_opt_q7.o
LOAD ./Dave/Generated/CMSIS_DSP/FilteringFunctions/arm_conv_partial_f32.o
LOAD ./Dave/Generated/CMSIS_DSP/FilteringFunctions/arm_conv_partial_fast_opt_q15.o
LOAD ./Dave/Generated/CMSIS_DSP/FilteringFunctions/arm_conv_partial_fast_q15.o
LOAD ./Dave/Generated/CMSIS_DSP/FilteringFunctions/arm_conv_partial_fast_q31.o
LOAD ./Dave/Generated/CMSIS_DSP/FilteringFunctions/arm_conv_partial_opt_q15.o
LOAD ./Dave/Generated/CMSIS_DSP/FilteringFunctions/arm_conv_partial_opt_q7.o
LOAD ./Dave/Generated/CMSIS_DSP/FilteringFunctions/arm_conv_partial_q15.o
LOAD ./Dave/Generated/CMSIS_DSP/FilteringFunctions/arm_conv_partial_q31.o
LOAD ./Dave/Generated/CMSIS_DSP/FilteringFunctions/arm_conv_partial_q7.o
LOAD ./Dave/Generated/CMSIS_DSP/FilteringFunctions/arm_conv_q15.o
LOAD ./Dave/Generated/CMSIS_DSP/FilteringFunctions/arm_conv_q31.o
LOAD ./Dave/Generated/CMSIS_DSP/FilteringFunctions/arm_conv_q7.o
LOAD ./Dave/Generated/CMSIS_DSP/FilteringFunctions/arm_correlate_f32.o
LOAD ./Dave/Generated/CMSIS_DSP/FilteringFunctions/arm_correlate_fast_opt_q15.o
LOAD ./Dave/Generated/CMSIS_DSP/FilteringFunctions/arm_correlate_fast_q15.o
LOAD ./Dave/Generated/CMSIS_DSP/FilteringFunctions/arm_correlate_fast_q31.o
LOAD ./Dave/Generated/CMSIS_DSP/FilteringFunctions/arm_correlate_opt_q15.o
LOAD ./Dave/Generated/CMSIS_DSP/FilteringFunctions/arm_correlate_opt_q7.o
LOAD ./Dave/Generated/CMSIS_DSP/FilteringFunctions/arm_correlate_q15.o
LOAD ./Dave/Generated/CMSIS_DSP/FilteringFunctions/arm_correlate_q31.o
LOAD ./Dave/Generated/CMSIS_DSP/FilteringFunctions/arm_correlate_q7.o
LOAD ./Dave/Generated/CMSIS_DSP/FilteringFunctions/arm_fir_decimate_f32.o
LOAD ./Dave/Generated/CMSIS_DSP/FilteringFunctions/arm_fir_decimate_fast_q15.o
LOAD ./Dave/Generated/CMSIS_DSP/FilteringFunctions/arm_fir_decimate_fast_q31.o
LOAD ./Dave/Generated/CMSIS_DSP/FilteringFunctions/arm_fir_decimate_init_f32.o
LOAD ./Dave/Generated/CMSIS_DSP/FilteringFunctions/arm_fir_decimate_init_q15.o
LOAD ./Dave/Generated/CMSIS_DSP/FilteringFunctions/arm_fir_decimate_init_q31.o
LOAD ./Dave/Generated/CMSIS_DSP/FilteringFunctions/arm_fir_decimate_q15.o
LOAD ./Dave/Generated/CMSIS_DSP/FilteringFunctions/arm_fir_decimate_q31.o
LOAD ./Dave/Generated/CMSIS_DSP/FilteringFunctions/arm_fir_f32.o
LOAD ./Dave/Generated/CMSIS_DSP/FilteringFunctions/arm_fir_fast_q15.o
LOAD ./Dave/Generated/CMSIS_DSP/FilteringFunctions/arm_fir_fast_q31.o
LOAD ./Dave/Generated/CMSIS_DSP/FilteringFunctions/arm_fir_init_f32.o
LOAD ./Dave/Generated/CMSIS_DSP/FilteringFunctions/arm_fir_init_q15.o
LOAD ./Dave/Generated/CMSIS_DSP/FilteringFunctions/arm_fir_init_q31.o
LOAD ./Dave/Generated/CMSIS_DSP/FilteringFunctions/arm_fir_init_q7.o
LOAD ./Dave/Generated/CMSIS_DSP/FilteringFunctions/arm_fir_interpolate_f32.o
LOAD ./Dave/Generated/CMSIS_DSP/FilteringFunctions/arm_fir_interpolate_init_f32.o
LOAD ./Dave/Generated/CMSIS_DSP/FilteringFunctions/arm_fir_interpolate_init_q15.o
LOAD ./Dave/Generated/CMSIS_DSP/FilteringFunctions/arm_fir_interpolate_init_q31.o
LOAD ./Dave/Generated/CMSIS_DSP/FilteringFunctions/arm_fir_interpolate_q15.o
LOAD ./Dave/Generated/CMSIS_DSP/FilteringFunctions/arm_fir_interpolate_q31.o
LOAD ./Dave/Generated/CMSIS_DSP/FilteringFunctions/arm_fir_lattice_f32.o
LOAD ./Dave/Generated/CMSIS_DSP/FilteringFunctions/arm_fir_lattice_init_f32.o
LOAD ./Dave/Generated/CMSIS_DSP/FilteringFunctions/arm_fir_lattice_init_q15.o
LOAD ./Dave/Generated/CMSIS_DSP/FilteringFunctions/arm_fir_lattice_init_q31.o
LOAD ./Dave/Generated/CMSIS_DSP/FilteringFunctions/arm_fir_lattice_q15.o
LOAD ./Dave/Generated/CMSIS_DSP/FilteringFunctions/arm_fir_lattice_q31.o
LOAD ./Dave/Generated/CMSIS_DSP/FilteringFunctions/arm_fir_q15.o
LOAD ./Dave/Generated/CMSIS_DSP/FilteringFunctions/arm_fir_q31.o
LOAD ./Dave/Generated/CMSIS_DSP/FilteringFunctions/arm_fir_q7.o
LOAD ./Dave/Generated/CMSIS_DSP/FilteringFunctions/arm_fir_sparse_f32.o
LOAD ./Dave/Generated/CMSIS_DSP/FilteringFunctions/arm_fir_sparse_init_f32.o
LOAD ./Dave/Generated/CMSIS_DSP/FilteringFunctions/arm_fir_sparse_init_q15.o
LOAD ./Dave/Generated/CMSIS_DSP/FilteringFunctions/arm_fir_sparse_init_q31.o
LOAD ./Dave/Generated/CMSIS_DSP/FilteringFunctions/arm_fir_sparse_init_q7.o
LOAD ./Dave/Generated/CMSIS_DSP/FilteringFunctions/arm_fir_sparse_q15.o
LOAD ./Dave/Generated/CMSIS_DSP/FilteringFunctions/arm_fir_sparse_q31.o
LOAD ./Dave/Generated/CMSIS_DSP/FilteringFunctions/arm_fir_sparse_q7.o
LOAD ./Dave/Generated/CMSIS_DSP/FilteringFunctions/arm_iir_lattice_f32.o
LOAD ./Dave/Generated/CMSIS_DSP/FilteringFunctions/arm_iir_lattice_init_f32.o
LOAD ./Dave/Generated/CMSIS_DSP/FilteringFunctions/arm_iir_lattice_init_q15.o
LOAD ./Dave/Generated/CMSIS_DSP/FilteringFunctions/arm_iir_lattice_init_q31.o
LOAD ./Dave/Generated/CMSIS_DSP/FilteringFunctions/arm_iir_lattice_q15.o
LOAD ./Dave/Generated/CMSIS_DSP/FilteringFunctions/arm_iir_lattice_q31.o
LOAD ./Dave/Generated/CMSIS_DSP/FilteringFunctions/arm_lms_f32.o
LOAD ./Dave/Generated/CMSIS_DSP/FilteringFunctions/arm_lms_init_f32.o
LOAD ./Dave/Generated/CMSIS_DSP/FilteringFunctions/arm_lms_init_q15.o
LOAD ./Dave/Generated/CMSIS_DSP/FilteringFunctions/arm_lms_init_q31.o
LOAD ./Dave/Generated/CMSIS_DSP/FilteringFunctions/arm_lms_norm_f32.o
LOAD ./Dave/Generated/CMSIS_DSP/FilteringFunctions/arm_lms_norm_init_f32.o
LOAD ./Dave/Generated/CMSIS_DSP/FilteringFunctions/arm_lms_norm_init_q15.o
LOAD ./Dave/Generated/CMSIS_DSP/FilteringFunctions/arm_lms_norm_init_q31.o
LOAD ./Dave/Generated/CMSIS_DSP/FilteringFunctions/arm_lms_norm_q15.o
LOAD ./Dave/Generated/CMSIS_DSP/FilteringFunctions/arm_lms_norm_q31.o
LOAD ./Dave/Generated/CMSIS_DSP/FilteringFunctions/arm_lms_q15.o
LOAD ./Dave/Generated/CMSIS_DSP/FilteringFunctions/arm_lms_q31.o
LOAD ./Dave/Generated/CMSIS_DSP/FastMathFunctions/arm_cos_f32.o
LOAD ./Dave/Generated/CMSIS_DSP/FastMathFunctions/arm_cos_q15.o
LOAD ./Dave/Generated/CMSIS_DSP/FastMathFunctions/arm_cos_q31.o
LOAD ./Dave/Generated/CMSIS_DSP/FastMathFunctions/arm_sin_f32.o
LOAD ./Dave/Generated/CMSIS_DSP/FastMathFunctions/arm_sin_q15.o
LOAD ./Dave/Generated/CMSIS_DSP/FastMathFunctions/arm_sin_q31.o
LOAD ./Dave/Generated/CMSIS_DSP/FastMathFunctions/arm_sqrt_q15.o
LOAD ./Dave/Generated/CMSIS_DSP/FastMathFunctions/arm_sqrt_q31.o
LOAD ./Dave/Generated/CMSIS_DSP/ControllerFunctions/arm_pid_init_f32.o
LOAD ./Dave/Generated/CMSIS_DSP/ControllerFunctions/arm_pid_init_q15.o
LOAD ./Dave/Generated/CMSIS_DSP/ControllerFunctions/arm_pid_init_q31.o
LOAD ./Dave/Generated/CMSIS_DSP/ControllerFunctions/arm_pid_reset_f32.o
LOAD ./Dave/Generated/CMSIS_DSP/ControllerFunctions/arm_pid_reset_q15.o
LOAD ./Dave/Generated/CMSIS_DSP/ControllerFunctions/arm_pid_reset_q31.o
LOAD ./Dave/Generated/CMSIS_DSP/ControllerFunctions/arm_sin_cos_f32.o
LOAD ./Dave/Generated/CMSIS_DSP/ControllerFunctions/arm_sin_cos_q31.o
LOAD ./Dave/Generated/CMSIS_DSP/ComplexMathFunctions/arm_cmplx_conj_f32.o
LOAD ./Dave/Generated/CMSIS_DSP/ComplexMathFunctions/arm_cmplx_conj_q15.o
LOAD ./Dave/Generated/CMSIS_DSP/ComplexMathFunctions/arm_cmplx_conj_q31.o
LOAD ./Dave/Generated/CMSIS_DSP/ComplexMathFunctions/arm_cmplx_dot_prod_f32.o
LOAD ./Dave/Generated/CMSIS_DSP/ComplexMathFunctions/arm_cmplx_dot_prod_q15.o
LOAD ./Dave/Generated/CMSIS_DSP/ComplexMathFunctions/arm_cmplx_dot_prod_q31.o
LOAD ./Dave/Generated/CMSIS_DSP/ComplexMathFunctions/arm_cmplx_mag_f32.o
LOAD ./Dave/Generated/CMSIS_DSP/ComplexMathFunctions/arm_cmplx_mag_q15.o
LOAD ./Dave/Generated/CMSIS_DSP/ComplexMathFunctions/arm_cmplx_mag_q31.o
LOAD ./Dave/Generated/CMSIS_DSP/ComplexMathFunctions/arm_cmplx_mag_squared_f32.o
LOAD ./Dave/Generated/CMSIS_DSP/ComplexMathFunctions/arm_cmplx_mag_squared_q15.o
LOAD ./Dave/Generated/CMSIS_DSP/ComplexMathFunctions/arm_cmplx_mag_squared_q31.o
LOAD ./Dave/Generated/CMSIS_DSP/ComplexMathFunctions/arm_cmplx_mult_cmplx_f32.o
LOAD ./Dave/Generated/CMSIS_DSP/ComplexMathFunctions/arm_cmplx_mult_cmplx_q15.o
LOAD ./Dave/Generated/CMSIS_DSP/ComplexMathFunctions/arm_cmplx_mult_cmplx_q31.o
LOAD ./Dave/Generated/CMSIS_DSP/ComplexMathFunctions/arm_cmplx_mult_real_f32.o
LOAD ./Dave/Generated/CMSIS_DSP/ComplexMathFunctions/arm_cmplx_mult_real_q15.o
LOAD ./Dave/Generated/CMSIS_DSP/ComplexMathFunctions/arm_cmplx_mult_real_q31.o
LOAD ./Dave/Generated/CMSIS_DSP/CommonTables/arm_common_tables.o
LOAD ./Dave/Generated/CMSIS_DSP/CommonTables/arm_const_structs.o
LOAD ./Dave/Generated/CMSIS_DSP/BasicMathFunctions/arm_abs_f32.o
LOAD ./Dave/Generated/CMSIS_DSP/BasicMathFunctions/arm_abs_q15.o
LOAD ./Dave/Generated/CMSIS_DSP/BasicMathFunctions/arm_abs_q31.o
LOAD ./Dave/Generated/CMSIS_DSP/BasicMathFunctions/arm_abs_q7.o
LOAD ./Dave/Generated/CMSIS_DSP/BasicMathFunctions/arm_add_f32.o
LOAD ./Dave/Generated/CMSIS_DSP/BasicMathFunctions/arm_add_q15.o
LOAD ./Dave/Generated/CMSIS_DSP/BasicMathFunctions/arm_add_q31.o
LOAD ./Dave/Generated/CMSIS_DSP/BasicMathFunctions/arm_add_q7.o
LOAD ./Dave/Generated/CMSIS_DSP/BasicMathFunctions/arm_dot_prod_f32.o
LOAD ./Dave/Generated/CMSIS_DSP/BasicMathFunctions/arm_dot_prod_q15.o
LOAD ./Dave/Generated/CMSIS_DSP/BasicMathFunctions/arm_dot_prod_q31.o
LOAD ./Dave/Generated/CMSIS_DSP/BasicMathFunctions/arm_dot_prod_q7.o
LOAD ./Dave/Generated/CMSIS_DSP/BasicMathFunctions/arm_mult_f32.o
LOAD ./Dave/Generated/CMSIS_DSP/BasicMathFunctions/arm_mult_q15.o
LOAD ./Dave/Generated/CMSIS_DSP/BasicMathFunctions/arm_mult_q31.o
LOAD ./Dave/Generated/CMSIS_DSP/BasicMathFunctions/arm_mult_q7.o
LOAD ./Dave/Generated/CMSIS_DSP/BasicMathFunctions/arm_negate_f32.o
LOAD ./Dave/Generated/CMSIS_DSP/BasicMathFunctions/arm_negate_q15.o
LOAD ./Dave/Generated/CMSIS_DSP/BasicMathFunctions/arm_negate_q31.o
LOAD ./Dave/Generated/CMSIS_DSP/BasicMathFunctions/arm_negate_q7.o
LOAD ./Dave/Generated/CMSIS_DSP/BasicMathFunctions/arm_offset_f32.o
LOAD ./Dave/Generated/CMSIS_DSP/BasicMathFunctions/arm_offset_q15.o
LOAD ./Dave/Generated/CMSIS_DSP/BasicMathFunctions/arm_offset_q31.o
LOAD ./Dave/Generated/CMSIS_DSP/BasicMathFunctions/arm_offset_q7.o
LOAD ./Dave/Generated/CMSIS_DSP/BasicMathFunctions/arm_scale_f32.o
LOAD ./Dave/Generated/CMSIS_DSP/BasicMathFunctions/arm_scale_q15.o
LOAD ./Dave/Generated/CMSIS_DSP/BasicMathFunctions/arm_scale_q31.o
LOAD ./Dave/Generated/CMSIS_DSP/BasicMathFunctions/arm_scale_q7.o
LOAD ./Dave/Generated/CMSIS_DSP/BasicMathFunctions/arm_shift_q15.o
LOAD ./Dave/Generated/CMSIS_DSP/BasicMathFunctions/arm_shift_q31.o
LOAD ./Dave/Generated/CMSIS_DSP/BasicMathFunctions/arm_shift_q7.o
LOAD ./Dave/Generated/CMSIS_DSP/BasicMathFunctions/arm_sub_f32.o
LOAD ./Dave/Generated/CMSIS_DSP/BasicMathFunctions/arm_sub_q15.o
LOAD ./Dave/Generated/CMSIS_DSP/BasicMathFunctions/arm_sub_q31.o
LOAD ./Dave/Generated/CMSIS_DSP/BasicMathFunctions/arm_sub_q7.o
LOAD ./Dave/Generated/CMSIS_DSP/cmsis_dsp.o
LOAD ./Dave/Generated/CLOCK_XMC4/clock_xmc4.o
LOAD ./Dave/Generated/CLOCK_XMC4/clock_xmc4_conf.o
LOAD ./Dave/Generated/CCU4_SLICE_CONFIG/ccu4_slice_config.o
LOAD ./Dave/Generated/CCU4_SLICE_CONFIG/ccu4_slice_config_conf.o
LOAD ./Dave/Generated/ADC_MEASUREMENT_ADV/adc_measurement_adv.o
LOAD ./Dave/Generated/ADC_MEASUREMENT_ADV/adc_measurement_adv_conf.o
LOAD ./Dave/Generated/DAVE.o
LOAD ./DSP_LIB/src/dsp_lib.o
LOAD ./BSP/Position2Go/src/position2go_bgt.o
LOAD ./BSP/Position2Go/src/position2go_bsp.o
LOAD ./BSP/Position2Go/src/position2go_pga.o
LOAD ./BSP/Position2Go/src/position2go_pll.o
LOAD ./BSP/Position2Go/src/position2go_spi.o
LOAD ./BSP/Position2Go/src/stream_interface_usb.o
LOAD ./BSP/Components/pga112/src/pga112.o
LOAD ./BSP/Components/lmx249x/src/lmx249x.o
LOAD ./BSP/Components/bgt24mtr1x/src/bgt24mtr1x.o
LOAD ./Application/src/application.o
LOAD ./Algorithm/src/range_doppler.o
LOAD ./Algorithm/src/tracking.o
LOAD ./main.o
LOAD c:/infineon/tools/dave ide/4.5.0.202105191637/eclipse/arm-gcc-49/bin/../lib/gcc/arm-none-eabi/4.9.3/../../../../arm-none-eabi/lib/armv7e-m/softfp\libm.a
START GROUP
LOAD c:/infineon/tools/dave ide/4.5.0.202105191637/eclipse/arm-gcc-49/bin/../lib/gcc/arm-none-eabi/4.9.3/armv7e-m/softfp\libgcc.a
LOAD c:/infineon/tools/dave ide/4.5.0.202105191637/eclipse/arm-gcc-49/bin/../lib/gcc/arm-none-eabi/4.9.3/../../../../arm-none-eabi/lib/armv7e-m/softfp\libg_nano.a
LOAD c:/infineon/tools/dave ide/4.5.0.202105191637/eclipse/arm-gcc-49/bin/../lib/gcc/arm-none-eabi/4.9.3/../../../../arm-none-eabi/lib/armv7e-m/softfp\libc_nano.a
END GROUP
START GROUP
LOAD c:/infineon/tools/dave ide/4.5.0.202105191637/eclipse/arm-gcc-49/bin/../lib/gcc/arm-none-eabi/4.9.3/armv7e-m/softfp\libgcc.a
LOAD c:/infineon/tools/dave ide/4.5.0.202105191637/eclipse/arm-gcc-49/bin/../lib/gcc/arm-none-eabi/4.9.3/../../../../arm-none-eabi/lib/armv7e-m/softfp\libc_nano.a
LOAD c:/infineon/tools/dave ide/4.5.0.202105191637/eclipse/arm-gcc-49/bin/../lib/gcc/arm-none-eabi/4.9.3/../../../../arm-none-eabi/lib/armv7e-m/softfp\librdimon_nano.a
LOAD c:/infineon/tools/dave ide/4.5.0.202105191637/eclipse/arm-gcc-49/bin/../lib/gcc/arm-none-eabi/4.9.3/../../../../arm-none-eabi/lib/armv7e-m/softfp\libnosys.a
END GROUP
START GROUP
LOAD c:/infineon/tools/dave ide/4.5.0.202105191637/eclipse/arm-gcc-49/bin/../lib/gcc/arm-none-eabi/4.9.3/armv7e-m/softfp\libgcc.a
LOAD c:/infineon/tools/dave ide/4.5.0.202105191637/eclipse/arm-gcc-49/bin/../lib/gcc/arm-none-eabi/4.9.3/../../../../arm-none-eabi/lib/armv7e-m/softfp\libc_nano.a
LOAD c:/infineon/tools/dave ide/4.5.0.202105191637/eclipse/arm-gcc-49/bin/../lib/gcc/arm-none-eabi/4.9.3/../../../../arm-none-eabi/lib/armv7e-m/softfp\libnosys.a
END GROUP
START GROUP
LOAD c:/infineon/tools/dave ide/4.5.0.202105191637/eclipse/arm-gcc-49/bin/../lib/gcc/arm-none-eabi/4.9.3/armv7e-m/softfp\libgcc.a
LOAD c:/infineon/tools/dave ide/4.5.0.202105191637/eclipse/arm-gcc-49/bin/../lib/gcc/arm-none-eabi/4.9.3/../../../../arm-none-eabi/lib/armv7e-m/softfp\libc_nano.a
LOAD c:/infineon/tools/dave ide/4.5.0.202105191637/eclipse/arm-gcc-49/bin/../lib/gcc/arm-none-eabi/4.9.3/../../../../arm-none-eabi/lib/armv7e-m/softfp\librdimon_nano.a
END GROUP
                0x00000800                stack_size = DEFINED (stack_size)?stack_size:0x800
                0x00000040                no_init_size = 0x40

.reset          0x08000000      0x294 load address 0x0c000000
 *(.reset)
 .reset         0x08000000      0x294 ./Startup/startup_XMC4700.o
                0x08000000                __Vectors
                0x08000200                Reset_Handler
                0x08000290                DSD0_7_IRQHandler
                0x08000290                DebugMon_Handler
                0x08000290                VADC0_C0_0_IRQHandler
                0x08000290                CAN0_4_IRQHandler
                0x08000290                VADC0_G2_0_IRQHandler
                0x08000290                USIC0_5_IRQHandler
                0x08000290                POSIF0_0_IRQHandler
                0x08000290                POSIF1_0_IRQHandler
                0x08000290                HardFault_Handler
                0x08000290                VADC0_G1_1_IRQHandler
                0x08000290                PendSV_Handler
                0x08000290                NMI_Handler
                0x08000290                USIC1_3_IRQHandler
                0x08000290                CCU40_2_IRQHandler
                0x08000290                SCU_0_IRQHandler
                0x08000290                ERU0_0_IRQHandler
                0x08000290                CCU41_0_IRQHandler
                0x08000290                USIC1_5_IRQHandler
                0x08000290                DSD0_4_IRQHandler
                0x08000290                CCU80_1_IRQHandler
                0x08000290                CCU81_0_IRQHandler
                0x08000290                UsageFault_Handler
                0x08000290                USIC0_0_IRQHandler
                0x08000290                POSIF1_1_IRQHandler
                0x08000290                ERU0_2_IRQHandler
                0x08000290                CCU81_1_IRQHandler
                0x08000290                ERU1_1_IRQHandler
                0x08000290                VADC0_G2_3_IRQHandler
                0x08000290                VADC0_G2_2_IRQHandler
                0x08000290                CCU42_3_IRQHandler
                0x08000290                ERU0_3_IRQHandler
                0x08000290                DSD0_5_IRQHandler
                0x08000290                VADC0_C0_3_IRQHandler
                0x08000290                CAN0_6_IRQHandler
                0x08000290                VADC0_G0_1_IRQHandler
                0x08000290                CCU81_2_IRQHandler
                0x08000290                USIC2_4_IRQHandler
                0x08000290                CCU81_3_IRQHandler
                0x08000290                CCU42_1_IRQHandler
                0x08000290                USIC1_1_IRQHandler
                0x08000290                USIC2_5_IRQHandler
                0x08000290                CCU40_0_IRQHandler
                0x08000290                CAN0_0_IRQHandler
                0x08000290                ERU1_0_IRQHandler
                0x08000290                CCU42_2_IRQHandler
                0x08000290                Default_Handler
                0x08000290                USIC1_4_IRQHandler
                0x08000290                ERU1_3_IRQHandler
                0x08000290                USIC1_0_IRQHandler
                0x08000290                POSIF0_1_IRQHandler
                0x08000290                VADC0_G0_0_IRQHandler
                0x08000290                DSD0_2_IRQHandler
                0x08000290                CCU80_3_IRQHandler
                0x08000290                CCU41_3_IRQHandler
                0x08000290                CCU80_2_IRQHandler
                0x08000290                VADC0_G1_3_IRQHandler
                0x08000290                VADC0_G0_3_IRQHandler
                0x08000290                PMU0_0_IRQHandler
                0x08000290                CAN0_7_IRQHandler
                0x08000290                DSD0_1_IRQHandler
                0x08000290                CCU41_2_IRQHandler
                0x08000290                VADC0_C0_1_IRQHandler
                0x08000290                CCU43_2_IRQHandler
                0x08000290                USIC2_2_IRQHandler
                0x08000290                MemManage_Handler
                0x08000290                VADC0_G3_1_IRQHandler
                0x08000290                DAC0_0_IRQHandler
                0x08000290                SVC_Handler
                0x08000290                VADC0_G3_3_IRQHandler
                0x08000290                ERU1_2_IRQHandler
                0x08000290                CCU41_1_IRQHandler
                0x08000290                DSD0_6_IRQHandler
                0x08000290                VADC0_G1_2_IRQHandler
                0x08000290                USIC2_3_IRQHandler
                0x08000290                CAN0_2_IRQHandler
                0x08000290                USIC2_0_IRQHandler
                0x08000290                VADC0_G0_2_IRQHandler
                0x08000290                VADC0_G2_1_IRQHandler
                0x08000290                CAN0_3_IRQHandler
                0x08000290                ETH0_0_IRQHandler
                0x08000290                USIC0_3_IRQHandler
                0x08000290                DSD0_0_IRQHandler
                0x08000290                VADC0_C0_2_IRQHandler
                0x08000290                CCU42_0_IRQHandler
                0x08000290                FCE0_0_IRQHandler
                0x08000290                VADC0_G1_0_IRQHandler
                0x08000290                CAN0_5_IRQHandler
                0x08000290                CCU80_0_IRQHandler
                0x08000290                CCU40_1_IRQHandler
                0x08000290                USIC2_1_IRQHandler
                0x08000290                USIC0_1_IRQHandler
                0x08000290                VADC0_G3_2_IRQHandler
                0x08000290                CCU40_3_IRQHandler
                0x08000290                BusFault_Handler
                0x08000290                LEDTS0_0_IRQHandler
                0x08000290                USIC0_4_IRQHandler
                0x08000290                CCU43_3_IRQHandler
                0x08000290                ERU0_1_IRQHandler
                0x08000290                VADC0_G3_0_IRQHandler
                0x08000290                USIC1_2_IRQHandler
                0x08000290                DSD0_3_IRQHandler
                0x08000290                SDMMC0_0_IRQHandler
                0x08000290                CAN0_1_IRQHandler
                0x08000290                USIC0_2_IRQHandler
                0x08000290                DAC0_1_IRQHandler

.text           0x08020000    0x11f8c load address 0x0c020000
                0x08020000                sText = .
 *(.text .text.* .gnu.linkonce.t.*)
 .text.store_algo_result
                0x08020000       0x58 ./Store/src/datastore.o
                0x08020000                store_algo_result
 .text.ds_get_target_list
                0x08020058        0x8 ./Store/src/datastore.o
                0x08020058                ds_get_target_list
 .text.ds_algo_store_settings
                0x08020060       0x10 ./Store/src/datastore.o
                0x08020060                ds_algo_store_settings
 .text.ds_algo_fetch_settings
                0x08020070        0xc ./Store/src/datastore.o
                0x08020070                ds_algo_fetch_settings
 .text.ds_algo_get_settings
                0x0802007c        0x8 ./Store/src/datastore.o
                0x0802007c                ds_algo_get_settings
 .text.ds_algo_check_settings
                0x08020084       0xb0 ./Store/src/datastore.o
                0x08020084                ds_algo_check_settings
 .text.ds_device_get_settings
                0x08020134        0x8 ./Store/src/datastore.o
                0x08020134                ds_device_get_settings
 .text.ds_device_get_shadow_settings
                0x0802013c        0x8 ./Store/src/datastore.o
                0x0802013c                ds_device_get_shadow_settings
 .text.ds_is_device_settings_updated
                0x08020144       0x1c ./Store/src/datastore.o
                0x08020144                ds_is_device_settings_updated
 .text.ds_device_settings_copy_to_shadow
                0x08020160       0x18 ./Store/src/datastore.o
                0x08020160                ds_device_settings_copy_to_shadow
 .text.ds_init  0x08020178       0x90 ./Store/src/datastore.o
                0x08020178                ds_init
 .text.ds_get_active_acq_buf
                0x08020208        0x8 ./Store/src/datastore.o
                0x08020208                ds_get_active_acq_buf
 .text.ds_set_active_acq_buf
                0x08020210       0x38 ./Store/src/datastore.o
                0x08020210                ds_set_active_acq_buf
 .text.ds_ep_fetch_adc_config
                0x08020248       0x1c ./Store/src/ds_radar_interface.o
                0x08020248                ds_ep_fetch_adc_config
 .text.ds_ep_store_adc_config
                0x08020264       0x24 ./Store/src/ds_radar_interface.o
                0x08020264                ds_ep_store_adc_config
 .text.ds_ep_fetch_doppler_config
                0x08020288       0x1c ./Store/src/ds_radar_interface.o
                0x08020288                ds_ep_fetch_doppler_config
 .text.ds_ep_store_doppler_config
                0x080202a4       0x28 ./Store/src/ds_radar_interface.o
                0x080202a4                ds_ep_store_doppler_config
 .text.ds_ep_fetch_fmcw_config
                0x080202cc       0x44 ./Store/src/ds_radar_interface.o
                0x080202cc                ds_ep_fetch_fmcw_config
 .text.ds_ep_store_fmcw_config
                0x08020310       0x40 ./Store/src/ds_radar_interface.o
                0x08020310                ds_ep_store_fmcw_config
 .text.ds_ep_get_device_info
                0x08020350        0x8 ./Store/src/ds_radar_interface.o
                0x08020350                ds_ep_get_device_info
 .text.ds_ep_fetch_frame_format
                0x08020358       0x1c ./Store/src/ds_radar_interface.o
                0x08020358                ds_ep_fetch_frame_format
 .text.ds_ep_store_frame_format
                0x08020374       0x2c ./Store/src/ds_radar_interface.o
                0x08020374                ds_ep_store_frame_format
 .text.ds_ep_fetch_target_list
                0x080203a0       0x80 ./Store/src/ds_radar_interface.o
                0x080203a0                ds_ep_fetch_target_list
 .text.ds_ep_fetch_range_detection_threshold
                0x08020420       0x18 ./Store/src/ds_radar_interface.o
                0x08020420                ds_ep_fetch_range_detection_threshold
 .text.ds_ep_fetch_fft_config
                0x08020438       0x1c ./Store/src/ds_radar_interface.o
                0x08020438                ds_ep_fetch_fft_config
 .text.SystemCoreClockUpdate
                0x08020454       0x84 ./Startup/system_XMC4700.o
                0x08020454                SystemCoreClockUpdate
 .text.SystemInit
                0x080204d8       0x1c ./Startup/system_XMC4700.o
                0x080204d8                SystemInit
 .text.get_buffer_address_by_chirp
                0x080204f4       0x20 ./Radar_Control/src/acq_buffer.o
                0x080204f4                get_buffer_address_by_chirp
 .text.create_acq_data_buffer_obj
                0x08020514       0xf8 ./Radar_Control/src/acq_buffer.o
                0x08020514                create_acq_data_buffer_obj
 .text.delete_acq_buffer_obj
                0x0802060c        0xc ./Radar_Control/src/acq_buffer.o
                0x0802060c                delete_acq_buffer_obj
 .text.radar_set_adc_configuration
                0x08020618       0x9c ./Radar_Control/src/radar_adc_xmc.o
                0x08020618                radar_set_adc_configuration
 .text.radar_get_adc_configuration
                0x080206b4       0x14 ./Radar_Control/src/radar_adc_xmc.o
                0x080206b4                radar_get_adc_configuration
 .text.radar_get_driver_version
                0x080206c8        0x8 ./Radar_Control/src/radar_base.o
                0x080206c8                radar_get_driver_version
 .text.radar_open_device
                0x080206d0       0xf0 ./Radar_Control/src/radar_base.o
                0x080206d0                radar_open_device
 .text.radar_get_device_info
                0x080207c0       0x18 ./Radar_Control/src/radar_base.o
                0x080207c0                radar_get_device_info
 .text.radar_get_temperature
                0x080207d8       0x2c ./Radar_Control/src/radar_base.o
                0x080207d8                radar_get_temperature
 .text.radar_get_tx_power
                0x08020804       0x2c ./Radar_Control/src/radar_base.o
                0x08020804                radar_get_tx_power
 .text.radar_get_chirp_duration
                0x08020830       0x18 ./Radar_Control/src/radar_base.o
                0x08020830                radar_get_chirp_duration
 .text.radar_get_min_frame_interval
                0x08020848       0x38 ./Radar_Control/src/radar_base.o
                0x08020848                radar_get_min_frame_interval
 .text.radar_set_frame_format
                0x08020880       0xcc ./Radar_Control/src/radar_base.o
                0x08020880                radar_set_frame_format
 .text.radar_get_frame_format
                0x0802094c        0xc ./Radar_Control/src/radar_base.o
                0x0802094c                radar_get_frame_format
 .text.radar_get_frame
                0x08020958       0x98 ./Radar_Control/src/radar_base.o
                0x08020958                radar_get_frame
 .text.radar_set_automatic_frame_trigger
                0x080209f0       0x84 ./Radar_Control/src/radar_base.o
                0x080209f0                radar_set_automatic_frame_trigger
 .text.radar_test_antennas
                0x08020a74        0x8 ./Radar_Control/src/radar_base.o
                0x08020a74                radar_test_antennas
 .text.radar_get_fft_configuration
                0x08020a7c        0x8 ./Radar_Control/src/radar_base.o
                0x08020a7c                radar_get_fft_configuration
 .text.radar_init_calibration
                0x08020a84       0x10 ./Radar_Control/src/radar_calibration.o
                0x08020a84                radar_init_calibration
 .text.radar_save_calibration
                0x08020a94      0x190 ./Radar_Control/src/radar_calibration.o
                0x08020a94                radar_save_calibration
 .text.radar_read_calibration
                0x08020c24       0x90 ./Radar_Control/src/radar_calibration.o
                0x08020c24                radar_read_calibration
 .text.radar_clear_calibration
                0x08020cb4       0xa8 ./Radar_Control/src/radar_calibration.o
                0x08020cb4                radar_clear_calibration
 .text.radar_apply_new_hw_setting.isra.1
                0x08020d5c      0x208 ./Radar_Control/src/radar_control.o
 .text.radar_init
                0x08020f64      0x16c ./Radar_Control/src/radar_control.o
                0x08020f64                radar_init
 .text.radar_start_acquisition
                0x080210d0       0x20 ./Radar_Control/src/radar_control.o
                0x080210d0                radar_start_acquisition
 .text.radar_set_chirp_time
                0x080210f0       0xb4 ./Radar_Control/src/radar_control.o
                0x080210f0                radar_set_chirp_time
 .text.radar_set_sampling_freq
                0x080211a4       0x94 ./Radar_Control/src/radar_control.o
                0x080211a4                radar_set_sampling_freq
 .text.radar_register_callback
                0x08021238       0x1c ./Radar_Control/src/radar_control.o
                0x08021238                radar_register_callback
 .text.radar_apply_hw_settings
                0x08021254       0x54 ./Radar_Control/src/radar_control.o
                0x08021254                radar_apply_hw_settings
 .text.radar_get_data_acq_mode
                0x080212a8        0xc ./Radar_Control/src/radar_control.o
                0x080212a8                radar_get_data_acq_mode
 .text.radar_set_data_acq_mode
                0x080212b4        0xc ./Radar_Control/src/radar_control.o
                0x080212b4                radar_set_data_acq_mode
 .text.radar_set_doppler_configuration
                0x080212c0       0x3c ./Radar_Control/src/radar_doppler.o
                0x080212c0                radar_set_doppler_configuration
 .text.radar_get_doppler_configuration
                0x080212fc        0xc ./Radar_Control/src/radar_doppler.o
                0x080212fc                radar_get_doppler_configuration
 .text.radar_set_fmcw_configuration
                0x08021308       0x88 ./Radar_Control/src/radar_fmcw.o
                0x08021308                radar_set_fmcw_configuration
 .text.radar_get_fmcw_configuration
                0x08021390        0xc ./Radar_Control/src/radar_fmcw.o
                0x08021390                radar_get_fmcw_configuration
 .text.radar_get_bandwidth_per_second
                0x0802139c       0x74 ./Radar_Control/src/radar_fmcw.o
                0x0802139c                radar_get_bandwidth_per_second
 .text.radar_set_duty_cycle
                0x08021410       0x24 ./Radar_Control/src/radar_industrial.o
                0x08021410                radar_set_duty_cycle
 .text.radar_get_duty_cycle
                0x08021434       0x10 ./Radar_Control/src/radar_industrial.o
                0x08021434                radar_get_duty_cycle
 .text.radar_disable_lna_gain
                0x08021444       0x10 ./Radar_Control/src/radar_industrial.o
                0x08021444                radar_disable_lna_gain
 .text.radar_enable_lna_gain
                0x08021454       0x10 ./Radar_Control/src/radar_industrial.o
                0x08021454                radar_enable_lna_gain
 .text.radar_get_lna_gain_enable_status
                0x08021464        0xc ./Radar_Control/src/radar_industrial.o
                0x08021464                radar_get_lna_gain_enable_status
 .text.radar_set_gain_level
                0x08021470       0x28 ./Radar_Control/src/radar_p2g.o
                0x08021470                radar_set_gain_level
 .text.radar_get_gain_level
                0x08021498       0x10 ./Radar_Control/src/radar_p2g.o
                0x08021498                radar_get_gain_level
 .text.radar_set_dsp_settings
                0x080214a8       0x7c ./Radar_Control/src/radar_target_detection.o
                0x080214a8                radar_set_dsp_settings
 .text.radar_get_dsp_settings
                0x08021524       0x44 ./Radar_Control/src/radar_target_detection.o
                0x08021524                radar_get_dsp_settings
 .text.radar_get_target_info
                0x08021568       0x10 ./Radar_Control/src/radar_target_detection.o
                0x08021568                radar_get_target_info
 .text.radar_get_range_detection_threshold
                0x08021578        0xc ./Radar_Control/src/radar_target_detection.o
                0x08021578                radar_get_range_detection_threshold
 .text.XMC_ERU_Enable
                0x08021584       0x24 ./Libraries/XMCLib/src/xmc4_eru.o
                0x08021584                XMC_ERU_Enable
 .text.XMC_FLASH_ClearStatus
                0x080215a8        0xc ./Libraries/XMCLib/src/xmc4_flash.o
                0x080215a8                XMC_FLASH_ClearStatus
 .text.XMC_FLASH_GetStatus
                0x080215b4       0x10 ./Libraries/XMCLib/src/xmc4_flash.o
                0x080215b4                XMC_FLASH_GetStatus
 .text.XMC_FLASH_ProgramPage
                0x080215c4       0x54 ./Libraries/XMCLib/src/xmc4_flash.o
                0x080215c4                XMC_FLASH_ProgramPage
 .text.XMC_FLASH_EraseSector
                0x08021618       0x38 ./Libraries/XMCLib/src/xmc4_flash.o
                0x08021618                XMC_FLASH_EraseSector
 .text.XMC_GPIO_Init
                0x08021650       0x88 ./Libraries/XMCLib/src/xmc4_gpio.o
                0x08021650                XMC_GPIO_Init
 .text.XMC_SCU_INTERRUPT_EnableNmiRequest
                0x080216d8       0x10 ./Libraries/XMCLib/src/xmc4_scu.o
                0x080216d8                XMC_SCU_INTERRUPT_EnableNmiRequest
 .text.XMC_SCU_RESET_AssertPeripheralReset
                0x080216e8       0x18 ./Libraries/XMCLib/src/xmc4_scu.o
                0x080216e8                XMC_SCU_RESET_AssertPeripheralReset
 .text.XMC_SCU_RESET_DeassertPeripheralReset
                0x08021700       0x18 ./Libraries/XMCLib/src/xmc4_scu.o
                0x08021700                XMC_SCU_RESET_DeassertPeripheralReset
 .text.XMC_SCU_RESET_IsPeripheralResetAsserted
                0x08021718       0x20 ./Libraries/XMCLib/src/xmc4_scu.o
                0x08021718                XMC_SCU_RESET_IsPeripheralResetAsserted
 .text.XMC_SCU_CLOCK_SetUsbClockSource
                0x08021738       0x14 ./Libraries/XMCLib/src/xmc4_scu.o
                0x08021738                XMC_SCU_CLOCK_SetUsbClockSource
 .text.XMC_SCU_CLOCK_SetWdtClockSource
                0x0802174c       0x14 ./Libraries/XMCLib/src/xmc4_scu.o
                0x0802174c                XMC_SCU_CLOCK_SetWdtClockSource
 .text.XMC_SCU_HIB_SetRtcClockSource
                0x08021760       0x20 ./Libraries/XMCLib/src/xmc4_scu.o
                0x08021760                XMC_SCU_HIB_SetRtcClockSource
 .text.XMC_SCU_CLOCK_SetUsbClockDivider
                0x08021780       0x14 ./Libraries/XMCLib/src/xmc4_scu.o
                0x08021780                XMC_SCU_CLOCK_SetUsbClockDivider
 .text.XMC_SCU_CLOCK_SetEbuClockDivider
                0x08021794       0x14 ./Libraries/XMCLib/src/xmc4_scu.o
                0x08021794                XMC_SCU_CLOCK_SetEbuClockDivider
 .text.XMC_SCU_CLOCK_SetWdtClockDivider
                0x080217a8       0x14 ./Libraries/XMCLib/src/xmc4_scu.o
                0x080217a8                XMC_SCU_CLOCK_SetWdtClockDivider
 .text.XMC_SCU_CLOCK_EnableClock
                0x080217bc        0xc ./Libraries/XMCLib/src/xmc4_scu.o
                0x080217bc                XMC_SCU_CLOCK_EnableClock
 .text.XMC_SCU_CLOCK_GatePeripheralClock
                0x080217c8       0x18 ./Libraries/XMCLib/src/xmc4_scu.o
                0x080217c8                XMC_SCU_CLOCK_GatePeripheralClock
 .text.XMC_SCU_CLOCK_UngatePeripheralClock
                0x080217e0       0x18 ./Libraries/XMCLib/src/xmc4_scu.o
                0x080217e0                XMC_SCU_CLOCK_UngatePeripheralClock
 .text.XMC_SCU_CLOCK_IsPeripheralClockGated
                0x080217f8       0x20 ./Libraries/XMCLib/src/xmc4_scu.o
                0x080217f8                XMC_SCU_CLOCK_IsPeripheralClockGated
 .text.XMC_SCU_CLOCK_StartUsbPll
                0x08021818       0x44 ./Libraries/XMCLib/src/xmc4_scu.o
                0x08021818                XMC_SCU_CLOCK_StartUsbPll
 .text.XMC_SCU_POWER_EnableUsb
                0x0802185c       0x10 ./Libraries/XMCLib/src/xmc4_scu.o
                0x0802185c                XMC_SCU_POWER_EnableUsb
 .text.XMC_SCU_POWER_DisableUsb
                0x0802186c       0x10 ./Libraries/XMCLib/src/xmc4_scu.o
                0x0802186c                XMC_SCU_POWER_DisableUsb
 .text.XMC_SCU_CLOCK_StartSystemPll
                0x0802187c      0x1b4 ./Libraries/XMCLib/src/xmc4_scu.o
                0x0802187c                XMC_SCU_CLOCK_StartSystemPll
 .text.XMC_SCU_CLOCK_Init
                0x08021a30      0x208 ./Libraries/XMCLib/src/xmc4_scu.o
                0x08021a30                XMC_SCU_CLOCK_Init
 .text.XMC_CCU4_Init
                0x08021c38       0x88 ./Libraries/XMCLib/src/xmc_ccu4.o
                0x08021c38                XMC_CCU4_Init
 .text.XMC_CCU4_SetMultiChannelShadowTransferMode
                0x08021cc0       0x10 ./Libraries/XMCLib/src/xmc_ccu4.o
                0x08021cc0                XMC_CCU4_SetMultiChannelShadowTransferMode
 .text.XMC_CCU4_SLICE_CompareInit
                0x08021cd0       0x34 ./Libraries/XMCLib/src/xmc_ccu4.o
                0x08021cd0                XMC_CCU4_SLICE_CompareInit
 .text.XMC_CCU4_SLICE_StartConfig
                0x08021d04       0x1c ./Libraries/XMCLib/src/xmc_ccu4.o
                0x08021d04                XMC_CCU4_SLICE_StartConfig
 .text.XMC_CCU4_SLICE_StopConfig
                0x08021d20       0x1c ./Libraries/XMCLib/src/xmc_ccu4.o
                0x08021d20                XMC_CCU4_SLICE_StopConfig
 .text.XMC_CCU4_SLICE_ConfigureEvent
                0x08021d3c       0x78 ./Libraries/XMCLib/src/xmc_ccu4.o
                0x08021d3c                XMC_CCU4_SLICE_ConfigureEvent
 .text.XMC_CCU4_SLICE_SetPrescaler
                0x08021db4       0x10 ./Libraries/XMCLib/src/xmc_ccu4.o
                0x08021db4                XMC_CCU4_SLICE_SetPrescaler
 .text.XMC_CCU4_SLICE_SetInterruptNode
                0x08021dc4       0x38 ./Libraries/XMCLib/src/xmc_ccu4.o
                0x08021dc4                XMC_CCU4_SLICE_SetInterruptNode
 .text.XMC_CCU8_Init
                0x08021dfc       0x58 ./Libraries/XMCLib/src/xmc_ccu8.o
                0x08021dfc                XMC_CCU8_Init
 .text.XMC_CCU8_SLICE_CompareInit
                0x08021e54       0x3c ./Libraries/XMCLib/src/xmc_ccu8.o
                0x08021e54                XMC_CCU8_SLICE_CompareInit
 .text.XMC_CCU8_SLICE_SetTimerPeriodMatch
                0x08021e90        0x4 ./Libraries/XMCLib/src/xmc_ccu8.o
                0x08021e90                XMC_CCU8_SLICE_SetTimerPeriodMatch
 .text.XMC_CCU8_SLICE_SetPrescaler
                0x08021e94       0x10 ./Libraries/XMCLib/src/xmc_ccu8.o
                0x08021e94                XMC_CCU8_SLICE_SetPrescaler
 .text.XMC_CCU8_SLICE_SetTimerCompareMatch
                0x08021ea4        0xc ./Libraries/XMCLib/src/xmc_ccu8.o
                0x08021ea4                XMC_CCU8_SLICE_SetTimerCompareMatch
 .text.XMC_CCU8_SLICE_SetInterruptNode
                0x08021eb0       0x38 ./Libraries/XMCLib/src/xmc_ccu8.o
                0x08021eb0                XMC_CCU8_SLICE_SetInterruptNode
 .text.XMC_DMA_Init
                0x08021ee8       0x40 ./Libraries/XMCLib/src/xmc_dma.o
                0x08021ee8                XMC_DMA_Init
 .text.XMC_DMA_CH_Disable
                0x08021f28       0x18 ./Libraries/XMCLib/src/xmc_dma.o
                0x08021f28                XMC_DMA_CH_Disable
 .text.XMC_DMA_CH_Init
                0x08021f40      0x298 ./Libraries/XMCLib/src/xmc_dma.o
                0x08021f40                XMC_DMA_CH_Init
 .text.XMC_DMA_CH_EnableEvent
                0x080221d8       0x30 ./Libraries/XMCLib/src/xmc_dma.o
                0x080221d8                XMC_DMA_CH_EnableEvent
 .text.XMC_DMA_CH_SetEventHandler
                0x08022208       0x1c ./Libraries/XMCLib/src/xmc_dma.o
                0x08022208                XMC_DMA_CH_SetEventHandler
 .text.XMC_DMA_CH_ClearSourcePeripheralRequest
                0x08022224       0x38 ./Libraries/XMCLib/src/xmc_dma.o
                0x08022224                XMC_DMA_CH_ClearSourcePeripheralRequest
 .text.XMC_DMA_IRQHandler
                0x0802225c      0x178 ./Libraries/XMCLib/src/xmc_dma.o
                0x0802225c                XMC_DMA_IRQHandler
 .text.XMC_ERU_ETL_Init
                0x080223d4       0x2c ./Libraries/XMCLib/src/xmc_eru.o
                0x080223d4                XMC_ERU_ETL_Init
 .text.XMC_ERU_OGU_Init
                0x08022400       0x18 ./Libraries/XMCLib/src/xmc_eru.o
                0x08022400                XMC_ERU_OGU_Init
 .text.XMC_FCE_Init
                0x08022418       0x10 ./Libraries/XMCLib/src/xmc_fce.o
                0x08022418                XMC_FCE_Init
 .text.XMC_FCE_Enable
                0x08022428       0x24 ./Libraries/XMCLib/src/xmc_fce.o
                0x08022428                XMC_FCE_Enable
 .text.XMC_FCE_CalculateCRC32
                0x0802244c       0x28 ./Libraries/XMCLib/src/xmc_fce.o
                0x0802244c                XMC_FCE_CalculateCRC32
 .text.XMC_GPIO_SetHardwareControl
                0x08022474       0x20 ./Libraries/XMCLib/src/xmc_gpio.o
                0x08022474                XMC_GPIO_SetHardwareControl
 .text.XMC_USBD_GetCapabilities
                0x08022494       0x1c ./Libraries/XMCLib/src/xmc_usbd.o
                0x08022494                XMC_USBD_GetCapabilities
 .text.XMC_USBD_DeviceConnect
                0x080224b0       0x18 ./Libraries/XMCLib/src/xmc_usbd.o
                0x080224b0                XMC_USBD_DeviceConnect
 .text.XMC_USBD_DeviceDisconnect
                0x080224c8       0x18 ./Libraries/XMCLib/src/xmc_usbd.o
                0x080224c8                XMC_USBD_DeviceDisconnect
 .text.XMC_USBD_DeviceGetState
                0x080224e0      0x118 ./Libraries/XMCLib/src/xmc_usbd.o
                0x080224e0                XMC_USBD_DeviceGetState
 .text.XMC_USBD_DeviceSetAddress
                0x080225f8       0x18 ./Libraries/XMCLib/src/xmc_usbd.o
                0x080225f8                XMC_USBD_DeviceSetAddress
 .text.XMC_USBD_EndpointStall
                0x08022610       0x8c ./Libraries/XMCLib/src/xmc_usbd.o
                0x08022610                XMC_USBD_EndpointStall
 .text.XMC_USBD_EndpointAbort
                0x0802269c       0x44 ./Libraries/XMCLib/src/xmc_usbd.o
                0x0802269c                XMC_USBD_EndpointAbort
 .text.XMC_USBD_EndpointUnconfigure
                0x080226e0      0x100 ./Libraries/XMCLib/src/xmc_usbd.o
                0x080226e0                XMC_USBD_EndpointUnconfigure
 .text.XMC_USBD_GetFrameNumber
                0x080227e0       0x14 ./Libraries/XMCLib/src/xmc_usbd.o
                0x080227e0                XMC_USBD_GetFrameNumber
 .text.XMC_USBD_IsEnumDone
                0x080227f4       0x1c ./Libraries/XMCLib/src/xmc_usbd.o
                0x080227f4                XMC_USBD_IsEnumDone
 .text.XMC_USBD_Uninitialize
                0x08022810       0x24 ./Libraries/XMCLib/src/xmc_usbd.o
                0x08022810                XMC_USBD_Uninitialize
 .text.XMC_USBD_EndpointConfigure
                0x08022834      0x280 ./Libraries/XMCLib/src/xmc_usbd.o
                0x08022834                XMC_USBD_EndpointConfigure
 .text.XMC_USBD_EndpointRead
                0x08022ab4       0x40 ./Libraries/XMCLib/src/xmc_usbd.o
                0x08022ab4                XMC_USBD_EndpointRead
 .text.XMC_USBD_Init
                0x08022af4      0x1cc ./Libraries/XMCLib/src/xmc_usbd.o
                0x08022af4                XMC_USBD_Init
 .text.XMC_USBD_EndpointReadStart
                0x08022cc0       0xe0 ./Libraries/XMCLib/src/xmc_usbd.o
                0x08022cc0                XMC_USBD_EndpointReadStart
 .text.XMC_USBD_EndpointWrite
                0x08022da0       0xf8 ./Libraries/XMCLib/src/xmc_usbd.o
                0x08022da0                XMC_USBD_EndpointWrite
 .text.XMC_USBD_IRQHandler
                0x08022e98      0x8d8 ./Libraries/XMCLib/src/xmc_usbd.o
                0x08022e98                XMC_USBD_IRQHandler
 .text.XMC_USBD_Disable
                0x08023770       0x1c ./Libraries/XMCLib/src/xmc_usbd.o
                0x08023770                XMC_USBD_Disable
 .text.XMC_VADC_GLOBAL_Init
                0x0802378c       0x3c ./Libraries/XMCLib/src/xmc_vadc.o
                0x0802378c                XMC_VADC_GLOBAL_Init
 .text.XMC_VADC_GLOBAL_InputClassInit
                0x080237c8       0x20 ./Libraries/XMCLib/src/xmc_vadc.o
                0x080237c8                XMC_VADC_GLOBAL_InputClassInit
 .text.XMC_VADC_GLOBAL_StartupCalibration
                0x080237e8       0x3c ./Libraries/XMCLib/src/xmc_vadc.o
                0x080237e8                XMC_VADC_GLOBAL_StartupCalibration
 .text.XMC_VADC_GROUP_Init
                0x08023824       0xf0 ./Libraries/XMCLib/src/xmc_vadc.o
                0x08023824                XMC_VADC_GROUP_Init
 .text.XMC_VADC_GROUP_InputClassInit
                0x08023914       0x4c ./Libraries/XMCLib/src/xmc_vadc.o
                0x08023914                XMC_VADC_GROUP_InputClassInit
 .text.XMC_VADC_GROUP_SetPowerMode
                0x08023960       0x10 ./Libraries/XMCLib/src/xmc_vadc.o
                0x08023960                XMC_VADC_GROUP_SetPowerMode
 .text.XMC_VADC_GROUP_SetSyncSlave
                0x08023970       0x18 ./Libraries/XMCLib/src/xmc_vadc.o
                0x08023970                XMC_VADC_GROUP_SetSyncSlave
 .text.XMC_VADC_GROUP_SetSyncMaster
                0x08023988       0x10 ./Libraries/XMCLib/src/xmc_vadc.o
                0x08023988                XMC_VADC_GROUP_SetSyncMaster
 .text.XMC_VADC_GROUP_CheckSlaveReadiness
                0x08023998       0x40 ./Libraries/XMCLib/src/xmc_vadc.o
                0x08023998                XMC_VADC_GROUP_CheckSlaveReadiness
 .text.XMC_VADC_GROUP_SetSyncSlaveReadySignal
                0x080239d8       0x18 ./Libraries/XMCLib/src/xmc_vadc.o
                0x080239d8                XMC_VADC_GROUP_SetSyncSlaveReadySignal
 .text.XMC_VADC_GROUP_ScanInit
                0x080239f0       0x88 ./Libraries/XMCLib/src/xmc_vadc.o
                0x080239f0                XMC_VADC_GROUP_ScanInit
 .text.XMC_VADC_GROUP_ScanSetReqSrcEventInterruptNode
                0x08023a78       0x14 ./Libraries/XMCLib/src/xmc_vadc.o
                0x08023a78                XMC_VADC_GROUP_ScanSetReqSrcEventInterruptNode
 .text.XMC_VADC_GROUP_QueueInit
                0x08023a8c       0x88 ./Libraries/XMCLib/src/xmc_vadc.o
                0x08023a8c                XMC_VADC_GROUP_QueueInit
 .text.XMC_VADC_GROUP_QueueSetReqSrcEventInterruptNode
                0x08023b14       0x10 ./Libraries/XMCLib/src/xmc_vadc.o
                0x08023b14                XMC_VADC_GROUP_QueueSetReqSrcEventInterruptNode
 .text.XMC_VADC_GROUP_ChannelInit
                0x08023b24       0x7c ./Libraries/XMCLib/src/xmc_vadc.o
                0x08023b24                XMC_VADC_GROUP_ChannelInit
 .text.XMC_VADC_GROUP_SetResultInterruptNode
                0x08023ba0       0x44 ./Libraries/XMCLib/src/xmc_vadc.o
                0x08023ba0                XMC_VADC_GROUP_SetResultInterruptNode
 .text._sbrk    0x08023be4       0x40 ./Libraries/Newlib/syscalls.o
                0x08023be4                _sbrk
 .text.ep_calibration_handle_message
                0x08023c24      0x1ec ./HostCommunication/src/EndpointCalibration.o
                0x08023c24                ep_calibration_handle_message
 .text.ep_calibration_handle_change
                0x08023e10        0x4 ./HostCommunication/src/EndpointCalibration.o
                0x08023e10                ep_calibration_handle_change
 .text.send_adc_configuration
                0x08023e14       0x64 ./HostCommunication/src/EndpointRadarADCXMC.o
                0x08023e14                send_adc_configuration
 .text.ep_radar_adcxmc_handle_message
                0x08023e78       0xb8 ./HostCommunication/src/EndpointRadarADCXMC.o
                0x08023e78                ep_radar_adcxmc_handle_message
 .text.ep_radar_adcxmc_handle_change
                0x08023f30       0x64 ./HostCommunication/src/EndpointRadarADCXMC.o
                0x08023f30                ep_radar_adcxmc_handle_change
 .text.ep_radar_base_handle_message
                0x08023f94      0x748 ./HostCommunication/src/EndpointRadarBase.o
                0x08023f94                ep_radar_base_handle_message
 .text.ep_radar_base_handle_change
                0x080246dc      0x208 ./HostCommunication/src/EndpointRadarBase.o
                0x080246dc                ep_radar_base_handle_change
 .text.ep_radar_doppler_handle_message
                0x080248e4       0xa0 ./HostCommunication/src/EndpointRadarDoppler.o
                0x080248e4                ep_radar_doppler_handle_message
 .text.ep_radar_doppler_handle_change
                0x08024984       0x54 ./HostCommunication/src/EndpointRadarDoppler.o
                0x08024984                ep_radar_doppler_handle_change
 .text.send_fmcw_configuration
                0x080249d8       0xe4 ./HostCommunication/src/EndpointRadarFMCW.o
 .text.ep_radar_fmcw_handle_message
                0x08024abc       0xf4 ./HostCommunication/src/EndpointRadarFMCW.o
                0x08024abc                ep_radar_fmcw_handle_message
 .text.ep_radar_fmcw_handle_change
                0x08024bb0       0x90 ./HostCommunication/src/EndpointRadarFMCW.o
                0x08024bb0                ep_radar_fmcw_handle_change
 .text.ep_radar_industrial_handle_message
                0x08024c40       0xb8 ./HostCommunication/src/EndpointRadarIndustrial.o
                0x08024c40                ep_radar_industrial_handle_message
 .text.ep_radar_industrial_handle_change
                0x08024cf8        0x4 ./HostCommunication/src/EndpointRadarIndustrial.o
                0x08024cf8                ep_radar_industrial_handle_change
 .text.ep_radar_p2g_handle_message
                0x08024cfc       0x70 ./HostCommunication/src/EndpointRadarP2G.o
                0x08024cfc                ep_radar_p2g_handle_message
 .text.ep_radar_p2g_handle_change
                0x08024d6c        0x4 ./HostCommunication/src/EndpointRadarP2G.o
                0x08024d6c                ep_radar_p2g_handle_change
 .text.ep_target_detection_handle_message
                0x08024d70      0x2e8 ./HostCommunication/src/EndpointTargetDetection.o
                0x08024d70                ep_target_detection_handle_message
 .text.ep_target_detection_handle_change
                0x08025058       0xe0 ./HostCommunication/src/EndpointTargetDetection.o
                0x08025058                ep_target_detection_handle_change
 .text.receive_data
                0x08025138       0x6c ./HostCommunication/src/Protocol.o
 .text.protocol_init
                0x080251a4       0x4c ./HostCommunication/src/Protocol.o
                0x080251a4                protocol_init
 .text.protocol_send_header
                0x080251f0       0x28 ./HostCommunication/src/Protocol.o
                0x080251f0                protocol_send_header
 .text.protocol_send_payload
                0x08025218        0x4 ./HostCommunication/src/Protocol.o
                0x08025218                protocol_send_payload
 .text.protocol_send_tail
                0x0802521c       0x24 ./HostCommunication/src/Protocol.o
                0x0802521c                protocol_send_tail
 .text.protocol_run
                0x08025240      0x35c ./HostCommunication/src/Protocol.o
                0x08025240                protocol_run
 .text.protocol_broadcast_change
                0x0802559c       0x64 ./HostCommunication/src/Protocol.o
                0x0802559c                protocol_broadcast_change
 .text.USBD_VCOM_Event_GetDescriptor
                0x08025600       0x4c ./Dave/Generated/USBD_VCOM/virtual_com/descriptors.o
                0x08025600                USBD_VCOM_Event_GetDescriptor
 .text.CDC_Device_ProcessControlRequest
                0x0802564c      0x128 ./Dave/Generated/USBD_VCOM/class_driver/device/cdc_class_device.o
                0x0802564c                CDC_Device_ProcessControlRequest
 .text.CDC_Device_ConfigureEndpoints
                0x08025774       0x54 ./Dave/Generated/USBD_VCOM/class_driver/device/cdc_class_device.o
                0x08025774                CDC_Device_ConfigureEndpoints
 .text.CDC_Device_USBTask
                0x080257c8       0x7c ./Dave/Generated/USBD_VCOM/class_driver/device/cdc_class_device.o
                0x080257c8                CDC_Device_USBTask
 .text.CDC_Device_SendData
                0x08025844       0x3c ./Dave/Generated/USBD_VCOM/class_driver/device/cdc_class_device.o
                0x08025844                CDC_Device_SendData
 .text.CDC_Device_Flush
                0x08025880       0x4c ./Dave/Generated/USBD_VCOM/class_driver/device/cdc_class_device.o
                0x08025880                CDC_Device_Flush
 .text.CDC_Device_BytesReceived
                0x080258cc       0x58 ./Dave/Generated/USBD_VCOM/class_driver/device/cdc_class_device.o
                0x080258cc                CDC_Device_BytesReceived
 .text.USBD_VCOM_CDCClass_Event_LineEncodingChanged
                0x08025924        0xc ./Dave/Generated/USBD_VCOM/usbd_vcom.o
                0x08025924                USBD_VCOM_CDCClass_Event_LineEncodingChanged
 .text.USBD_VCOM_CDCClass_Event_ControlLineStateChanged
                0x08025930        0xc ./Dave/Generated/USBD_VCOM/usbd_vcom.o
                0x08025930                USBD_VCOM_CDCClass_Event_ControlLineStateChanged
 .text.USBD_VCOM_CDCClass_Event_BreakSent
                0x0802593c        0xc ./Dave/Generated/USBD_VCOM/usbd_vcom.o
                0x0802593c                USBD_VCOM_CDCClass_Event_BreakSent
 .text.USBD_VCOM_Event_ConfigurationChanged
                0x08025948       0x58 ./Dave/Generated/USBD_VCOM/usbd_vcom.o
                0x08025948                USBD_VCOM_Event_ConfigurationChanged
 .text.USBD_VCOM_Event_ControlRequest
                0x080259a0        0xc ./Dave/Generated/USBD_VCOM/usbd_vcom.o
                0x080259a0                USBD_VCOM_Event_ControlRequest
 .text.USBD_VCOM_Event_Reset
                0x080259ac       0xc8 ./Dave/Generated/USBD_VCOM/usbd_vcom.o
                0x080259ac                USBD_VCOM_Event_Reset
 .text.USBD_VCOM_Init
                0x08025a74       0xa8 ./Dave/Generated/USBD_VCOM/usbd_vcom.o
                0x08025a74                USBD_VCOM_Init
 .text.USBD_VCOM_IsEnumDone
                0x08025b1c       0x1c ./Dave/Generated/USBD_VCOM/usbd_vcom.o
                0x08025b1c                USBD_VCOM_IsEnumDone
 .text.USBD_VCOM_SendData
                0x08025b38       0x34 ./Dave/Generated/USBD_VCOM/usbd_vcom.o
                0x08025b38                USBD_VCOM_SendData
 .text.USBD_VCOM_ReceiveData
                0x08025b6c       0x48 ./Dave/Generated/USBD_VCOM/usbd_vcom.o
                0x08025b6c                USBD_VCOM_ReceiveData
 .text.USBD_VCOM_BytesReceived
                0x08025bb4       0x28 ./Dave/Generated/USBD_VCOM/usbd_vcom.o
                0x08025bb4                USBD_VCOM_BytesReceived
 .text.USBD_VCOM_Connect
                0x08025bdc        0x4 ./Dave/Generated/USBD_VCOM/usbd_vcom.o
                0x08025bdc                USBD_VCOM_Connect
 .text.Endpoint_Write_Stream_LE
                0x08025be0       0xa0 ./Dave/Generated/USBD/usb/core/xmc4000/usbd_endpoint_stream_xmc4000.o
                0x08025be0                Endpoint_Write_Stream_LE
 .text.Endpoint_Read_Stream_LE
                0x08025c80       0xa0 ./Dave/Generated/USBD/usb/core/xmc4000/usbd_endpoint_stream_xmc4000.o
                0x08025c80                Endpoint_Read_Stream_LE
 .text.Endpoint_WaitUntilReady
                0x08025d20       0x98 ./Dave/Generated/USBD/usb/core/xmc4000/usbd_endpoint_xmc4000.o
                0x08025d20                Endpoint_WaitUntilReady
 .text.Endpoint_ClearOUT
                0x08025db8       0x58 ./Dave/Generated/USBD/usb/core/xmc4000/usbd_endpoint_xmc4000.o
                0x08025db8                Endpoint_ClearOUT
 .text.Endpoint_ClearIN
                0x08025e10       0x70 ./Dave/Generated/USBD/usb/core/xmc4000/usbd_endpoint_xmc4000.o
                0x08025e10                Endpoint_ClearIN
 .text.Endpoint_IsReadWriteAllowed
                0x08025e80       0x30 ./Dave/Generated/USBD/usb/core/xmc4000/usbd_endpoint_xmc4000.o
                0x08025e80                Endpoint_IsReadWriteAllowed
 .text.Endpoint_Write_8
                0x08025eb0       0x2c ./Dave/Generated/USBD/usb/core/xmc4000/usbd_endpoint_xmc4000.o
                0x08025eb0                Endpoint_Write_8
 .text.Endpoint_Read_8
                0x08025edc       0x2c ./Dave/Generated/USBD/usb/core/xmc4000/usbd_endpoint_xmc4000.o
                0x08025edc                Endpoint_Read_8
 .text.Endpoint_Write_32_LE
                0x08025f08       0x2c ./Dave/Generated/USBD/usb/core/xmc4000/usbd_endpoint_xmc4000.o
                0x08025f08                Endpoint_Write_32_LE
 .text.Endpoint_Read_32_LE
                0x08025f34       0x2c ./Dave/Generated/USBD/usb/core/xmc4000/usbd_endpoint_xmc4000.o
                0x08025f34                Endpoint_Read_32_LE
 .text.Endpoint_ConfigureEndpointTable
                0x08025f60       0x94 ./Dave/Generated/USBD/usb/core/xmc4000/usbd_endpoint_xmc4000.o
                0x08025f60                Endpoint_ConfigureEndpointTable
 .text.USBD_SignalDeviceEventHandler
                0x08025ff4      0x304 ./Dave/Generated/USBD/usbd.o
 .text.USBD_HandleEP0_Stall
                0x080262f8       0x28 ./Dave/Generated/USBD/usbd.o
 .text.USBD_Handle_DeviceRequest
                0x08026320      0x31c ./Dave/Generated/USBD/usbd.o
 .text.USBD_SignalEndpointEvent_Handler
                0x0802663c      0x1d8 ./Dave/Generated/USBD/usbd.o
 .text.USBD_Init
                0x08026814      0x114 ./Dave/Generated/USBD/usbd.o
                0x08026814                USBD_Init
 .text.USBD_Connect
                0x08026928        0xc ./Dave/Generated/USBD/usbd.o
                0x08026928                USBD_Connect
 .text.USBD_IsEnumDone
                0x08026934        0xc ./Dave/Generated/USBD/usbd.o
                0x08026934                USBD_IsEnumDone
 .text.USBD_SetEndpointBuffer
                0x08026940       0x34 ./Dave/Generated/USBD/usbd.o
                0x08026940                USBD_SetEndpointBuffer
 .text.USB0_0_IRQHandler
                0x08026974        0xc ./Dave/Generated/USBD/usbd.o
                0x08026974                USB0_0_IRQHandler
 .text.TIMER_Init
                0x08026980      0x104 ./Dave/Generated/TIMER/timer.o
                0x08026980                TIMER_Init
 .text.TIMER_Start
                0x08026a84       0x2c ./Dave/Generated/TIMER/timer.o
                0x08026a84                TIMER_Start
 .text.TIMER_Stop
                0x08026ab0       0x44 ./Dave/Generated/TIMER/timer.o
                0x08026ab0                TIMER_Stop
 .text.TIMER_GetTimerStatus
                0x08026af4       0x20 ./Dave/Generated/TIMER/timer.o
                0x08026af4                TIMER_GetTimerStatus
 *fill*         0x08026b14        0x4 
 .text.TIMER_SetTimeInterval
                0x08026b18      0x160 ./Dave/Generated/TIMER/timer.o
                0x08026b18                TIMER_SetTimeInterval
 .text.TIMER_GetInterruptStatus
                0x08026c78       0x24 ./Dave/Generated/TIMER/timer.o
                0x08026c78                TIMER_GetInterruptStatus
 .text.TIMER_ClearEvent
                0x08026c9c       0x2c ./Dave/Generated/TIMER/timer.o
                0x08026c9c                TIMER_ClearEvent
 .text.TIMER_Clear
                0x08026cc8       0x2c ./Dave/Generated/TIMER/timer.o
                0x08026cc8                TIMER_Clear
 .text.SysTick_Handler
                0x08026cf4      0x278 ./Dave/Generated/SYSTIMER/systimer.o
                0x08026cf4                SysTick_Handler
 .text.SYSTIMER_Init
                0x08026f6c       0x70 ./Dave/Generated/SYSTIMER/systimer.o
                0x08026f6c                SYSTIMER_Init
 .text.SYSTIMER_GetTime
                0x08026fdc       0x14 ./Dave/Generated/SYSTIMER/systimer.o
                0x08026fdc                SYSTIMER_GetTime
 .text.INTERRUPT_Init
                0x08026ff0       0x90 ./Dave/Generated/INTERRUPT/interrupt.o
                0x08026ff0                INTERRUPT_Init
 .text.GLOBAL_DMA_Init
                0x08027080       0xa0 ./Dave/Generated/GLOBAL_DMA/global_dma.o
                0x08027080                GLOBAL_DMA_Init
 .text.GPDMA0_0_IRQHandler
                0x08027120        0xc ./Dave/Generated/GLOBAL_DMA/global_dma_conf.o
                0x08027120                GPDMA0_0_IRQHandler
 .text.GPDMA1_0_IRQHandler
                0x0802712c        0xc ./Dave/Generated/GLOBAL_DMA/global_dma_conf.o
                0x0802712c                GPDMA1_0_IRQHandler
 .text.GLOBAL_CCU8_Init
                0x08027138       0x28 ./Dave/Generated/GLOBAL_CCU8/global_ccu8.o
                0x08027138                GLOBAL_CCU8_Init
 .text.GLOBAL_CCU4_Init
                0x08027160       0x28 ./Dave/Generated/GLOBAL_CCU4/global_ccu4.o
                0x08027160                GLOBAL_CCU4_Init
 .text.GLOBAL_ADC_Init
                0x08027188       0x6c ./Dave/Generated/GLOBAL_ADC/global_adc.o
                0x08027188                GLOBAL_ADC_Init
 .text.E_EEPROM_XMC4_Init
                0x080271f4      0x228 ./Dave/Generated/E_EEPROM_XMC4/e_eeprom_xmc4.o
                0x080271f4                E_EEPROM_XMC4_Init
 .text.E_EEPROM_XMC4_WriteArray
                0x0802741c       0xb4 ./Dave/Generated/E_EEPROM_XMC4/e_eeprom_xmc4.o
                0x0802741c                E_EEPROM_XMC4_WriteArray
 .text.E_EEPROM_XMC4_ReadArray
                0x080274d0       0x98 ./Dave/Generated/E_EEPROM_XMC4/e_eeprom_xmc4.o
                0x080274d0                E_EEPROM_XMC4_ReadArray
 .text.E_EEPROM_XMC4_UpdateFlashContents
                0x08027568      0x15c ./Dave/Generated/E_EEPROM_XMC4/e_eeprom_xmc4.o
                0x08027568                E_EEPROM_XMC4_UpdateFlashContents
 .text.E_EEPROM_XMC4_IsFlashEmpty
                0x080276c4       0x10 ./Dave/Generated/E_EEPROM_XMC4/e_eeprom_xmc4.o
                0x080276c4                E_EEPROM_XMC4_IsFlashEmpty
 .text.EVENT_GENERATOR_Init
                0x080276d4       0x24 ./Dave/Generated/EVENT_GENERATOR/event_generator.o
                0x080276d4                EVENT_GENERATOR_Init
 .text.EVENT_DETECTOR_Init
                0x080276f8       0x20 ./Dave/Generated/EVENT_DETECTOR/event_detector.o
                0x080276f8                EVENT_DETECTOR_Init
 .text.DMA_CH_Init
                0x08027718       0x48 ./Dave/Generated/DMA_CH/dma_ch.o
                0x08027718                DMA_CH_Init
 .text.DMA_CH_I1_reload
                0x08027760       0x38 ./Dave/Generated/DMA_CH/dma_ch_conf.o
                0x08027760                DMA_CH_I1_reload
 .text.DMA_CH_Q1_reload
                0x08027798       0x38 ./Dave/Generated/DMA_CH/dma_ch_conf.o
                0x08027798                DMA_CH_Q1_reload
 .text.DMA_CH_I2_reload
                0x080277d0       0x38 ./Dave/Generated/DMA_CH/dma_ch_conf.o
                0x080277d0                DMA_CH_I2_reload
 .text.DMA_CH_Q2_reload
                0x08027808       0x38 ./Dave/Generated/DMA_CH/dma_ch_conf.o
                0x08027808                DMA_CH_Q2_reload
 .text.DIGITAL_IO_Init
                0x08027840       0x1c ./Dave/Generated/DIGITAL_IO/digital_io.o
                0x08027840                DIGITAL_IO_Init
 .text.SystemCoreSetup
                0x0802785c       0x74 ./Dave/Generated/CPU_CTRL_XMC4/cpu_ctrl_xmc4_conf.o
                0x0802785c                SystemCoreSetup
 .text          0x080278d0       0xc0 ./Dave/Generated/CMSIS_DSP/TransformFunctions/arm_bitreversal2.o
                0x080278d0                arm_bitreversal_32
                0x0802793a                arm_bitreversal_16
 .text.arm_cfft_radix8by2_f32
                0x08027990      0x184 ./Dave/Generated/CMSIS_DSP/TransformFunctions/arm_cfft_f32.o
                0x08027990                arm_cfft_radix8by2_f32
 .text.arm_cfft_radix8by4_f32
                0x08027b14      0x480 ./Dave/Generated/CMSIS_DSP/TransformFunctions/arm_cfft_f32.o
                0x08027b14                arm_cfft_radix8by4_f32
 .text.arm_cfft_f32
                0x08027f94       0xf4 ./Dave/Generated/CMSIS_DSP/TransformFunctions/arm_cfft_f32.o
                0x08027f94                arm_cfft_f32
 .text.arm_radix8_butterfly_f32
                0x08028088      0x590 ./Dave/Generated/CMSIS_DSP/TransformFunctions/arm_cfft_radix8_f32.o
                0x08028088                arm_radix8_butterfly_f32
 .text.arm_max_f32
                0x08028618       0xd0 ./Dave/Generated/CMSIS_DSP/StatisticsFunctions/arm_max_f32.o
                0x08028618                arm_max_f32
 .text.arm_mean_f32
                0x080286e8       0x68 ./Dave/Generated/CMSIS_DSP/StatisticsFunctions/arm_mean_f32.o
                0x080286e8                arm_mean_f32
 .text.arm_cmplx_mag_f32
                0x08028750      0x1cc ./Dave/Generated/CMSIS_DSP/ComplexMathFunctions/arm_cmplx_mag_f32.o
                0x08028750                arm_cmplx_mag_f32
 .text.CLOCK_XMC4_Init
                0x0802891c        0x8 ./Dave/Generated/CLOCK_XMC4/clock_xmc4.o
                0x0802891c                CLOCK_XMC4_Init
 .text.OSCHP_GetFrequency
                0x08028924        0x8 ./Dave/Generated/CLOCK_XMC4/clock_xmc4.o
                0x08028924                OSCHP_GetFrequency
 .text.SystemCoreClockSetup
                0x0802892c       0x4c ./Dave/Generated/CLOCK_XMC4/clock_xmc4_conf.o
                0x0802892c                SystemCoreClockSetup
 .text.CCU4_SLICE_CONFIG_Init
                0x08028978        0x4 ./Dave/Generated/CCU4_SLICE_CONFIG/ccu4_slice_config.o
                0x08028978                CCU4_SLICE_CONFIG_Init
 .text.CCU4_SLICE_CONFIG_ADC_TRIG_lInit
                0x0802897c       0xa4 ./Dave/Generated/CCU4_SLICE_CONFIG/ccu4_slice_config_conf.o
 .text.ADC_MEASUREMENT_ADV_SoftwareTrigger
                0x08028a20       0x30 ./Dave/Generated/ADC_MEASUREMENT_ADV/adc_measurement_adv.o
                0x08028a20                ADC_MEASUREMENT_ADV_SoftwareTrigger
 .text.ADC_MEASUREMENT_ADV_Init
                0x08028a50      0x4b8 ./Dave/Generated/ADC_MEASUREMENT_ADV/adc_measurement_adv.o
                0x08028a50                ADC_MEASUREMENT_ADV_Init
 .text.ADC_MEASUREMENT_ADV_G1_event_config
                0x08028f08       0x10 ./Dave/Generated/ADC_MEASUREMENT_ADV/adc_measurement_adv_conf.o
 .text.ADC_MEASUREMENT_ADV_G2_event_config
                0x08028f18       0x10 ./Dave/Generated/ADC_MEASUREMENT_ADV/adc_measurement_adv_conf.o
 .text.ADC_MEASUREMENT_ADV_G3_event_config
                0x08028f28       0x10 ./Dave/Generated/ADC_MEASUREMENT_ADV/adc_measurement_adv_conf.o
 .text.ADC_MEASUREMENT_ADV_G4_event_config
                0x08028f38       0x10 ./Dave/Generated/ADC_MEASUREMENT_ADV/adc_measurement_adv_conf.o
 .text.DAVE_Init
                0x08028f48      0x20c ./Dave/Generated/DAVE.o
                0x08028f48                DAVE_Init
 .text.fft_init
                0x08029154       0x20 ./DSP_LIB/src/dsp_lib.o
                0x08029154                fft_init
 .text.compute_fft_signal
                0x08029174      0x210 ./DSP_LIB/src/dsp_lib.o
                0x08029174                compute_fft_signal
 .text.compute_fft_spectrum
                0x08029384        0xc ./DSP_LIB/src/dsp_lib.o
                0x08029384                compute_fft_spectrum
 .text.compute_angle
                0x08029390      0x398 ./DSP_LIB/src/dsp_lib.o
                0x08029390                compute_angle
 .text.bgt_init
                0x08029728       0x34 ./BSP/Position2Go/src/position2go_bgt.o
                0x08029728                bgt_init
 .text.bgt_start_tx
                0x0802975c        0x4 ./BSP/Position2Go/src/position2go_bgt.o
                0x0802975c                bgt_start_tx
 .text.bgt_stop_tx
                0x08029760        0x4 ./BSP/Position2Go/src/position2go_bgt.o
                0x08029760                bgt_stop_tx
 .text.bgt_power_up
                0x08029764       0x28 ./BSP/Position2Go/src/position2go_bgt.o
                0x08029764                bgt_power_up
 .text.bgt_power_down
                0x0802978c       0x38 ./BSP/Position2Go/src/position2go_bgt.o
                0x0802978c                bgt_power_down
 .text.bgt_set_tx_power
                0x080297c4        0x4 ./BSP/Position2Go/src/position2go_bgt.o
                0x080297c4                bgt_set_tx_power
 .text.bgt_lna_gain_enable
                0x080297c8        0x4 ./BSP/Position2Go/src/position2go_bgt.o
                0x080297c8                bgt_lna_gain_enable
 .text.bgt_lna_gain_disable
                0x080297cc        0x4 ./BSP/Position2Go/src/position2go_bgt.o
                0x080297cc                bgt_lna_gain_disable
 .text.bgt_ana_temp
                0x080297d0        0x4 ./BSP/Position2Go/src/position2go_bgt.o
                0x080297d0                bgt_ana_temp
 .text.bgt_ana_vout_tx
                0x080297d4        0x4 ./BSP/Position2Go/src/position2go_bgt.o
                0x080297d4                bgt_ana_vout_tx
 .text.bgt_ana_vref_tx
                0x080297d8        0x4 ./BSP/Position2Go/src/position2go_bgt.o
                0x080297d8                bgt_ana_vref_tx
 .text.bgt_get_ana_config
                0x080297dc        0x4 ./BSP/Position2Go/src/position2go_bgt.o
                0x080297dc                bgt_get_ana_config
 .text.bgt_lowest_power_with_q2_disable
                0x080297e0        0x8 ./BSP/Position2Go/src/position2go_bgt.o
                0x080297e0                bgt_lowest_power_with_q2_disable
 .text.bgt_ldo_enable
                0x080297e8       0x14 ./BSP/Position2Go/src/position2go_bgt.o
                0x080297e8                bgt_ldo_enable
 .text.bsp_init
                0x080297fc      0x2dc ./BSP/Position2Go/src/position2go_bsp.o
                0x080297fc                bsp_init
 .text.bsp_components_power_up
                0x08029ad8      0x15c ./BSP/Position2Go/src/position2go_bsp.o
                0x08029ad8                bsp_components_power_up
 .text.bsp_components_power_down
                0x08029c34       0x50 ./BSP/Position2Go/src/position2go_bsp.o
                0x08029c34                bsp_components_power_down
 .text.bsp_flash_write_data
                0x08029c84        0x4 ./BSP/Position2Go/src/position2go_bsp.o
                0x08029c84                bsp_flash_write_data
 .text.bsp_flash_read_data
                0x08029c88        0x4 ./BSP/Position2Go/src/position2go_bsp.o
                0x08029c88                bsp_flash_read_data
 .text.bsp_flash_flush_data
                0x08029c8c        0x4 ./BSP/Position2Go/src/position2go_bsp.o
                0x08029c8c                bsp_flash_flush_data
 .text.bsp_flash_is_empty
                0x08029c90        0x4 ./BSP/Position2Go/src/position2go_bsp.o
                0x08029c90                bsp_flash_is_empty
 .text.bsp_timer_stop_clear
                0x08029c94       0x18 ./BSP/Position2Go/src/position2go_bsp.o
                0x08029c94                bsp_timer_stop_clear
 .text.bsp_timer_start
                0x08029cac        0x4 ./BSP/Position2Go/src/position2go_bsp.o
                0x08029cac                bsp_timer_start
 .text.bsp_dma_set_destination_addr_from_acq_buf_obj
                0x08029cb0       0xb8 ./BSP/Position2Go/src/position2go_bsp.o
                0x08029cb0                bsp_dma_set_destination_addr_from_acq_buf_obj
 .text.bsp_trigger_new_frame
                0x08029d68      0x1d0 ./BSP/Position2Go/src/position2go_bsp.o
                0x08029d68                bsp_trigger_new_frame
 .text.CCU43_0_IRQHandler
                0x08029f38        0x4 ./BSP/Position2Go/src/position2go_bsp.o
                0x08029f38                CCU43_0_IRQHandler
 .text.DMA_Event_Handler
                0x08029f3c      0x254 ./BSP/Position2Go/src/position2go_bsp.o
                0x08029f3c                DMA_Event_Handler
 .text.bsp_usb_init
                0x0802a190       0x28 ./BSP/Position2Go/src/position2go_bsp.o
                0x0802a190                bsp_usb_init
 .text.bsp_bgt_get_temp_value
                0x0802a1b8        0xc ./BSP/Position2Go/src/position2go_bsp.o
                0x0802a1b8                bsp_bgt_get_temp_value
 .text.bsp_bgt_get_txpower_value
                0x0802a1c4        0xc ./BSP/Position2Go/src/position2go_bsp.o
                0x0802a1c4                bsp_bgt_get_txpower_value
 .text.bsp_set_num_samples_per_dma_transfer
                0x0802a1d0        0xc ./BSP/Position2Go/src/position2go_bsp.o
                0x0802a1d0                bsp_set_num_samples_per_dma_transfer
 .text.bsp_set_num_chirps_per_frame
                0x0802a1dc        0x4 ./BSP/Position2Go/src/position2go_bsp.o
                0x0802a1dc                bsp_set_num_chirps_per_frame
 .text.bsp_get_frame_counter
                0x0802a1e0        0xc ./BSP/Position2Go/src/position2go_bsp.o
                0x0802a1e0                bsp_get_frame_counter
 .text.bsp_reset_frame_counter
                0x0802a1ec        0xc ./BSP/Position2Go/src/position2go_bsp.o
                0x0802a1ec                bsp_reset_frame_counter
 .text.bsp_set_duty_cycle_enable_flag
                0x0802a1f8        0xc ./BSP/Position2Go/src/position2go_bsp.o
                0x0802a1f8                bsp_set_duty_cycle_enable_flag
 .text.bsp_register_callback
                0x0802a204       0x24 ./BSP/Position2Go/src/position2go_bsp.o
                0x0802a204                bsp_register_callback
 .text.bsp_led_on
                0x0802a228       0x14 ./BSP/Position2Go/src/position2go_bsp.o
                0x0802a228                bsp_led_on
 .text.bsp_led_off
                0x0802a23c       0x14 ./BSP/Position2Go/src/position2go_bsp.o
                0x0802a23c                bsp_led_off
 .text.CCU43_1_IRQHandler
                0x0802a250       0x34 ./BSP/Position2Go/src/position2go_bsp.o
                0x0802a250                CCU43_1_IRQHandler
 .text.pga_init
                0x0802a284        0x4 ./BSP/Position2Go/src/position2go_pga.o
                0x0802a284                pga_init
 .text.pga_set_gain
                0x0802a288        0x4 ./BSP/Position2Go/src/position2go_pga.o
                0x0802a288                pga_set_gain
 .text.pga_ldo_enable
                0x0802a28c       0x28 ./BSP/Position2Go/src/position2go_pga.o
                0x0802a28c                pga_ldo_enable
 *fill*         0x0802a2b4        0x4 
 .text.pll_init
                0x0802a2b8       0xe8 ./BSP/Position2Go/src/position2go_pll.o
                0x0802a2b8                pll_init
 .text.pll_configure_ramps
                0x0802a3a0      0x1b0 ./BSP/Position2Go/src/position2go_pll.o
                0x0802a3a0                pll_configure_ramps
 .text.pll_enable_ramps
                0x0802a550        0x8 ./BSP/Position2Go/src/position2go_pll.o
                0x0802a550                pll_enable_ramps
 .text.pll_disable_ramps
                0x0802a558        0x8 ./BSP/Position2Go/src/position2go_pll.o
                0x0802a558                pll_disable_ramps
 .text.pll_trigger_ramp
                0x0802a560        0x4 ./BSP/Position2Go/src/position2go_pll.o
                0x0802a560                pll_trigger_ramp
 .text.pll_release_ramp_trigger
                0x0802a564        0x4 ./BSP/Position2Go/src/position2go_pll.o
                0x0802a564                pll_release_ramp_trigger
 .text.pll_power_up
                0x0802a568        0x4 ./BSP/Position2Go/src/position2go_pll.o
                0x0802a568                pll_power_up
 .text.pll_power_down
                0x0802a56c        0x4 ./BSP/Position2Go/src/position2go_pll.o
                0x0802a56c                pll_power_down
 .text.pll_update_configuration
                0x0802a570       0x48 ./BSP/Position2Go/src/position2go_pll.o
                0x0802a570                pll_update_configuration
 .text.pll_set_update_config_flag
                0x0802a5b8       0x14 ./BSP/Position2Go/src/position2go_pll.o
                0x0802a5b8                pll_set_update_config_flag
 .text.pll_get_update_config_flag
                0x0802a5cc        0xc ./BSP/Position2Go/src/position2go_pll.o
                0x0802a5cc                pll_get_update_config_flag
 .text.pll_set_frequency
                0x0802a5d8       0x60 ./BSP/Position2Go/src/position2go_pll.o
                0x0802a5d8                pll_set_frequency
 .text.pll_set_upper_lower_frequency
                0x0802a638       0x70 ./BSP/Position2Go/src/position2go_pll.o
                0x0802a638                pll_set_upper_lower_frequency
 .text.pll_set_num_chirps_per_frame
                0x0802a6a8        0xc ./BSP/Position2Go/src/position2go_pll.o
                0x0802a6a8                pll_set_num_chirps_per_frame
 .text.pll_set_bandwidth
                0x0802a6b4        0xc ./BSP/Position2Go/src/position2go_pll.o
                0x0802a6b4                pll_set_bandwidth
 .text.pll_set_chirp_time
                0x0802a6c0        0xc ./BSP/Position2Go/src/position2go_pll.o
                0x0802a6c0                pll_set_chirp_time
 .text.spi_transmit_data
                0x0802a6cc       0xac ./BSP/Position2Go/src/position2go_spi.o
                0x0802a6cc                spi_transmit_data
 .text.com_init
                0x0802a778        0x4 ./BSP/Position2Go/src/stream_interface_usb.o
                0x0802a778                com_init
 .text.com_send_data
                0x0802a77c        0x4 ./BSP/Position2Go/src/stream_interface_usb.o
                0x0802a77c                com_send_data
 .text.com_get_data
                0x0802a780       0x20 ./BSP/Position2Go/src/stream_interface_usb.o
                0x0802a780                com_get_data
 .text.com_flush
                0x0802a7a0        0xc ./BSP/Position2Go/src/stream_interface_usb.o
                0x0802a7a0                com_flush
 .text.pga112_init
                0x0802a7ac       0x74 ./BSP/Components/pga112/src/pga112.o
                0x0802a7ac                pga112_init
 .text.pga112_set_gain
                0x0802a820       0x5c ./BSP/Components/pga112/src/pga112.o
                0x0802a820                pga112_set_gain
 .text.lmx249x_init
                0x0802a87c      0x19c ./BSP/Components/lmx249x/src/lmx249x.o
                0x0802a87c                lmx249x_init
 .text.lmx249x_set_power_state
                0x0802aa18       0x24 ./BSP/Components/lmx249x/src/lmx249x.o
                0x0802aa18                lmx249x_set_power_state
 .text.lmx249x_set_frequency
                0x0802aa3c       0xd0 ./BSP/Components/lmx249x/src/lmx249x.o
                0x0802aa3c                lmx249x_set_frequency
 .text.lmx249x_configure_ramps
                0x0802ab0c      0x438 ./BSP/Components/lmx249x/src/lmx249x.o
                0x0802ab0c                lmx249x_configure_ramps
 .text.lmx249x_enable_ramps
                0x0802af44       0x30 ./BSP/Components/lmx249x/src/lmx249x.o
                0x0802af44                lmx249x_enable_ramps
 .text.lmx249x_get_real_frequency_shift
                0x0802af74       0x8c ./BSP/Components/lmx249x/src/lmx249x.o
                0x0802af74                lmx249x_get_real_frequency_shift
 .text.lmx249x_trigger_ramp
                0x0802b000       0x28 ./BSP/Components/lmx249x/src/lmx249x.o
                0x0802b000                lmx249x_trigger_ramp
 .text.lmx249x_release_ramp_trigger
                0x0802b028       0x14 ./BSP/Components/lmx249x/src/lmx249x.o
                0x0802b028                lmx249x_release_ramp_trigger
 .text.lmx249x_power_up
                0x0802b03c       0x14 ./BSP/Components/lmx249x/src/lmx249x.o
                0x0802b03c                lmx249x_power_up
 .text.lmx249x_power_down
                0x0802b050       0x14 ./BSP/Components/lmx249x/src/lmx249x.o